<html>
<body>
<pre>
<h1>µVision Build Log</h1>
<h2>Tool Versions:</h2>
IDE-Version: ¦ÌVision V5.36.0.0
Copyright (C) 2021 ARM Ltd and ARM Germany GmbH. All rights reserved.
License Information: lzh,   , LIC=03C6R-KQ8LE-63MMB-2SSD6-XFR8E-4IIH5
 
Tool Versions:
Toolchain:       MDK-ARM Plus  Version: 5.36.0.0
Toolchain Path:  D:\yehuo\ARM\ARMCC\Bin
C Compiler:      Armcc.exe V5.06 update 7 (build 960)
Assembler:       Armasm.exe V5.06 update 7 (build 960)
Linker/Locator:  ArmLink.exe V5.06 update 7 (build 960)
Library Manager: ArmAr.exe V5.06 update 7 (build 960)
Hex Converter:   FromElf.exe V5.06 update 7 (build 960)
CPU DLL:         SARMCM3.DLL V5.36.0.0
Dialog DLL:      DCM.DLL V1.17.3.0
Target DLL:      CMSIS_AGDI.dll V1.33.0.0
Dialog DLL:      TCM.DLL V1.53.0.0
 
<h2>Project:</h2>
c:\Users\lzh33\Desktop\target_vehicle\MDK-ARM\target_vehicle.uvprojx
Project File Date:  07/22/2026

<h2>Output:</h2>
*** Using Compiler 'V5.06 update 7 (build 960)', folder: 'D:\yehuo\ARM\ARMCC\Bin'
Build target 'target_vehicle'
compiling ZDT_X57_v2motor.c...
compiling freertos.c...
../Core/Src/freertos.c(282): warning:  #177-D: variable "zdt_target"  was declared but never referenced
    static int32_t zdt_target[2] = {0, 0};
../Core/Src/freertos.c(285): warning:  #550-D: variable "zdt_allow"  was set but never used
    static uint8_t zdt_allow = 0;
../Core/Src/freertos.c: 2 warnings, 0 errors
linking...
Program Size: Code=40960 RO-data=22464 RW-data=416 ZI-data=20848  
FromELF: creating hex file...
"target_vehicle\target_vehicle.axf" - 0 Error(s), 2 Warning(s).

<h2>Software Packages used:</h2>

Package Vendor: ARM
                http://www.keil.com/pack/ARM.CMSIS.5.8.0.pack
                ARM.CMSIS.5.8.0
                CMSIS (Common Microcontroller Software Interface Standard)
   * Component: CORE Version: 5.5.0

Package Vendor: Keil
                https://www.keil.com/pack/Keil.STM32H7xx_DFP.4.1.3.pack
                Keil.STM32H7xx_DFP.4.1.3
                STMicroelectronics STM32H7 Series Device Support

<h2>Collection of Component include folders:</h2>
  .\RTE\_target_vehicle
  D:\yehuo\ARM\CMSIS\5.8.0\CMSIS\Core\Include

<h2>Collection of Component Files used:</h2>

   * Component: ARM::CMSIS:CORE:5.5.0
      Include file:  CMSIS\Core\Include\tz_context.h
Build Time Elapsed:  00:00:08
</pre>
</body>
</html>
