Component: ARM Compiler 5.06 update 7 (build 960) Tool: armlink [4d3601]

==============================================================================

Section Cross References

    startup_stm32h723xx.o(RESET) refers to startup_stm32h723xx.o(STACK) for __initial_sp
    startup_stm32h723xx.o(RESET) refers to startup_stm32h723xx.o(.text) for Reset_Handler
    startup_stm32h723xx.o(RESET) refers to stm32h7xx_it.o(i.NMI_Handler) for NMI_Handler
    startup_stm32h723xx.o(RESET) refers to stm32h7xx_it.o(i.HardFault_Handler) for HardFault_Handler
    startup_stm32h723xx.o(RESET) refers to stm32h7xx_it.o(i.MemManage_Handler) for MemManage_Handler
    startup_stm32h723xx.o(RESET) refers to stm32h7xx_it.o(i.BusFault_Handler) for BusFault_Handler
    startup_stm32h723xx.o(RESET) refers to stm32h7xx_it.o(i.UsageFault_Handler) for UsageFault_Handler
    startup_stm32h723xx.o(RESET) refers to port.o(.emb_text) for SVC_Handler
    startup_stm32h723xx.o(RESET) refers to stm32h7xx_it.o(i.DebugMon_Handler) for DebugMon_Handler
    startup_stm32h723xx.o(RESET) refers to cmsis_os2.o(i.SysTick_Handler) for SysTick_Handler
    startup_stm32h723xx.o(RESET) refers to stm32h7xx_it.o(i.FDCAN1_IT0_IRQHandler) for FDCAN1_IT0_IRQHandler
    startup_stm32h723xx.o(RESET) refers to stm32h7xx_it.o(i.EXTI9_5_IRQHandler) for EXTI9_5_IRQHandler
    startup_stm32h723xx.o(RESET) refers to stm32h7xx_it.o(i.TIM1_UP_IRQHandler) for TIM1_UP_IRQHandler
    startup_stm32h723xx.o(RESET) refers to stm32h7xx_it.o(i.UART5_IRQHandler) for UART5_IRQHandler
    startup_stm32h723xx.o(RESET) refers to stm32h7xx_it.o(i.TIM6_DAC_IRQHandler) for TIM6_DAC_IRQHandler
    startup_stm32h723xx.o(.text) refers to system_stm32h7xx.o(i.ExitRun0Mode) for ExitRun0Mode
    startup_stm32h723xx.o(.text) refers to system_stm32h7xx.o(i.SystemInit) for SystemInit
    startup_stm32h723xx.o(.text) refers to entry.o(.ARM.Collect$$$$00000000) for __main
    drv_damiao6220.o(i.DRV6220_Control_Torque) refers to stm32h7xx_hal_fdcan.o(i.HAL_FDCAN_AddMessageToTxFifoQ) for HAL_FDCAN_AddMessageToTxFifoQ
    drv_damiao6220.o(i.DRV6220_Control_Torque) refers to fdcan.o(.bss) for hfdcan1
    drv_damiao6220.o(i.DRV6220_Disable_Motor) refers to stm32h7xx_hal_fdcan.o(i.HAL_FDCAN_AddMessageToTxFifoQ) for HAL_FDCAN_AddMessageToTxFifoQ
    drv_damiao6220.o(i.DRV6220_Disable_Motor) refers to fdcan.o(.bss) for hfdcan1
    drv_damiao6220.o(i.DRV6220_Enable_Motor) refers to stm32h7xx_hal_fdcan.o(i.HAL_FDCAN_AddMessageToTxFifoQ) for HAL_FDCAN_AddMessageToTxFifoQ
    drv_damiao6220.o(i.DRV6220_Enable_Motor) refers to fdcan.o(.bss) for hfdcan1
    drv_damiao6220.o(i.Prase_Motor_Feedback) refers to printf8.o(i.__0printf$8) for __2printf
    drv_damiao6220.o(i.Prase_Motor_Feedback) refers to drv_damiao6220.o(.bss) for .bss
    6220pid.o(i.get_pid_mode) refers to 6220pid.o(.data) for .data
    6220pid.o(i.set_pid_mode) refers to 6220pid.o(.data) for .data
    6220pid.o(i.set_position) refers to 6220pid.o(.data) for .data
    6220pid.o(i.set_velocity) refers to 6220pid.o(.data) for .data
    6220pid.o(i.update_pid) refers to cmsis_os2.o(i.osKernelGetTickCount) for osKernelGetTickCount
    6220pid.o(i.update_pid) refers to 6220pid.o(i.Feedforward_Friction) for Feedforward_Friction
    6220pid.o(i.update_pid) refers to 6220pid.o(.data) for .data
    6220pid.o(i.update_pid) refers to drv_damiao6220.o(.bss) for motor_movestate
    zdt_x57_v2motor.o(i.ArmorPlate_Homing) refers to cmsis_os2.o(i.osDelay) for osDelay
    zdt_x57_v2motor.o(i.ArmorPlate_Homing) refers to zdt_x57_v2motor.o(i.ZDT_Trigger_Collision_Homing) for ZDT_Trigger_Collision_Homing
    zdt_x57_v2motor.o(i.ArmorPlate_Homing) refers to zdt_x57_v2motor.o(i.ZDT_Request_Homing_Status) for ZDT_Request_Homing_Status
    zdt_x57_v2motor.o(i.ArmorPlate_Homing) refers to printf8.o(i.__0printf$8) for __2printf
    zdt_x57_v2motor.o(i.ArmorPlate_Homing) refers to zdt_x57_v2motor.o(i.ZDT_Force_Stop_Homing) for ZDT_Force_Stop_Homing
    zdt_x57_v2motor.o(i.ArmorPlate_Homing) refers to freertos.o(.bss) for zdt_motor
    zdt_x57_v2motor.o(i.Save_Both_Motors_To_Flash) refers to memseta.o(.text) for __aeabi_memset
    zdt_x57_v2motor.o(i.Save_Both_Motors_To_Flash) refers to stm32h7xx_hal_flash.o(i.HAL_FLASH_Unlock) for HAL_FLASH_Unlock
    zdt_x57_v2motor.o(i.Save_Both_Motors_To_Flash) refers to stm32h7xx_hal_flash_ex.o(i.HAL_FLASHEx_Erase) for HAL_FLASHEx_Erase
    zdt_x57_v2motor.o(i.Save_Both_Motors_To_Flash) refers to stm32h7xx_hal_flash.o(i.HAL_FLASH_Lock) for HAL_FLASH_Lock
    zdt_x57_v2motor.o(i.Save_Both_Motors_To_Flash) refers to stm32h7xx_hal_flash.o(i.HAL_FLASH_Program) for HAL_FLASH_Program
    zdt_x57_v2motor.o(i.Save_Both_Motors_To_Flash) refers to zdt_x57_v2motor.o(.bss) for .bss
    zdt_x57_v2motor.o(i.ZDT_ArmorPlate_Move) refers to stm32h7xx_hal_fdcan.o(i.HAL_FDCAN_AddMessageToTxFifoQ) for HAL_FDCAN_AddMessageToTxFifoQ
    zdt_x57_v2motor.o(i.ZDT_ArmorPlate_Move) refers to zdt_x57_v2motor.o(i.ZDT_Request_Position) for ZDT_Request_Position
[...]
    I2C3_ER_IRQHandler                       0x080003c3   Thumb Code     0  startup_stm32h723xx.o(.text)
    I2C3_EV_IRQHandler                       0x080003c3   Thumb Code     0  startup_stm32h723xx.o(.text)
    I2C4_ER_IRQHandler                       0x080003c3   Thumb Code     0  startup_stm32h723xx.o(.text)
    I2C4_EV_IRQHandler                       0x080003c3   Thumb Code     0  startup_stm32h723xx.o(.text)
    I2C5_ER_IRQHandler                       0x080003c3   Thumb Code     0  startup_stm32h723xx.o(.text)
    I2C5_EV_IRQHandler                       0x080003c3   Thumb Code     0  startup_stm32h723xx.o(.text)
    LPTIM1_IRQHandler                        0x080003c3   Thumb Code     0  startup_stm32h723xx.o(.text)
    LPTIM2_IRQHandler                        0x080003c3   Thumb Code     0  startup_stm32h723xx.o(.text)
    LPTIM3_IRQHandler                        0x080003c3   Thumb Code     0  startup_stm32h723xx.o(.text)
    LPTIM4_IRQHandler                        0x080003c3   Thumb Code     0  startup_stm32h723xx.o(.text)
    LPTIM5_IRQHandler                        0x080003c3   Thumb Code     0  startup_stm32h723xx.o(.text)
    LPUART1_IRQHandler                       0x080003c3   Thumb Code     0  startup_stm32h723xx.o(.text)
    LTDC_ER_IRQHandler                       0x080003c3   Thumb Code     0  startup_stm32h723xx.o(.text)
    LTDC_IRQHandler                          0x080003c3   Thumb Code     0  startup_stm32h723xx.o(.text)
    MDIOS_IRQHandler                         0x080003c3   Thumb Code     0  startup_stm32h723xx.o(.text)
    MDIOS_WKUP_IRQHandler                    0x080003c3   Thumb Code     0  startup_stm32h723xx.o(.text)
    MDMA_IRQHandler                          0x080003c3   Thumb Code     0  startup_stm32h723xx.o(.text)
    OCTOSPI1_IRQHandler                      0x080003c3   Thumb Code     0  startup_stm32h723xx.o(.text)
    OCTOSPI2_IRQHandler                      0x080003c3   Thumb Code     0  startup_stm32h723xx.o(.text)
    OTG_HS_EP1_IN_IRQHandler                 0x080003c3   Thumb Code     0  startup_stm32h723xx.o(.text)
    OTG_HS_EP1_OUT_IRQHandler                0x080003c3   Thumb Code     0  startup_stm32h723xx.o(.text)
    OTG_HS_IRQHandler                        0x080003c3   Thumb Code     0  startup_stm32h723xx.o(.text)
    OTG_HS_WKUP_IRQHandler                   0x080003c3   Thumb Code     0  startup_stm32h723xx.o(.text)
    PVD_AVD_IRQHandler                       0x080003c3   Thumb Code     0  startup_stm32h723xx.o(.text)
    RCC_IRQHandler                           0x080003c3   Thumb Code     0  startup_stm32h723xx.o(.text)
    RNG_IRQHandler                           0x080003c3   Thumb Code     0  startup_stm32h723xx.o(.text)
    RTC_Alarm_IRQHandler                     0x080003c3   Thumb Code     0  startup_stm32h723xx.o(.text)
    RTC_WKUP_IRQHandler                      0x080003c3   Thumb Code     0  startup_stm32h723xx.o(.text)
    SAI1_IRQHandler                          0x080003c3   Thumb Code     0  startup_stm32h723xx.o(.text)
    SAI4_IRQHandler                          0x080003c3   Thumb Code     0  startup_stm32h723xx.o(.text)
    SDMMC1_IRQHandler                        0x080003c3   Thumb Code     0  startup_stm32h723xx.o(.text)
    SDMMC2_IRQHandler                        0x080003c3   Thumb Code     0  startup_stm32h723xx.o(.text)
    SPDIF_RX_IRQHandler                      0x080003c3   Thumb Code     0  startup_stm32h723xx.o(.text)
    SPI1_IRQHandler                          0x080003c3   Thumb Code     0  startup_stm32h723xx.o(.text)
    SPI2_IRQHandler                          0x080003c3   Thumb Code     0  startup_stm32h723xx.o(.text)
    SPI3_IRQHandler                          0x080003c3   Thumb Code     0  startup_stm32h723xx.o(.text)
    SPI4_IRQHandler                          0x080003c3   Thumb Code     0  startup_stm32h723xx.o(.text)
    SPI5_IRQHandler                          0x080003c3   Thumb Code     0  startup_stm32h723xx.o(.text)
    SPI6_IRQHandler                          0x080003c3   Thumb Code     0  startup_stm32h723xx.o(.text)
    SWPMI1_IRQHandler                        0x080003c3   Thumb Code     0  startup_stm32h723xx.o(.text)
    TAMP_STAMP_IRQHandler                    0x080003c3   Thumb Code     0  startup_stm32h723xx.o(.text)
    TIM15_IRQHandler                         0x080003c3   Thumb Code     0  startup_stm32h723xx.o(.text)
    TIM16_IRQHandler                         0x080003c3   Thumb Code     0  startup_stm32h723xx.o(.text)
    TIM17_IRQHandler                         0x080003c3   Thumb Code     0  startup_stm32h723xx.o(.text)
    TIM1_BRK_IRQHandler                      0x080003c3   Thumb Code     0  startup_stm32h723xx.o(.text)
    TIM1_CC_IRQHandler                       0x080003c3   Thumb Code     0  startup_stm32h723xx.o(.text)
    TIM1_TRG_COM_IRQHandler                  0x080003c3   Thumb Code     0  startup_stm32h723xx.o(.text)
    TIM23_IRQHandler                         0x080003c3   Thumb Code     0  startup_stm32h723xx.o(.text)
    TIM24_IRQHandler                         0x080003c3   Thumb Code     0  startup_stm32h723xx.o(.text)
    TIM2_IRQHandler                          0x080003c3   Thumb Code     0  startup_stm32h723xx.o(.text)
    TIM3_IRQHandler                          0x080003c3   Thumb Code     0  startup_stm32h723xx.o(.text)
    TIM4_IRQHandler                          0x080003c3   Thumb Code     0  startup_stm32h723xx.o(.text)
    TIM5_IRQHandler                          0x080003c3   Thumb Code     0  startup_stm32h723xx.o(.text)
    TIM7_IRQHandler                          0x080003c3   Thumb Code     0  startup_stm32h723xx.o(.text)
    TIM8_BRK_TIM12_IRQHandler                0x080003c3   Thumb Code     0  startup_stm32h723xx.o(.text)
    TIM8_CC_IRQHandler                       0x080003c3   Thumb Code     0  startup_stm32h723xx.o(.text)
    TIM8_TRG_COM_TIM14_IRQHandler            0x080003c3   Thumb Code     0  startup_stm32h723xx.o(.text)
    TIM8_UP_TIM13_IRQHandler                 0x080003c3   Thumb Code     0  startup_stm32h723xx.o(.text)
    UART4_IRQHandler                         0x080003c3   Thumb Code     0  startup_stm32h723xx.o(.text)
    UART7_IRQHandler                         0x080003c3   Thumb Code     0  startup_stm32h723xx.o(.text)
    UART8_IRQHandler                         0x080003c3   Thumb Code     0  startup_stm32h723xx.o(.text)
    UART9_IRQHandler                         0x080003c3   Thumb Code     0  startup_stm32h723xx.o(.text)
    USART10_IRQHandler                       0x080003c3   Thumb Code     0  startup_stm32h723xx.o(.text)
    USART1_IRQHandler                        0x080003c3   Thumb Code     0  startup_stm32h723xx.o(.text)
    USART2_IRQHandler                        0x080003c3   Thumb Code     0  startup_stm32h723xx.o(.text)
    USART3_IRQHandler                        0x080003c3   Thumb Code     0  startup_stm32h723xx.o(.text)
    USART6_IRQHandler                        0x080003c3   Thumb Code     0  startup_stm32h723xx.o(.text)
    WAKEUP_PIN_IRQHandler                    0x080003c3   Thumb Code     0  startup_stm32h723xx.o(.text)
    WWDG_IRQHandler                          0x080003c3   Thumb Code     0  startup_stm32h723xx.o(.text)
    __aeabi_uldivmod                         0x080003d1   Thumb Code    98  uldiv.o(.text)
    __aeabi_memcpy                           0x08000433   Thumb Code    36  memcpya.o(.text)
    __aeabi_memcpy4                          0x08000433   Thumb Code     0  memcpya.o(.text)
    __aeabi_memcpy8                          0x08000433   Thumb Code     0  memcpya.o(.text)
    __aeabi_memset                           0x08000457   Thumb Code    14  memseta.o(.text)
    __aeabi_memset4                          0x08000457   Thumb Code     0  memseta.o(.text)
    __aeabi_memset8                          0x08000457   Thumb Code     0  memseta.o(.text)
    __aeabi_memclr                           0x08000465   Thumb Code     4  memseta.o(.text)
    __aeabi_memclr4                          0x08000465   Thumb Code     0  memseta.o(.text)
    __aeabi_memclr8                          0x08000465   Thumb Code     0  memseta.o(.text)
    memset                                   0x08000469   Thumb Code    18  memseta.o(.text)
    __aeabi_llsl                             0x0800047b   Thumb Code    30  llshl.o(.text)
    _ll_shift_l                              0x0800047b   Thumb Code     0  llshl.o(.text)
    __aeabi_llsr                             0x08000499   Thumb Code    32  llushr.o(.text)
    _ll_ushift_r                             0x08000499   Thumb Code     0  llushr.o(.text)
    __scatterload                            0x080004b9   Thumb Code    28  init.o(.text)
    __scatterload_rt2                        0x080004b9   Thumb Code     0  init.o(.text)
    __decompress                             0x080004dd   Thumb Code     0  __dczerorl2.o(.text)
    __decompress1                            0x080004dd   Thumb Code    86  __dczerorl2.o(.text)
    ArmorPlate_Homing                        0x08000535   Thumb Code   138  zdt_x57_v2motor.o(i.ArmorPlate_Homing)
    BusFault_Handler                         0x08000651   Thumb Code     2  stm32h7xx_it.o(i.BusFault_Handler)
    Chassis_Movement                         0x08000655   Thumb Code    30  chassis.o(i.Chassis_Movement)
    DRV6220_Control_Torque                   0x08000679   Thumb Code   168  drv_damiao6220.o(i.DRV6220_Control_Torque)
    DRV6220_Enable_Motor                     0x0800073d   Thumb Code    76  drv_damiao6220.o(i.DRV6220_Enable_Motor)
    DebugMon_Handler                         0x0800078d   Thumb Code     2  stm32h7xx_it.o(i.DebugMon_Handler)
    EXTI9_5_IRQHandler                       0x0800078f   Thumb Code     6  stm32h7xx_it.o(i.EXTI9_5_IRQHandler)
    Error_Handler                            0x08000795   Thumb Code     4  main.o(i.Error_Handler)
    ExitRun0Mode                             0x08000799   Thumb Code    22  system_stm32h7xx.o(i.ExitRun0Mode)
    FDCAN1_IT0_IRQHandler                    0x080007b5   Thumb Code     6  stm32h7xx_it.o(i.FDCAN1_IT0_IRQHandler)
    FLASH_Erase_Sector                       0x08000a05   Thumb Code    32  stm32h7xx_hal_flash_ex.o(i.FLASH_Erase_Sector)
    FLASH_WaitForLastOperation               0x08000a4d   Thumb Code   108  stm32h7xx_hal_flash.o(i.FLASH_WaitForLastOperation)
    Feedforward_Friction                     0x08000ac5   Thumb Code    42  6220pid.o(i.Feedforward_Friction)
    HAL_DMA_Abort                            0x08000b05   Thumb Code   836  stm32h7xx_hal_dma.o(i.HAL_DMA_Abort)
    HAL_DMA_Abort_IT                         0x08000e65   Thumb Code   498  stm32h7xx_hal_dma.o(i.HAL_DMA_Abort_IT)
    HAL_Delay                                0x08001081   Thumb Code    32  stm32h7xx_hal.o(i.HAL_Delay)
    HAL_FDCAN_ActivateNotification           0x080010a5   Thumb Code   126  stm32h7xx_hal_fdcan.o(i.HAL_FDCAN_ActivateNotification)
    HAL_FDCAN_AddMessageToTxFifoQ            0x0800112d   Thumb Code   102  stm32h7xx_hal_fdcan.o(i.HAL_FDCAN_AddMessageToTxFifoQ)
    HAL_FDCAN_ClockCalibrationCallback       0x08001193   Thumb Code     2  stm32h7xx_hal_fdcan.o(i.HAL_FDCAN_ClockCalibrationCallback)
    HAL_FDCAN_ConfigFifoWatermark            0x08001195   Thumb Code    90  stm32h7xx_hal_fdcan.o(i.HAL_FDCAN_ConfigFifoWatermark)
    HAL_FDCAN_ConfigFilter                   0x080011ef   Thumb Code   126  stm32h7xx_hal_fdcan.o(i.HAL_FDCAN_ConfigFilter)
    HAL_FDCAN_ConfigGlobalFilter             0x0800126d   Thumb Code    50  stm32h7xx_hal_fdcan.o(i.HAL_FDCAN_ConfigGlobalFilter)
    HAL_FDCAN_ErrorCallback                  0x0800129f   Thumb Code     2  stm32h7xx_hal_fdcan.o(i.HAL_FDCAN_ErrorCallback)
    HAL_FDCAN_ErrorStatusCallback            0x080012a1   Thumb Code    16  fdcan.o(i.HAL_FDCAN_ErrorStatusCallback)
    HAL_FDCAN_GetRxMessage                   0x080012b1   Thumb Code   412  stm32h7xx_hal_fdcan.o(i.HAL_FDCAN_GetRxMessage)
    HAL_FDCAN_HighPriorityMessageCallback    0x08001451   Thumb Code     2  stm32h7xx_hal_fdcan.o(i.HAL_FDCAN_HighPriorityMessageCallback)
    HAL_FDCAN_IRQHandler                     0x08001455   Thumb Code   788  stm32h7xx_hal_fdcan.o(i.HAL_FDCAN_IRQHandler)
    HAL_FDCAN_Init                           0x08001775   Thumb Code   572  stm32h7xx_hal_fdcan.o(i.HAL_FDCAN_Init)
    HAL_FDCAN_MspInit                        0x080019b9   Thumb Code   140  fdcan.o(i.HAL_FDCAN_MspInit)
    HAL_FDCAN_RxBufferNewMessageCallback     0x08001a51   Thumb Code     2  stm32h7xx_hal_fdcan.o(i.HAL_FDCAN_RxBufferNewMessageCallback)
    HAL_FDCAN_RxFifo0Callback                0x08001a55   Thumb Code   264  fdcan.o(i.HAL_FDCAN_RxFifo0Callback)
    HAL_FDCAN_RxFifo1Callback                0x08001b75   Thumb Code     2  stm32h7xx_hal_fdcan.o(i.HAL_FDCAN_RxFifo1Callback)
    HAL_FDCAN_Start                          0x08001b77   Thumb Code    50  stm32h7xx_hal_fdcan.o(i.HAL_FDCAN_Start)
    HAL_FDCAN_TT_GlobalTimeCallback          0x08001ba9   Thumb Code     2  stm32h7xx_hal_fdcan.o(i.HAL_FDCAN_TT_GlobalTimeCallback)
    HAL_FDCAN_TT_ScheduleSyncCallback        0x08001bab   Thumb Code     2  stm32h7xx_hal_fdcan.o(i.HAL_FDCAN_TT_ScheduleSyncCallback)
    HAL_FDCAN_TT_StopWatchCallback           0x08001bad   Thumb Code     2  stm32h7xx_hal_fdcan.o(i.HAL_FDCAN_TT_StopWatchCallback)
    HAL_FDCAN_TT_TimeMarkCallback            0x08001baf   Thumb Code     2  stm32h7xx_hal_fdcan.o(i.HAL_FDCAN_TT_TimeMarkCallback)
    HAL_FDCAN_TimeoutOccurredCallback        0x08001bb1   Thumb Code     2  stm32h7xx_hal_fdcan.o(i.HAL_FDCAN_TimeoutOccurredCallback)
    HAL_FDCAN_TimestampWraparoundCallback    0x08001bb3   Thumb Code     2  stm32h7xx_hal_fdcan.o(i.HAL_FDCAN_TimestampWraparoundCallback)
    HAL_FDCAN_TxBufferAbortCallback          0x08001bb5   Thumb Code     2  stm32h7xx_hal_fdcan.o(i.HAL_FDCAN_TxBufferAbortCallback)
    HAL_FDCAN_TxBufferCompleteCallback       0x08001bb7   Thumb Code     2  stm32h7xx_hal_fdcan.o(i.HAL_FDCAN_TxBufferCompleteCallback)
    HAL_FDCAN_TxEventFifoCallback            0x08001bb9   Thumb Code     2  stm32h7xx_hal_fdcan.o(i.HAL_FDCAN_TxEventFifoCallback)
    HAL_FDCAN_TxFifoEmptyCallback            0x08001bbb   Thumb Code     2  stm32h7xx_hal_fdcan.o(i.HAL_FDCAN_TxFifoEmptyCallback)
    HAL_FLASHEx_Erase                        0x08001bbd   Thumb Code   186  stm32h7xx_hal_flash_ex.o(i.HAL_FLASHEx_Erase)
    HAL_FLASH_Lock                           0x08001c81   Thumb Code    24  stm32h7xx_hal_flash.o(i.HAL_FLASH_Lock)
    HAL_FLASH_Program                        0x08001c9d   Thumb Code   138  stm32h7xx_hal_flash.o(i.HAL_FLASH_Program)
    HAL_FLASH_Unlock                         0x08001d31   Thumb Code    30  stm32h7xx_hal_flash.o(i.HAL_FLASH_Unlock)
    HAL_GPIO_EXTI_Callback                   0x08001d5d   Thumb Code    64  gpio.o(i.HAL_GPIO_EXTI_Callback)
    HAL_GPIO_EXTI_IRQHandler                 0x08001da5   Thumb Code    24  stm32h7xx_hal_gpio.o(i.HAL_GPIO_EXTI_IRQHandler)
    HAL_GPIO_Init                            0x08001dbd   Thumb Code   502  stm32h7xx_hal_gpio.o(i.HAL_GPIO_Init)
    HAL_GPIO_ReadPin                         0x08001fe1   Thumb Code    10  stm32h7xx_hal_gpio.o(i.HAL_GPIO_ReadPin)
    HAL_GPIO_WritePin                        0x08001feb   Thumb Code    10  stm32h7xx_hal_gpio.o(i.HAL_GPIO_WritePin)
    HAL_GetTick                              0x08001ff5   Thumb Code     6  stm32h7xx_hal.o(i.HAL_GetTick)
    HAL_IncTick                              0x08002001   Thumb Code    12  stm32h7xx_hal.o(i.HAL_IncTick)
    HAL_Init                                 0x08002011   Thumb Code    74  stm32h7xx_hal.o(i.HAL_Init)
    HAL_InitTick                             0x0800206d   Thumb Code   110  stm32h7xx_hal_timebase_tim.o(i.HAL_InitTick)
    HAL_MspInit                              0x080020f1   Thumb Code    32  stm32h7xx_hal_msp.o(i.HAL_MspInit)
    HAL_NVIC_EnableIRQ                       0x08002115   Thumb Code    26  stm32h7xx_hal_cortex.o(i.HAL_NVIC_EnableIRQ)
    HAL_NVIC_SetPriority                     0x08002131   Thumb Code    60  stm32h7xx_hal_cortex.o(i.HAL_NVIC_SetPriority)
    HAL_NVIC_SetPriorityGrouping             0x08002171   Thumb Code    28  stm32h7xx_hal_cortex.o(i.HAL_NVIC_SetPriorityGrouping)
    HAL_PWREx_ConfigSupply                   0x08002195   Thumb Code    78  stm32h7xx_hal_pwr_ex.o(i.HAL_PWREx_ConfigSupply)
    HAL_RCCEx_GetD3PCLK1Freq                 0x080021e9   Thumb Code    26  stm32h7xx_hal_rcc_ex.o(i.HAL_RCCEx_GetD3PCLK1Freq)
    HAL_RCCEx_GetPLL2ClockFreq               0x0800220d   Thumb Code   296  stm32h7xx_hal_rcc_ex.o(i.HAL_RCCEx_GetPLL2ClockFreq)
    HAL_RCCEx_GetPLL3ClockFreq               0x08002351   Thumb Code   296  stm32h7xx_hal_rcc_ex.o(i.HAL_RCCEx_GetPLL3ClockFreq)
    HAL_RCCEx_PeriphCLKConfig                0x08002495   Thumb Code  2362  stm32h7xx_hal_rcc_ex.o(i.HAL_RCCEx_PeriphCLKConfig)
    HAL_RCC_CSSCallback                      0x08002dcf   Thumb Code     2  stm32h7xx_hal_rcc.o(i.HAL_RCC_CSSCallback)
    HAL_RCC_ClockConfig                      0x08002dd1   Thumb Code   580  stm32h7xx_hal_rcc.o(i.HAL_RCC_ClockConfig)
    HAL_RCC_EnableCSS                        0x0800302d   Thumb Code    12  stm32h7xx_hal_rcc.o(i.HAL_RCC_EnableCSS)
    HAL_RCC_GetClockConfig                   0x0800303d   Thumb Code    84  stm32h7xx_hal_rcc.o(i.HAL_RCC_GetClockConfig)
    HAL_RCC_GetHCLKFreq                      0x08003099   Thumb Code    52  stm32h7xx_hal_rcc.o(i.HAL_RCC_GetHCLKFreq)
    HAL_RCC_GetPCLK1Freq                     0x080030dd   Thumb Code    26  stm32h7xx_hal_rcc.o(i.HAL_RCC_GetPCLK1Freq)
    HAL_RCC_GetPCLK2Freq                     0x08003101   Thumb Code    26  stm32h7xx_hal_rcc.o(i.HAL_RCC_GetPCLK2Freq)
    HAL_RCC_GetSysClockFreq                  0x08003125   Thumb Code   278  stm32h7xx_hal_rcc.o(i.HAL_RCC_GetSysClockFreq)
    HAL_RCC_NMI_IRQHandler                   0x0800325d   Thumb Code    26  stm32h7xx_hal_rcc.o(i.HAL_RCC_NMI_IRQHandler)
    HAL_RCC_OscConfig                        0x0800327d   Thumb Code  1318  stm32h7xx_hal_rcc.o(i.HAL_RCC_OscConfig)
    HAL_SPI_Init                             0x080037a5   Thumb Code   366  stm32h7xx_hal_spi.o(i.HAL_SPI_Init)
    HAL_SPI_MspInit                          0x08003921   Thumb Code   156  spi.o(i.HAL_SPI_MspInit)
    HAL_SPI_Transmit                         0x080039cd   Thumb Code   578  stm32h7xx_hal_spi.o(i.HAL_SPI_Transmit)
    HAL_TIMEx_Break2Callback                 0x08003c0f   Thumb Code     2  stm32h7xx_hal_tim_ex.o(i.HAL_TIMEx_Break2Callback)
    HAL_TIMEx_BreakCallback                  0x08003c11   Thumb Code     2  stm32h7xx_hal_tim_ex.o(i.HAL_TIMEx_BreakCallback)
    HAL_TIMEx_CommutCallback                 0x08003c13   Thumb Code     2  stm32h7xx_hal_tim_ex.o(i.HAL_TIMEx_CommutCallback)
    HAL_TIMEx_MasterConfigSynchronization    0x08003c15   Thumb Code   146  stm32h7xx_hal_tim_ex.o(i.HAL_TIMEx_MasterConfigSynchronization)
    HAL_TIM_Base_Init                        0x08003ccd   Thumb Code    98  stm32h7xx_hal_tim.o(i.HAL_TIM_Base_Init)
    HAL_TIM_Base_MspInit                     0x08003d31   Thumb Code    72  tim.o(i.HAL_TIM_Base_MspInit)
    HAL_TIM_Base_Start_IT                    0x08003d85   Thumb Code   118  stm32h7xx_hal_tim.o(i.HAL_TIM_Base_Start_IT)
    HAL_TIM_ConfigClockSource                0x08003e25   Thumb Code   248  stm32h7xx_hal_tim.o(i.HAL_TIM_ConfigClockSource)
    HAL_TIM_IC_CaptureCallback               0x08003f21   Thumb Code     2  stm32h7xx_hal_tim.o(i.HAL_TIM_IC_CaptureCallback)
    HAL_TIM_IRQHandler                       0x08003f23   Thumb Code   328  stm32h7xx_hal_tim.o(i.HAL_TIM_IRQHandler)
    HAL_TIM_MspPostInit                      0x0800406d   Thumb Code    68  tim.o(i.HAL_TIM_MspPostInit)
    HAL_TIM_OC_DelayElapsedCallback          0x080040bd   Thumb Code     2  stm32h7xx_hal_tim.o(i.HAL_TIM_OC_DelayElapsedCallback)
    HAL_TIM_PWM_ConfigChannel                0x080040bf   Thumb Code   292  stm32h7xx_hal_tim.o(i.HAL_TIM_PWM_ConfigChannel)
    HAL_TIM_PWM_Init                         0x080041e3   Thumb Code    98  stm32h7xx_hal_tim.o(i.HAL_TIM_PWM_Init)
    HAL_TIM_PWM_MspInit                      0x08004245   Thumb Code     2  stm32h7xx_hal_tim.o(i.HAL_TIM_PWM_MspInit)
    HAL_TIM_PWM_PulseFinishedCallback        0x08004247   Thumb Code     2  stm32h7xx_hal_tim.o(i.HAL_TIM_PWM_PulseFinishedCallback)
    HAL_TIM_PeriodElapsedCallback            0x08004249   Thumb Code    42  main.o(i.HAL_TIM_PeriodElapsedCallback)
    HAL_TIM_TriggerCallback                  0x08004281   Thumb Code     2  stm32h7xx_hal_tim.o(i.HAL_TIM_TriggerCallback)
    HAL_UARTEx_DisableFifoMode               0x08004283   Thumb Code    64  stm32h7xx_hal_uart_ex.o(i.HAL_UARTEx_DisableFifoMode)
    HAL_UARTEx_ReceiveToIdle_IT              0x080042c3   Thumb Code    78  stm32h7xx_hal_uart_ex.o(i.HAL_UARTEx_ReceiveToIdle_IT)
    HAL_UARTEx_RxEventCallback               0x08004311   Thumb Code    52  ibus.o(i.HAL_UARTEx_RxEventCallback)
    HAL_UARTEx_RxFifoFullCallback            0x08004355   Thumb Code     2  stm32h7xx_hal_uart_ex.o(i.HAL_UARTEx_RxFifoFullCallback)
    HAL_UARTEx_SetRxFifoThreshold            0x08004357   Thumb Code    76  stm32h7xx_hal_uart_ex.o(i.HAL_UARTEx_SetRxFifoThreshold)
    HAL_UARTEx_SetTxFifoThreshold            0x080043a3   Thumb Code    76  stm32h7xx_hal_uart_ex.o(i.HAL_UARTEx_SetTxFifoThreshold)
    HAL_UARTEx_TxFifoEmptyCallback           0x080043ef   Thumb Code     2  stm32h7xx_hal_uart_ex.o(i.HAL_UARTEx_TxFifoEmptyCallback)
    HAL_UARTEx_WakeupCallback                0x080043f1   Thumb Code     2  stm32h7xx_hal_uart_ex.o(i.HAL_UARTEx_WakeupCallback)
    HAL_UART_ErrorCallback                   0x080043f5   Thumb Code    28  ibus.o(i.HAL_UART_ErrorCallback)
    HAL_UART_IRQHandler                      0x08004421   Thumb Code   898  stm32h7xx_hal_uart.o(i.HAL_UART_IRQHandler)
    HAL_UART_Init                            0x080047bd   Thumb Code   106  stm32h7xx_hal_uart.o(i.HAL_UART_Init)
    HAL_UART_MspInit                         0x08004829   Thumb Code   266  usart.o(i.HAL_UART_MspInit)
    HAL_UART_RxCpltCallback                  0x0800494d   Thumb Code     2  stm32h7xx_hal_uart.o(i.HAL_UART_RxCpltCallback)
    HAL_UART_Transmit                        0x08004951   Thumb Code   184  stm32h7xx_hal_uart.o(i.HAL_UART_Transmit)
    HAL_UART_TxCpltCallback                  0x08004a09   Thumb Code     2  stm32h7xx_hal_uart.o(i.HAL_UART_TxCpltCallback)
    HardFault_Handler                        0x08004a0b   Thumb Code     2  stm32h7xx_it.o(i.HardFault_Handler)
    LCD_Address_Set                          0x08004a33   Thumb Code    62  lcd.o(i.LCD_Address_Set)
    LCD_DisplayUpdate                        0x08004a71   Thumb Code   126  spi.o(i.LCD_DisplayUpdate)
    LCD_DrawPoint                            0x08004afd   Thumb Code    22  lcd.o(i.LCD_DrawPoint)
    LCD_Fill                                 0x08004b13   Thumb Code    64  lcd.o(i.LCD_Fill)
    LCD_Init                                 0x08004b55   Thumb Code   414  lcd.o(i.LCD_Init)
    LCD_ShowChar                             0x08004cf9   Thumb Code   252  lcd.o(i.LCD_ShowChar)
    LCD_ShowChinese                          0x08004e05   Thumb Code   140  lcd.o(i.LCD_ShowChinese)
    LCD_ShowChinese12x12                     0x08004e91   Thumb Code   248  lcd.o(i.LCD_ShowChinese12x12)
    LCD_ShowChinese16x16                     0x08004f8d   Thumb Code   242  lcd.o(i.LCD_ShowChinese16x16)
    LCD_ShowChinese24x24                     0x08005085   Thumb Code   248  lcd.o(i.LCD_ShowChinese24x24)
    LCD_ShowChinese32x32                     0x08005181   Thumb Code   242  lcd.o(i.LCD_ShowChinese32x32)
    LCD_ShowPicture                          0x08005279   Thumb Code    80  lcd.o(i.LCD_ShowPicture)
    LCD_ShowString                           0x080052c9   Thumb Code    58  lcd.o(i.LCD_ShowString)
    LCD_WR_DATA                              0x08005303   Thumb Code    20  lcd.o(i.LCD_WR_DATA)
    LCD_WR_REG                               0x08005319   Thumb Code    40  lcd.o(i.LCD_WR_REG)
    LCD_Writ_Bus                             0x08005345   Thumb Code    44  lcd.o(i.LCD_Writ_Bus)
    MX_FDCAN1_Init                           0x08005379   Thumb Code   100  fdcan.o(i.MX_FDCAN1_Init)
    MX_FREERTOS_Init                         0x080053e5   Thumb Code   112  freertos.o(i.MX_FREERTOS_Init)
    MX_GPIO_Init                             0x08005475   Thumb Code   244  gpio.o(i.MX_GPIO_Init)
    MX_SPI1_Init                             0x0800557d   Thumb Code    86  spi.o(i.MX_SPI1_Init)
    MX_TIM12_Init                            0x080055dd   Thumb Code   154  tim.o(i.MX_TIM12_Init)
    MX_TIM6_Init                             0x08005681   Thumb Code    68  tim.o(i.MX_TIM6_Init)
    MX_UART5_Init                            0x080056cd   Thumb Code    96  usart.o(i.MX_UART5_Init)
    MX_USART1_UART_Init                      0x08005739   Thumb Code    94  usart.o(i.MX_USART1_UART_Init)
    MemManage_Handler                        0x080057a1   Thumb Code     2  stm32h7xx_it.o(i.MemManage_Handler)
    Motor_Control                            0x080057a5   Thumb Code   376  motor.o(i.Motor_Control)
    Motor_Init                               0x08005945   Thumb Code   208  motor.o(i.Motor_Init)
    Motor_SendCurrent                        0x08005a31   Thumb Code    76  motor.o(i.Motor_SendCurrent)
    Motor_SetMode                            0x08005a81   Thumb Code    40  motor.o(i.Motor_SetMode)
    Motor_SetTargetRPM_LF                    0x08005ab1   Thumb Code     6  motor.o(i.Motor_SetTargetRPM_LF)
    Motor_SetTargetRPM_RF                    0x08005abd   Thumb Code     6  motor.o(i.Motor_SetTargetRPM_RF)
    NMI_Handler                              0x08005b41   Thumb Code     4  stm32h7xx_it.o(i.NMI_Handler)
    PID_Calculate                            0x08005b45   Thumb Code   122  pid.o(i.PID_Calculate)
    PID_Clear                                0x08005bc1   Thumb Code    18  pid.o(i.PID_Clear)
    PID_SetLimit                             0x08005bd9   Thumb Code    10  pid.o(i.PID_SetLimit)
    PID_SetParam                             0x08005be3   Thumb Code     6  pid.o(i.PID_SetParam)
    Prase_Motor_Feedback                     0x08005be9   Thumb Code   196  drv_damiao6220.o(i.Prase_Motor_Feedback)
    Read_Pos_From_Flash                      0x08005f75   Thumb Code    26  zdt_x57_v2motor.o(i.Read_Pos_From_Flash)
    Remote_DBUS_to_RC                        0x08005f95   Thumb Code    98  ibus.o(i.Remote_DBUS_to_RC)
    Save_Both_Motors_To_Flash                0x08006101   Thumb Code    88  zdt_x57_v2motor.o(i.Save_Both_Motors_To_Flash)
    StartDefaultTask                         0x08006161   Thumb Code   140  freertos.o(i.StartDefaultTask)
    StartTask02                              0x080061f9   Thumb Code   344  freertos.o(i.StartTask02)
    StartTask03                              0x08006385   Thumb Code   136  freertos.o(i.StartTask03)
    StartTask04                              0x08006449   Thumb Code   120  freertos.o(i.StartTask04)
    StartTask05                              0x080064c5   Thumb Code   136  freertos.o(i.StartTask05)
    StartTask06                              0x08006589   Thumb Code   112  freertos.o(i.StartTask06)
    SysTick_Handler                          0x08006605   Thumb Code    26  cmsis_os2.o(i.SysTick_Handler)
    SystemClock_Config                       0x08006621   Thumb Code   144  main.o(i.SystemClock_Config)
    SystemInit                               0x080066b5   Thumb Code   184  system_stm32h7xx.o(i.SystemInit)
    TIM1_UP_IRQHandler                       0x0800678d   Thumb Code     6  stm32h7xx_it.o(i.TIM1_UP_IRQHandler)
    TIM6_DAC_IRQHandler                      0x08006799   Thumb Code     6  stm32h7xx_it.o(i.TIM6_DAC_IRQHandler)
    TIM_Base_SetConfig                       0x080067a5   Thumb Code   182  stm32h7xx_hal_tim.o(i.TIM_Base_SetConfig)
    TIM_ETR_SetConfig                        0x08006885   Thumb Code    18  stm32h7xx_hal_tim.o(i.TIM_ETR_SetConfig)
    TIM_OC2_SetConfig                        0x08006959   Thumb Code   130  stm32h7xx_hal_tim.o(i.TIM_OC2_SetConfig)
    UART5_IRQHandler                         0x08006c8d   Thumb Code    64  stm32h7xx_it.o(i.UART5_IRQHandler)
    UART_AdvFeatureConfig                    0x08006d29   Thumb Code   200  stm32h7xx_hal_uart.o(i.UART_AdvFeatureConfig)
    UART_CheckIdleState                      0x08006df1   Thumb Code   170  stm32h7xx_hal_uart.o(i.UART_CheckIdleState)
    UART_SetConfig                           0x080073c9   Thumb Code   914  stm32h7xx_hal_uart.o(i.UART_SetConfig)
    UART_Start_Receive_IT                    0x080077a5   Thumb Code   256  stm32h7xx_hal_uart.o(i.UART_Start_Receive_IT)
    UART_WaitOnFlagUntilTimeout              0x080078b5   Thumb Code   148  stm32h7xx_hal_uart.o(i.UART_WaitOnFlagUntilTimeout)
    UsageFault_Handler                       0x08007949   Thumb Code     2  stm32h7xx_it.o(i.UsageFault_Handler)
    ZDT_ArmorPlate_Move                      0x0800794d   Thumb Code   198  zdt_x57_v2motor.o(i.ZDT_ArmorPlate_Move)
    ZDT_Enable_Motor                         0x08007a1d   Thumb Code    72  zdt_x57_v2motor.o(i.ZDT_Enable_Motor)
    ZDT_Force_Stop_Homing                    0x08007a69   Thumb Code    64  zdt_x57_v2motor.o(i.ZDT_Force_Stop_Homing)
    ZDT_Request_Homing_Status                0x08007aad   Thumb Code    58  zdt_x57_v2motor.o(i.ZDT_Request_Homing_Status)
    ZDT_Request_Position                     0x08007aed   Thumb Code    58  zdt_x57_v2motor.o(i.ZDT_Request_Position)
    ZDT_Trigger_Collision_Homing             0x08007b2d   Thumb Code    68  zdt_x57_v2motor.o(i.ZDT_Trigger_Collision_Homing)
    __0printf$8                              0x08007b75   Thumb Code    22  printf8.o(i.__0printf$8)
    __1printf$8                              0x08007b75   Thumb Code     0  printf8.o(i.__0printf$8)
    __2printf                                0x08007b75   Thumb Code     0  printf8.o(i.__0printf$8)
    __0sprintf$8                             0x08007b95   Thumb Code    34  printf8.o(i.__0sprintf$8)
    __1sprintf$8                             0x08007b95   Thumb Code     0  printf8.o(i.__0sprintf$8)
    __2sprintf                               0x08007b95   Thumb Code     0  printf8.o(i.__0sprintf$8)
    __scatterload_copy                       0x08007bdf   Thumb Code    14  handlers.o(i.__scatterload_copy)
    __scatterload_null                       0x08007bed   Thumb Code     2  handlers.o(i.__scatterload_null)
    __scatterload_zeroinit                   0x08007bef   Thumb Code    14  handlers.o(i.__scatterload_zeroinit)
    fputc                                    0x0800805d   Thumb Code    20  usart.o(i.fputc)
    main                                     0x08008075   Thumb Code   244  main.o(i.main)
    osDelay                                  0x0800817d   Thumb Code    32  cmsis_os2.o(i.osDelay)
    osKernelGetTickCount                     0x0800819d   Thumb Code    24  cmsis_os2.o(i.osKernelGetTickCount)
    osKernelInitialize                       0x080081b5   Thumb Code    42  cmsis_os2.o(i.osKernelInitialize)
    osKernelStart                            0x080081e5   Thumb Code    56  cmsis_os2.o(i.osKernelStart)
    osMessageQueueGet                        0x08008225   Thumb Code   112  cmsis_os2.o(i.osMessageQueueGet)
    osMessageQueueNew                        0x08008299   Thumb Code    98  cmsis_os2.o(i.osMessageQueueNew)
    osMessageQueuePut                        0x080082fd   Thumb Code   116  cmsis_os2.o(i.osMessageQueuePut)
    osMutexAcquire                           0x08008375   Thumb Code    80  cmsis_os2.o(i.osMutexAcquire)
    osMutexNew                               0x080083c5   Thumb Code   100  cmsis_os2.o(i.osMutexNew)
    osMutexRelease                           0x08008429   Thumb Code    68  cmsis_os2.o(i.osMutexRelease)
    osThreadNew                              0x0800846d   Thumb Code   146  cmsis_os2.o(i.osThreadNew)
    pvPortMalloc                             0x08008c95   Thumb Code   204  heap_4.o(i.pvPortMalloc)
    pvTaskIncrementMutexHeldCount            0x08008d65   Thumb Code    18  tasks.o(i.pvTaskIncrementMutexHeldCount)
    pxPortInitialiseStack                    0x08008d7d   Thumb Code    42  port.o(i.pxPortInitialiseStack)
    set_pid_mode                             0x08008dad   Thumb Code     6  6220pid.o(i.set_pid_mode)
    set_position                             0x08008db9   Thumb Code     8  6220pid.o(i.set_position)
    set_velocity                             0x08008dc5   Thumb Code     8  6220pid.o(i.set_velocity)
    update_pid                               0x08008dd1   Thumb Code   390  6220pid.o(i.update_pid)
    uxListRemove                             0x08008f95   Thumb Code    38  list.o(i.uxListRemove)
    uxTaskGetNumberOfTasks                   0x08008fbd   Thumb Code     6  tasks.o(i.uxTaskGetNumberOfTasks)
    vApplicationGetIdleTaskMemory            0x08008fc9   Thumb Code    18  cmsis_os2.o(i.vApplicationGetIdleTaskMemory)
    vApplicationGetTimerTaskMemory           0x08008fe1   Thumb Code    20  cmsis_os2.o(i.vApplicationGetTimerTaskMemory)
    vListInitialise                          0x08008ff9   Thumb Code    22  list.o(i.vListInitialise)
    vListInitialiseItem                      0x0800900f   Thumb Code     6  list.o(i.vListInitialiseItem)
    vListInsert                              0x08009015   Thumb Code    48  list.o(i.vListInsert)
    vPortEnterCritical                       0x08009045   Thumb Code    54  port.o(i.vPortEnterCritical)
    vPortExitCritical                        0x08009085   Thumb Code    34  port.o(i.vPortExitCritical)
    vPortFree                                0x080090ad   Thumb Code    94  heap_4.o(i.vPortFree)
    vPortSetupTimerInterrupt                 0x08009111   Thumb Code    32  port.o(i.vPortSetupTimerInterrupt)
    vPortValidateInterruptPriority           0x08009135   Thumb Code    74  port.o(i.vPortValidateInterruptPriority)
    vQueueAddToRegistry                      0x08009189   Thumb Code    74  queue.o(i.vQueueAddToRegistry)
    vQueueWaitForMessageRestricted           0x080091d9   Thumb Code    68  queue.o(i.vQueueWaitForMessageRestricted)
    vTaskDelay                               0x0800921d   Thumb Code    66  tasks.o(i.vTaskDelay)
    vTaskInternalSetTimeOutState             0x08009269   Thumb Code    12  tasks.o(i.vTaskInternalSetTimeOutState)
    vTaskMissedYield                         0x08009279   Thumb Code     8  tasks.o(i.vTaskMissedYield)
    vTaskPlaceOnEventList                    0x08009285   Thumb Code    44  tasks.o(i.vTaskPlaceOnEventList)
    vTaskPlaceOnEventListRestricted          0x080092b5   Thumb Code    76  tasks.o(i.vTaskPlaceOnEventListRestricted)
    vTaskPriorityDisinheritAfterTimeout      0x08009305   Thumb Code   170  tasks.o(i.vTaskPriorityDisinheritAfterTimeout)
    vTaskStartScheduler                      0x080093b9   Thumb Code   114  tasks.o(i.vTaskStartScheduler)
    vTaskSuspendAll                          0x0800943d   Thumb Code    10  tasks.o(i.vTaskSuspendAll)
    vTaskSwitchContext                       0x0800944d   Thumb Code    90  tasks.o(i.vTaskSwitchContext)
    xPortStartScheduler                      0x080094b1   Thumb Code   234  port.o(i.xPortStartScheduler)
    xPortSysTickHandler                      0x080095b1   Thumb Code    38  port.o(i.xPortSysTickHandler)
    xQueueCreateMutex                        0x080095dd   Thumb Code    22  queue.o(i.xQueueCreateMutex)
    xQueueCreateMutexStatic                  0x080095f3   Thumb Code    26  queue.o(i.xQueueCreateMutexStatic)
    xQueueGenericCreate                      0x0800960d   Thumb Code    84  queue.o(i.xQueueGenericCreate)
    xQueueGenericCreateStatic                0x08009661   Thumb Code    70  queue.o(i.xQueueGenericCreateStatic)
    xQueueGenericReset                       0x080096a9   Thumb Code   182  queue.o(i.xQueueGenericReset)
    xQueueGenericSend                        0x08009765   Thumb Code   346  queue.o(i.xQueueGenericSend)
    xQueueGenericSendFromISR                 0x080098c5   Thumb Code   218  queue.o(i.xQueueGenericSendFromISR)
    xQueueGiveMutexRecursive                 0x0800999f   Thumb Code    62  queue.o(i.xQueueGiveMutexRecursive)
    xQueueReceive                            0x080099dd   Thumb Code   310  queue.o(i.xQueueReceive)
    xQueueReceiveFromISR                     0x08009b19   Thumb Code   184  queue.o(i.xQueueReceiveFromISR)
    xQueueSemaphoreTake                      0x08009bd1   Thumb Code   356  queue.o(i.xQueueSemaphoreTake)
    xQueueTakeMutexRecursive                 0x08009d39   Thumb Code    60  queue.o(i.xQueueTakeMutexRecursive)
    xTaskCheckForTimeOut                     0x08009d75   Thumb Code   112  tasks.o(i.xTaskCheckForTimeOut)
    xTaskCreate                              0x08009de9   Thumb Code    96  tasks.o(i.xTaskCreate)
    xTaskCreateStatic                        0x08009e49   Thumb Code   114  tasks.o(i.xTaskCreateStatic)
    xTaskGetCurrentTaskHandle                0x08009ebd   Thumb Code     6  tasks.o(i.xTaskGetCurrentTaskHandle)
    xTaskGetSchedulerState                   0x08009ec9   Thumb Code    22  tasks.o(i.xTaskGetSchedulerState)
    xTaskGetTickCount                        0x08009ee5   Thumb Code     6  tasks.o(i.xTaskGetTickCount)
    xTaskGetTickCountFromISR                 0x08009ef1   Thumb Code    12  tasks.o(i.xTaskGetTickCountFromISR)
    xTaskIncrementTick                       0x08009f01   Thumb Code   294  tasks.o(i.xTaskIncrementTick)
    xTaskPriorityDisinherit                  0x0800a031   Thumb Code   158  tasks.o(i.xTaskPriorityDisinherit)
    xTaskPriorityInherit                     0x0800a0d9   Thumb Code   152  tasks.o(i.xTaskPriorityInherit)
    xTaskRemoveFromEventList                 0x0800a179   Thumb Code   206  tasks.o(i.xTaskRemoveFromEventList)
    xTaskResumeAll                           0x0800a255   Thumb Code   304  tasks.o(i.xTaskResumeAll)
    xTimerCreateTimerTask                    0x0800a395   Thumb Code    78  timers.o(i.xTimerCreateTimerTask)
    ascii_1206                               0x0800a3f4   Data        1140  lcd.o(.constdata)
    ascii_1608                               0x0800a868   Data        1520  lcd.o(.constdata)
    ascii_2412                               0x0800ae58   Data        4560  lcd.o(.constdata)
    ascii_3216                               0x0800c028   Data        6080  lcd.o(.constdata)
    tfont12                                  0x0800d7e8   Data         104  lcd.o(.constdata)
    tfont16                                  0x0800d850   Data         136  lcd.o(.constdata)
    tfont24                                  0x0800d8d8   Data         592  lcd.o(.constdata)
    gImage_pic                               0x0800db28   Data        7000  main.o(.constdata)
    MotorReceiveTas_attributes               0x0800f680   Data          36  freertos.o(.constdata)
    MotorSendTask_attributes                 0x0800f6a4   Data          36  freertos.o(.constdata)
    ZDT_Receive_Sen_attributes               0x0800f6c8   Data          36  freertos.o(.constdata)
    Flash_Save_Task_attributes               0x0800f6ec   Data          36  freertos.o(.constdata)
    ZDT_Control_attributes                   0x0800f710   Data          36  freertos.o(.constdata)
    myTask06_3508_attributes                 0x0800f734   Data          36  freertos.o(.constdata)
    motor_can_rx_queue_attributes            0x0800f758   Data          24  freertos.o(.constdata)
    key_6220_attributes                      0x0800f770   Data          16  freertos.o(.constdata)
    gb_label_small                           0x0800f780   Data          13  spi.o(.constdata)
    gb_label_big                             0x0800f78d   Data          13  spi.o(.constdata)
    UARTPrescTable                           0x0800f7f8   Data          24  stm32h7xx_hal_uart.o(.constdata)
    D1CorePrescTable                         0x0800f820   Data          16  system_stm32h7xx.o(.constdata)
    Region$$Table$$Base                      0x0800f8ac   Number         0  anon$$obj.o(Region$$Table)
    Region$$Table$$Limit                     0x0800f8cc   Number         0  anon$$obj.o(Region$$Table)
    tfont32                                  0x24000018   Data         130  lcd.o(.data)
    Lf_data                                  0x2400009a   Data           4  main.o(.data)
    Rf_data                                  0x2400009e   Data           4  main.o(.data)
    g_control_tick                           0x240000a2   Data           1  main.o(.data)
    motor_ready                              0x240000a4   Data           1  freertos.o(.data)
    MotorReceiveTasHandle                    0x240000ac   Data           4  freertos.o(.data)
    MotorSendTaskHandle                      0x240000b0   Data           4  freertos.o(.data)
    ZDT_Receive_SenHandle                    0x240000b4   Data           4  freertos.o(.data)
    Flash_Save_TaskHandle                    0x240000b8   Data           4  freertos.o(.data)
    ZDT_ControlHandle                        0x240000bc   Data           4  freertos.o(.data)
    myTask06_3508Handle                      0x240000c0   Data           4  freertos.o(.data)
    motor_can_rx_queueHandle                 0x240000c4   Data           4  freertos.o(.data)
    key_6220Handle                           0x240000c8   Data           4  freertos.o(.data)
    BIG_BALL                                 0x240000cc   Data           2  spi.o(.data)
    SMALL_BALL                               0x240000ce   Data           2  spi.o(.data)
    display_buf1                             0x240000d0   Data           6  spi.o(.data)
    display_buf2                             0x240000d6   Data           6  spi.o(.data)
    uwTickFreq                               0x240000dc   Data           1  stm32h7xx_hal.o(.data)
    uwTickPrio                               0x240000e0   Data           4  stm32h7xx_hal.o(.data)
    uwTick                                   0x240000e4   Data           4  stm32h7xx_hal.o(.data)
    SystemCoreClock                          0x240000e8   Data           4  system_stm32h7xx.o(.data)
    SystemD2Clock                            0x240000ec   Data           4  system_stm32h7xx.o(.data)
    pxCurrentTCB                             0x240000f0   Data           4  tasks.o(.data)
    uxTopUsedPriority                        0x24000120   Data           4  tasks.o(.data)
    debug_lf_current                         0x24000184   Data           4  motor.o(.data)
    debug_rf_current                         0x24000188   Data           4  motor.o(.data)
    dbus_rx_count                            0x2400018c   Data           4  ibus.o(.data)
    dbus_err1_count                          0x24000190   Data           4  ibus.o(.data)
    dbus_err2_count                          0x24000194   Data           4  ibus.o(.data)
    dbus_pe_count                            0x24000198   Data           4  ibus.o(.data)
    dbus_fe_count                            0x2400019c   Data           4  ibus.o(.data)
    dbus_ne_count                            0x240001a0   Data           4  ibus.o(.data)
    dbus_ore_count                           0x240001a4   Data           4  ibus.o(.data)
    dbus_isr_snapshot                        0x240001a8   Data           4  ibus.o(.data)
    __stdout                                 0x240001ac   Data           4  stdout.o(.data)
    motor_movestate                          0x240001b0   Data          12  drv_damiao6220.o(.bss)
    zdt_motor                                0x240001e0   Data          40  freertos.o(.bss)
    zdt_cmd                                  0x24000208   Data          32  freertos.o(.bss)
    hfdcan1                                  0x24000228   Data         160  fdcan.o(.bss)
    hspi1                                    0x240002c8   Data         136  spi.o(.bss)
    htim6                                    0x24000350   Data          76  tim.o(.bss)
    htim12                                   0x2400039c   Data          76  tim.o(.bss)
    huart5                                   0x240003e8   Data         148  usart.o(.bss)
    huart1                                   0x2400047c   Data         148  usart.o(.bss)
    htim1                                    0x24000510   Data          76  stm32h7xx_hal_timebase_tim.o(.bss)
    pFlash                                   0x2400055c   Data          28  stm32h7xx_hal_flash.o(.bss)
    xQueueRegistry                           0x24000578   Data          64  queue.o(.bss)
    motor_lf_data                            0x24004e4c   Data          24  motor.o(.bss)
    motor_rf_data                            0x24004e64   Data          24  motor.o(.bss)
    Remote                                   0x24004efc   Data          10  ibus.o(.bss)
    DBUS_RX_Buffer                           0x24004f06   Data          18  ibus.o(.bss)
    __initial_sp                             0x24005318   Data           0  startup_stm32h723xx.o(STACK)



==============================================================================

Memory Map of the image

  Image Entry point : 0x080002cd

  Load Region LR_IROM1 (Base: 0x08000000, Size: 0x0000fa7c, Max: 0x00100000, ABSOLUTE, COMPRESSED[0x0000f90c])

    Execution Region ER_IROM1 (Exec base: 0x08000000, Load base: 0x08000000, Size: 0x0000f8cc, Max: 0x00100000, ABSOLUTE)

    Exec Addr    Load Addr    Size         Type   Attr      Idx    E Section Name        Object

    0x08000000   0x08000000   0x000002cc   Data   RO            3    RESET               startup_stm32h723xx.o
    0x080002cc   0x080002cc   0x00000000   Code   RO         8384  * .ARM.Collect$$$$00000000  mc_w.l(entry.o)
    0x080002cc   0x080002cc   0x00000004   Code   RO         8658    .ARM.Collect$$$$00000001  mc_w.l(entry2.o)
    0x080002d0   0x080002d0   0x00000004   Code   RO         8661    .ARM.Collect$$$$00000004  mc_w.l(entry5.o)
    0x080002d4   0x080002d4   0x00000000   Code   RO         8663    .ARM.Collect$$$$00000008  mc_w.l(entry7b.o)
    0x080002d4   0x080002d4   0x00000000   Code   RO         8665    .ARM.Collect$$$$0000000A  mc_w.l(entry8b.o)
    0x080002d4   0x080002d4   0x00000008   Code   RO         8666    .ARM.Collect$$$$0000000B  mc_w.l(entry9a.o)
    0x080002dc   0x080002dc   0x00000004   Code   RO         8673    .ARM.Collect$$$$0000000E  mc_w.l(entry12b.o)
    0x080002e0   0x080002e0   0x00000000   Code   RO         8668    .ARM.Collect$$$$0000000F  mc_w.l(entry10a.o)
    0x080002e0   0x080002e0   0x00000000   Code   RO         8670    .ARM.Collect$$$$00000011  mc_w.l(entry11a.o)
    0x080002e0   0x080002e0   0x00000004   Code   RO         8659    .ARM.Collect$$$$00002712  mc_w.l(entry2.o)
    0x080002e4   0x080002e4   0x000000be   Code   RO         8033    .emb_text           port.o
    0x080003a2   0x080003a2   0x00000002   PAD
    0x080003a4   0x080003a4   0x0000002c   Code   RO            4    .text               startup_stm32h723xx.o
    0x080003d0   0x080003d0   0x00000062   Code   RO         8387    .text               mc_w.l(uldiv.o)
    0x08000432   0x08000432   0x00000024   Code   RO         8389    .text               mc_w.l(memcpya.o)
    0x08000456   0x08000456   0x00000024   Code   RO         8393    .text               mc_w.l(memseta.o)
    0x0800047a   0x0800047a   0x0000001e   Code   RO         8677    .text               mc_w.l(llshl.o)
    0x08000498   0x08000498   0x00000020   Code   RO         8679    .text               mc_w.l(llushr.o)
    0x080004b8   0x080004b8   0x00000024   Code   RO         8692    .text               mc_w.l(init.o)
    0x080004dc   0x080004dc   0x00000056   Code   RO         8706    .text               mc_w.l(__dczerorl2.o)
    0x08000532   0x08000532   0x00000002   PAD
    0x08000534   0x08000534   0x0000011c   Code   RO          316    i.ArmorPlate_Homing  zdt_x57_v2motor.o
    0x08000650   0x08000650   0x00000002   Code   RO         1163    i.BusFault_Handler  stm32h7xx_it.o
    0x08000652   0x08000652   0x00000002   PAD
    0x08000654   0x08000654   0x00000024   Code   RO         8110    i.Chassis_Movement  chassis.o
    0x08000678   0x08000678   0x000000c4   Code   RO           19    i.DRV6220_Control_Torque  drv_damiao6220.o
    0x0800073c   0x0800073c   0x00000050   Code   RO           21    i.DRV6220_Enable_Motor  drv_damiao6220.o
    0x0800078c   0x0800078c   0x00000002   Code   RO         1164    i.DebugMon_Handler  stm32h7xx_it.o
    0x0800078e   0x0800078e   0x00000006   Code   RO         1165    i.EXTI9_5_IRQHandler  stm32h7xx_it.o
    0x08000794   0x08000794   0x00000004   Code   RO          721    i.Error_Handler     main.o
    0x08000798   0x08000798   0x0000001c   Code   RO         6236    i.ExitRun0Mode      system_stm32h7xx.o
    0x080007b4   0x080007b4   0x0000000c   Code   RO         1166    i.FDCAN1_IT0_IRQHandler  stm32h7xx_it.o
    0x080007c0   0x080007c0   0x000001c8   Code   RO         4751    i.FDCAN_CalculateRamBlockAddresses  stm32h7xx_hal_fdcan.o
    0x08000988   0x08000988   0x0000007c   Code   RO         4752    i.FDCAN_CopyMessageToRAM  stm32h7xx_hal_fdcan.o
    0x08000a04   0x08000a04   0x00000024   Code   RO         2884    i.FLASH_Erase_Sector  stm32h7xx_hal_flash_ex.o
    0x08000a28   0x08000a28   0x00000024   Code   RO         2885    i.FLASH_MassErase   stm32h7xx_hal_flash_ex.o
    0x08000a4c   0x08000a4c   0x00000078   Code   RO         2778    i.FLASH_WaitForLastOperation  stm32h7xx_hal_flash.o
    0x08000ac4   0x08000ac4   0x00000040   Code   RO          211    i.Feedforward_Friction  6220pid.o
    0x08000b04   0x08000b04   0x00000360   Code   RO         3115    i.HAL_DMA_Abort     stm32h7xx_hal_dma.o
    0x08000e64   0x08000e64   0x0000021c   Code   RO         3116    i.HAL_DMA_Abort_IT  stm32h7xx_hal_dma.o
    0x08001080   0x08001080   0x00000024   Code   RO         3812    i.HAL_Delay         stm32h7xx_hal.o
    0x080010a4   0x080010a4   0x00000088   Code   RO         4754    i.HAL_FDCAN_ActivateNotification  stm32h7xx_hal_fdcan.o
    0x0800112c   0x0800112c   0x00000066   Code   RO         4756    i.HAL_FDCAN_AddMessageToTxFifoQ  stm32h7xx_hal_fdcan.o
    0x08001192   0x08001192   0x00000002   Code   RO         4757    i.HAL_FDCAN_ClockCalibrationCallback  stm32h7xx_hal_fdcan.o
    0x08001194   0x08001194   0x0000005a   Code   RO         4760    i.HAL_FDCAN_ConfigFifoWatermark  stm32h7xx_hal_fdcan.o
    0x080011ee   0x080011ee   0x0000007e   Code   RO         4761    i.HAL_FDCAN_ConfigFilter  stm32h7xx_hal_fdcan.o
    0x0800126c   0x0800126c   0x00000032   Code   RO         4762    i.HAL_FDCAN_ConfigGlobalFilter  stm32h7xx_hal_fdcan.o
    0x0800129e   0x0800129e   0x00000002   Code   RO         4783    i.HAL_FDCAN_ErrorCallback  stm32h7xx_hal_fdcan.o
    0x080012a0   0x080012a0   0x00000010   Code   RO          927    i.HAL_FDCAN_ErrorStatusCallback  fdcan.o
    0x080012b0   0x080012b0   0x000001a0   Code   RO         4795    i.HAL_FDCAN_GetRxMessage  stm32h7xx_hal_fdcan.o
    0x08001450   0x08001450   0x00000002   Code   RO         4801    i.HAL_FDCAN_HighPriorityMessageCallback  stm32h7xx_hal_fdcan.o
    0x08001452   0x08001452   0x00000002   PAD
    0x08001454   0x08001454   0x00000320   Code   RO         4802    i.HAL_FDCAN_IRQHandler  stm32h7xx_hal_fdcan.o
    0x08001774   0x08001774   0x00000244   Code   RO         4803    i.HAL_FDCAN_Init    stm32h7xx_hal_fdcan.o
    0x080019b8   0x080019b8   0x00000098   Code   RO          929    i.HAL_FDCAN_MspInit  fdcan.o
    0x08001a50   0x08001a50   0x00000002   Code   RO         4812    i.HAL_FDCAN_RxBufferNewMessageCallback  stm32h7xx_hal_fdcan.o
    0x08001a52   0x08001a52   0x00000002   PAD
    0x08001a54   0x08001a54   0x00000120   Code   RO          930    i.HAL_FDCAN_RxFifo0Callback  fdcan.o
    0x08001b74   0x08001b74   0x00000002   Code   RO         4814    i.HAL_FDCAN_RxFifo1Callback  stm32h7xx_hal_fdcan.o
    0x08001b76   0x08001b76   0x00000032   Code   RO         4815    i.HAL_FDCAN_Start   stm32h7xx_hal_fdcan.o
    0x08001ba8   0x08001ba8   0x00000002   Code   RO         4837    i.HAL_FDCAN_TT_GlobalTimeCallback  stm32h7xx_hal_fdcan.o
    0x08001baa   0x08001baa   0x00000002   Code   RO         4838    i.HAL_FDCAN_TT_ScheduleSyncCallback  stm32h7xx_hal_fdcan.o
    0x08001bac   0x08001bac   0x00000002   Code   RO         4843    i.HAL_FDCAN_TT_StopWatchCallback  stm32h7xx_hal_fdcan.o
    0x08001bae   0x08001bae   0x00000002   Code   RO         4844    i.HAL_FDCAN_TT_TimeMarkCallback  stm32h7xx_hal_fdcan.o
    0x08001bb0   0x08001bb0   0x00000002   Code   RO         4845    i.HAL_FDCAN_TimeoutOccurredCallback  stm32h7xx_hal_fdcan.o
    0x08001bb2   0x08001bb2   0x00000002   Code   RO         4846    i.HAL_FDCAN_TimestampWraparoundCallback  stm32h7xx_hal_fdcan.o
    0x08001bb4   0x08001bb4   0x00000002   Code   RO         4847    i.HAL_FDCAN_TxBufferAbortCallback  stm32h7xx_hal_fdcan.o
    0x08001bb6   0x08001bb6   0x00000002   Code   RO         4848    i.HAL_FDCAN_TxBufferCompleteCallback  stm32h7xx_hal_fdcan.o
    0x08001bb8   0x08001bb8   0x00000002   Code   RO         4849    i.HAL_FDCAN_TxEventFifoCallback  stm32h7xx_hal_fdcan.o
    0x08001bba   0x08001bba   0x00000002   Code   RO         4850    i.HAL_FDCAN_TxFifoEmptyCallback  stm32h7xx_hal_fdcan.o
    0x08001bbc   0x08001bbc   0x000000c4   Code   RO         2888    i.HAL_FLASHEx_Erase  stm32h7xx_hal_flash_ex.o
    0x08001c80   0x08001c80   0x0000001c   Code   RO         2782    i.HAL_FLASH_Lock    stm32h7xx_hal_flash.o
    0x08001c9c   0x08001c9c   0x00000094   Code   RO         2787    i.HAL_FLASH_Program  stm32h7xx_hal_flash.o
    0x08001d30   0x08001d30   0x0000002c   Code   RO         2789    i.HAL_FLASH_Unlock  stm32h7xx_hal_flash.o
    0x08001d5c   0x08001d5c   0x00000048   Code   RO          805    i.HAL_GPIO_EXTI_Callback  gpio.o
    0x08001da4   0x08001da4   0x00000018   Code   RO         2962    i.HAL_GPIO_EXTI_IRQHandler  stm32h7xx_hal_gpio.o
    0x08001dbc   0x08001dbc   0x00000224   Code   RO         2963    i.HAL_GPIO_Init     stm32h7xx_hal_gpio.o
    0x08001fe0   0x08001fe0   0x0000000a   Code   RO         2965    i.HAL_GPIO_ReadPin  stm32h7xx_hal_gpio.o
    0x08001fea   0x08001fea   0x0000000a   Code   RO         2967    i.HAL_GPIO_WritePin  stm32h7xx_hal_gpio.o
    0x08001ff4   0x08001ff4   0x0000000c   Code   RO         3828    i.HAL_GetTick       stm32h7xx_hal.o
    0x08002000   0x08002000   0x00000010   Code   RO         3834    i.HAL_IncTick       stm32h7xx_hal.o
    0x08002010   0x08002010   0x0000005c   Code   RO         3835    i.HAL_Init          stm32h7xx_hal.o
    0x0800206c   0x0800206c   0x00000084   Code   RO         1279    i.HAL_InitTick      stm32h7xx_hal_timebase_tim.o
    0x080020f0   0x080020f0   0x00000024   Code   RO         1255    i.HAL_MspInit       stm32h7xx_hal_msp.o
    0x08002114   0x08002114   0x0000001a   Code   RO         2345    i.HAL_NVIC_EnableIRQ  stm32h7xx_hal_cortex.o
    0x0800212e   0x0800212e   0x00000002   PAD
    0x08002130   0x08002130   0x00000040   Code   RO         2351    i.HAL_NVIC_SetPriority  stm32h7xx_hal_cortex.o
    0x08002170   0x08002170   0x00000024   Code   RO         2352    i.HAL_NVIC_SetPriorityGrouping  stm32h7xx_hal_cortex.o
    0x08002194   0x08002194   0x00000054   Code   RO         3564    i.HAL_PWREx_ConfigSupply  stm32h7xx_hal_pwr_ex.o
    0x080021e8   0x080021e8   0x00000024   Code   RO         2606    i.HAL_RCCEx_GetD3PCLK1Freq  stm32h7xx_hal_rcc_ex.o
    0x0800220c   0x0800220c   0x00000144   Code   RO         2608    i.HAL_RCCEx_GetPLL2ClockFreq  stm32h7xx_hal_rcc_ex.o
    0x08002350   0x08002350   0x00000144   Code   RO         2609    i.HAL_RCCEx_GetPLL3ClockFreq  stm32h7xx_hal_rcc_ex.o
    0x08002494   0x08002494   0x0000093a   Code   RO         2615    i.HAL_RCCEx_PeriphCLKConfig  stm32h7xx_hal_rcc_ex.o
    0x08002dce   0x08002dce   0x00000002   Code   RO         2490    i.HAL_RCC_CSSCallback  stm32h7xx_hal_rcc.o
    0x08002dd0   0x08002dd0   0x0000025c   Code   RO         2491    i.HAL_RCC_ClockConfig  stm32h7xx_hal_rcc.o
    0x0800302c   0x0800302c   0x00000010   Code   RO         2494    i.HAL_RCC_EnableCSS  stm32h7xx_hal_rcc.o
    0x0800303c   0x0800303c   0x0000005c   Code   RO         2495    i.HAL_RCC_GetClockConfig  stm32h7xx_hal_rcc.o
    0x08003098   0x08003098   0x00000044   Code   RO         2496    i.HAL_RCC_GetHCLKFreq  stm32h7xx_hal_rcc.o
    0x080030dc   0x080030dc   0x00000024   Code   RO         2498    i.HAL_RCC_GetPCLK1Freq  stm32h7xx_hal_rcc.o
    0x08003100   0x08003100   0x00000024   Code   RO         2499    i.HAL_RCC_GetPCLK2Freq  stm32h7xx_hal_rcc.o
    0x08003124   0x08003124   0x00000138   Code   RO         2500    i.HAL_RCC_GetSysClockFreq  stm32h7xx_hal_rcc.o
    0x0800325c   0x0800325c   0x00000020   Code   RO         2502    i.HAL_RCC_NMI_IRQHandler  stm32h7xx_hal_rcc.o
    0x0800327c   0x0800327c   0x00000526   Code   RO         2503    i.HAL_RCC_OscConfig  stm32h7xx_hal_rcc.o
    0x080037a2   0x080037a2   0x00000002   PAD
    0x080037a4   0x080037a4   0x0000017c   Code   RO         5380    i.HAL_SPI_Init      stm32h7xx_hal_spi.o
    0x08003920   0x08003920   0x000000ac   Code   RO          997    i.HAL_SPI_MspInit   spi.o
    0x080039cc   0x080039cc   0x00000242   Code   RO         5389    i.HAL_SPI_Transmit  stm32h7xx_hal_spi.o
    0x08003c0e   0x08003c0e   0x00000002   Code   RO         2034    i.HAL_TIMEx_Break2Callback  stm32h7xx_hal_tim_ex.o
    0x08003c10   0x08003c10   0x00000002   Code   RO         2035    i.HAL_TIMEx_BreakCallback  stm32h7xx_hal_tim_ex.o
    0x08003c12   0x08003c12   0x00000002   Code   RO         2036    i.HAL_TIMEx_CommutCallback  stm32h7xx_hal_tim_ex.o
    0x08003c14   0x08003c14   0x000000b8   Code   RO         2057    i.HAL_TIMEx_MasterConfigSynchronization  stm32h7xx_hal_tim_ex.o
    0x08003ccc   0x08003ccc   0x00000062   Code   RO         1320    i.HAL_TIM_Base_Init  stm32h7xx_hal_tim.o
    0x08003d2e   0x08003d2e   0x00000002   PAD
    0x08003d30   0x08003d30   0x00000054   Code   RO         1052    i.HAL_TIM_Base_MspInit  tim.o
    0x08003d84   0x08003d84   0x000000a0   Code   RO         1325    i.HAL_TIM_Base_Start_IT  stm32h7xx_hal_tim.o
    0x08003e24   0x08003e24   0x000000fc   Code   RO         1329    i.HAL_TIM_ConfigClockSource  stm32h7xx_hal_tim.o
    0x08003f20   0x08003f20   0x00000002   Code   RO         1354    i.HAL_TIM_IC_CaptureCallback  stm32h7xx_hal_tim.o
    0x08003f22   0x08003f22   0x00000148   Code   RO         1368    i.HAL_TIM_IRQHandler  stm32h7xx_hal_tim.o
    0x0800406a   0x0800406a   0x00000002   PAD
    0x0800406c   0x0800406c   0x00000050   Code   RO         1053    i.HAL_TIM_MspPostInit  tim.o
    0x080040bc   0x080040bc   0x00000002   Code   RO         1371    i.HAL_TIM_OC_DelayElapsedCallback  stm32h7xx_hal_tim.o
    0x080040be   0x080040be   0x00000124   Code   RO         1392    i.HAL_TIM_PWM_ConfigChannel  stm32h7xx_hal_tim.o
    0x080041e2   0x080041e2   0x00000062   Code   RO         1395    i.HAL_TIM_PWM_Init  stm32h7xx_hal_tim.o
    0x08004244   0x08004244   0x00000002   Code   RO         1397    i.HAL_TIM_PWM_MspInit  stm32h7xx_hal_tim.o
    0x08004246   0x08004246   0x00000002   Code   RO         1398    i.HAL_TIM_PWM_PulseFinishedCallback  stm32h7xx_hal_tim.o
    0x08004248   0x08004248   0x00000038   Code   RO          722    i.HAL_TIM_PeriodElapsedCallback  main.o
    0x08004280   0x08004280   0x00000002   Code   RO         1411    i.HAL_TIM_TriggerCallback  stm32h7xx_hal_tim.o
    0x08004282   0x08004282   0x00000040   Code   RO         6118    i.HAL_UARTEx_DisableFifoMode  stm32h7xx_hal_uart_ex.o
    0x080042c2   0x080042c2   0x0000004e   Code   RO         6125    i.HAL_UARTEx_ReceiveToIdle_IT  stm32h7xx_hal_uart_ex.o
    0x08004310   0x08004310   0x00000044   Code   RO         8271    i.HAL_UARTEx_RxEventCallback  ibus.o
    0x08004354   0x08004354   0x00000002   Code   RO         6126    i.HAL_UARTEx_RxFifoFullCallback  stm32h7xx_hal_uart_ex.o
    0x08004356   0x08004356   0x0000004c   Code   RO         6127    i.HAL_UARTEx_SetRxFifoThreshold  stm32h7xx_hal_uart_ex.o
    0x080043a2   0x080043a2   0x0000004c   Code   RO         6128    i.HAL_UARTEx_SetTxFifoThreshold  stm32h7xx_hal_uart_ex.o
    0x080043ee   0x080043ee   0x00000002   Code   RO         6130    i.HAL_UARTEx_TxFifoEmptyCallback  stm32h7xx_hal_uart_ex.o
    0x080043f0   0x080043f0   0x00000002   Code   RO         6131    i.HAL_UARTEx_WakeupCallback  stm32h7xx_hal_uart_ex.o
    0x080043f2   0x080043f2   0x00000002   PAD
    0x080043f4   0x080043f4   0x0000002c   Code   RO         8272    i.HAL_UART_ErrorCallback  ibus.o
    0x08004420   0x08004420   0x0000039c   Code   RO         5726    i.HAL_UART_IRQHandler  stm32h7xx_hal_uart.o
    0x080047bc   0x080047bc   0x0000006a   Code   RO         5727    i.HAL_UART_Init     stm32h7xx_hal_uart.o
    0x08004826   0x08004826   0x00000002   PAD
    0x08004828   0x08004828   0x00000124   Code   RO         1106    i.HAL_UART_MspInit  usart.o
    0x0800494c   0x0800494c   0x00000002   Code   RO         5734    i.HAL_UART_RxCpltCallback  stm32h7xx_hal_uart.o
    0x0800494e   0x0800494e   0x00000002   PAD
    0x08004950   0x08004950   0x000000b8   Code   RO         5736    i.HAL_UART_Transmit  stm32h7xx_hal_uart.o
    0x08004a08   0x08004a08   0x00000002   Code   RO         5739    i.HAL_UART_TxCpltCallback  stm32h7xx_hal_uart.o
    0x08004a0a   0x08004a0a   0x00000002   Code   RO         1167    i.HardFault_Handler  stm32h7xx_it.o
    0x08004a0c   0x08004a0c   0x00000026   Code   RO         7456    i.IRQ_Context       cmsis_os2.o
    0x08004a32   0x08004a32   0x0000003e   Code   RO          557    i.LCD_Address_Set   lcd.o
    0x08004a70   0x08004a70   0x0000008c   Code   RO          998    i.LCD_DisplayUpdate  spi.o
    0x08004afc   0x08004afc   0x00000016   Code   RO          559    i.LCD_DrawPoint     lcd.o
    0x08004b12   0x08004b12   0x00000040   Code   RO          561    i.LCD_Fill          lcd.o
    0x08004b52   0x08004b52   0x00000002   PAD
    0x08004b54   0x08004b54   0x000001a4   Code   RO          562    i.LCD_Init          lcd.o
    0x08004cf8   0x08004cf8   0x0000010c   Code   RO          563    i.LCD_ShowChar      lcd.o
    0x08004e04   0x08004e04   0x0000008c   Code   RO          564    i.LCD_ShowChinese   lcd.o
    0x08004e90   0x08004e90   0x000000fc   Code   RO          565    i.LCD_ShowChinese12x12  lcd.o
    0x08004f8c   0x08004f8c   0x000000f8   Code   RO          566    i.LCD_ShowChinese16x16  lcd.o
    0x08005084   0x08005084   0x000000fc   Code   RO          567    i.LCD_ShowChinese24x24  lcd.o
    0x08005180   0x08005180   0x000000f8   Code   RO          568    i.LCD_ShowChinese32x32  lcd.o
    0x08005278   0x08005278   0x00000050   Code   RO          572    i.LCD_ShowPicture   lcd.o
    0x080052c8   0x080052c8   0x0000003a   Code   RO          573    i.LCD_ShowString    lcd.o
    0x08005302   0x08005302   0x00000014   Code   RO          574    i.LCD_WR_DATA       lcd.o
    0x08005316   0x08005316   0x00000002   PAD
    0x08005318   0x08005318   0x0000002c   Code   RO          576    i.LCD_WR_REG        lcd.o
    0x08005344   0x08005344   0x00000034   Code   RO          577    i.LCD_Writ_Bus      lcd.o
    0x08005378   0x08005378   0x0000006c   Code   RO          931    i.MX_FDCAN1_Init    fdcan.o
    0x080053e4   0x080053e4   0x00000090   Code   RO          835    i.MX_FREERTOS_Init  freertos.o
    0x08005474   0x08005474   0x00000108   Code   RO          806    i.MX_GPIO_Init      gpio.o
    0x0800557c   0x0800557c   0x00000060   Code   RO          999    i.MX_SPI1_Init      spi.o
    0x080055dc   0x080055dc   0x000000a4   Code   RO         1054    i.MX_TIM12_Init     tim.o
    0x08005680   0x08005680   0x0000004c   Code   RO         1055    i.MX_TIM6_Init      tim.o
    0x080056cc   0x080056cc   0x0000006c   Code   RO         1107    i.MX_UART5_Init     usart.o
    0x08005738   0x08005738   0x00000068   Code   RO         1108    i.MX_USART1_UART_Init  usart.o
    0x080057a0   0x080057a0   0x00000002   Code   RO         1168    i.MemManage_Handler  stm32h7xx_it.o
    0x080057a2   0x080057a2   0x00000002   PAD
    0x080057a4   0x080057a4   0x000001a0   Code   RO         8128    i.Motor_Control     motor.o
    0x08005944   0x08005944   0x000000ec   Code   RO         8132    i.Motor_Init        motor.o
    0x08005a30   0x08005a30   0x00000050   Code   RO         8133    i.Motor_SendCurrent  motor.o
    0x08005a80   0x08005a80   0x00000030   Code   RO         8134    i.Motor_SetMode     motor.o
    0x08005ab0   0x08005ab0   0x0000000c   Code   RO         8138    i.Motor_SetTargetRPM_LF  motor.o
    0x08005abc   0x08005abc   0x0000000c   Code   RO         8139    i.Motor_SetTargetRPM_RF  motor.o
    0x08005ac8   0x08005ac8   0x00000078   Code   RO         8141    i.Motor_UpdateData  motor.o
    0x08005b40   0x08005b40   0x00000004   Code   RO         1169    i.NMI_Handler       stm32h7xx_it.o
    0x08005b44   0x08005b44   0x0000007a   Code   RO         8238    i.PID_Calculate     pid.o
    0x08005bbe   0x08005bbe   0x00000002   PAD
    0x08005bc0   0x08005bc0   0x00000018   Code   RO         8239    i.PID_Clear         pid.o
    0x08005bd8   0x08005bd8   0x0000000a   Code   RO         8240    i.PID_SetLimit      pid.o
    0x08005be2   0x08005be2   0x00000006   Code   RO         8241    i.PID_SetParam      pid.o
    0x08005be8   0x08005be8   0x0000014c   Code   RO           22    i.Prase_Motor_Feedback  drv_damiao6220.o
    0x08005d34   0x08005d34   0x00000120   Code   RO         2618    i.RCCEx_PLL2_Config  stm32h7xx_hal_rcc_ex.o
    0x08005e54   0x08005e54   0x00000120   Code   RO         2619    i.RCCEx_PLL3_Config  stm32h7xx_hal_rcc_ex.o
    0x08005f74   0x08005f74   0x00000020   Code   RO          317    i.Read_Pos_From_Flash  zdt_x57_v2motor.o
    0x08005f94   0x08005f94   0x00000068   Code   RO         8273    i.Remote_DBUS_to_RC  ibus.o
    0x08005ffc   0x08005ffc   0x000000bc   Code   RO         5400    i.SPI_CloseTransfer  stm32h7xx_hal_spi.o
    0x080060b8   0x080060b8   0x00000046   Code   RO         5417    i.SPI_WaitOnFlagUntilTimeout  stm32h7xx_hal_spi.o
    0x080060fe   0x080060fe   0x00000002   PAD
    0x08006100   0x08006100   0x00000060   Code   RO          318    i.Save_Both_Motors_To_Flash  zdt_x57_v2motor.o
    0x08006160   0x08006160   0x00000098   Code   RO          836    i.StartDefaultTask  freertos.o
    0x080061f8   0x080061f8   0x0000018c   Code   RO          837    i.StartTask02       freertos.o
    0x08006384   0x08006384   0x000000c4   Code   RO          838    i.StartTask03       freertos.o
    0x08006448   0x08006448   0x0000007c   Code   RO          839    i.StartTask04       freertos.o
    0x080064c4   0x080064c4   0x000000c4   Code   RO          840    i.StartTask05       freertos.o
    0x08006588   0x08006588   0x0000007c   Code   RO          841    i.StartTask06       freertos.o
    0x08006604   0x08006604   0x0000001a   Code   RO         7458    i.SysTick_Handler   cmsis_os2.o
    0x0800661e   0x0800661e   0x00000002   PAD
    0x08006620   0x08006620   0x00000094   Code   RO          723    i.SystemClock_Config  main.o
    0x080066b4   0x080066b4   0x000000d8   Code   RO         6238    i.SystemInit        system_stm32h7xx.o
    0x0800678c   0x0800678c   0x0000000c   Code   RO         1170    i.TIM1_UP_IRQHandler  stm32h7xx_it.o
    0x08006798   0x08006798   0x0000000c   Code   RO         1171    i.TIM6_DAC_IRQHandler  stm32h7xx_it.o
    0x080067a4   0x080067a4   0x000000e0   Code   RO         1413    i.TIM_Base_SetConfig  stm32h7xx_hal_tim.o
    0x08006884   0x08006884   0x00000012   Code   RO         1424    i.TIM_ETR_SetConfig  stm32h7xx_hal_tim.o
    0x08006896   0x08006896   0x00000002   PAD
    0x08006898   0x08006898   0x00000014   Code   RO         1425    i.TIM_ITRx_SetConfig  stm32h7xx_hal_tim.o
    0x080068ac   0x080068ac   0x000000ac   Code   RO         1426    i.TIM_OC1_SetConfig  stm32h7xx_hal_tim.o
    0x08006958   0x08006958   0x0000009c   Code   RO         1427    i.TIM_OC2_SetConfig  stm32h7xx_hal_tim.o
    0x080069f4   0x080069f4   0x0000009c   Code   RO         1428    i.TIM_OC3_SetConfig  stm32h7xx_hal_tim.o
    0x08006a90   0x08006a90   0x00000078   Code   RO         1429    i.TIM_OC4_SetConfig  stm32h7xx_hal_tim.o
    0x08006b08   0x08006b08   0x00000074   Code   RO         1430    i.TIM_OC5_SetConfig  stm32h7xx_hal_tim.o
    0x08006b7c   0x08006b7c   0x00000074   Code   RO         1431    i.TIM_OC6_SetConfig  stm32h7xx_hal_tim.o
    0x08006bf0   0x08006bf0   0x0000005c   Code   RO         1433    i.TIM_TI1_ConfigInputStage  stm32h7xx_hal_tim.o
    0x08006c4c   0x08006c4c   0x00000040   Code   RO         1435    i.TIM_TI2_ConfigInputStage  stm32h7xx_hal_tim.o
    0x08006c8c   0x08006c8c   0x00000058   Code   RO         1172    i.UART5_IRQHandler  stm32h7xx_it.o
    0x08006ce4   0x08006ce4   0x00000044   Code   RO         6132    i.UARTEx_SetNbDataToProcess  stm32h7xx_hal_uart_ex.o
    0x08006d28   0x08006d28   0x000000c8   Code   RO         5741    i.UART_AdvFeatureConfig  stm32h7xx_hal_uart.o
    0x08006df0   0x08006df0   0x000000aa   Code   RO         5742    i.UART_CheckIdleState  stm32h7xx_hal_uart.o
    0x08006e9a   0x08006e9a   0x0000000a   Code   RO         5743    i.UART_DMAAbortOnError  stm32h7xx_hal_uart.o
    0x08006ea4   0x08006ea4   0x00000054   Code   RO         5753    i.UART_EndRxTransfer  stm32h7xx_hal_uart.o
    0x08006ef8   0x08006ef8   0x000000c8   Code   RO         5755    i.UART_RxISR_16BIT  stm32h7xx_hal_uart.o
    0x08006fc0   0x08006fc0   0x000001a0   Code   RO         5756    i.UART_RxISR_16BIT_FIFOEN  stm32h7xx_hal_uart.o
    0x08007160   0x08007160   0x000000c8   Code   RO         5757    i.UART_RxISR_8BIT   stm32h7xx_hal_uart.o
    0x08007228   0x08007228   0x000001a0   Code   RO         5758    i.UART_RxISR_8BIT_FIFOEN  stm32h7xx_hal_uart.o
    0x080073c8   0x080073c8   0x000003dc   Code   RO         5759    i.UART_SetConfig    stm32h7xx_hal_uart.o
    0x080077a4   0x080077a4   0x00000110   Code   RO         5761    i.UART_Start_Receive_IT  stm32h7xx_hal_uart.o
    0x080078b4   0x080078b4   0x00000094   Code   RO         5766    i.UART_WaitOnFlagUntilTimeout  stm32h7xx_hal_uart.o
    0x08007948   0x08007948   0x00000002   Code   RO         1173    i.UsageFault_Handler  stm32h7xx_it.o
    0x0800794a   0x0800794a   0x00000002   PAD
    0x0800794c   0x0800794c   0x000000d0   Code   RO          319    i.ZDT_ArmorPlate_Move  zdt_x57_v2motor.o
    0x08007a1c   0x08007a1c   0x0000004c   Code   RO          320    i.ZDT_Enable_Motor  zdt_x57_v2motor.o
    0x08007a68   0x08007a68   0x00000044   Code   RO          321    i.ZDT_Force_Stop_Homing  zdt_x57_v2motor.o
    0x08007aac   0x08007aac   0x00000040   Code   RO          322    i.ZDT_Request_Homing_Status  zdt_x57_v2motor.o
    0x08007aec   0x08007aec   0x00000040   Code   RO          323    i.ZDT_Request_Position  zdt_x57_v2motor.o
    0x08007b2c   0x08007b2c   0x00000048   Code   RO          324    i.ZDT_Trigger_Collision_Homing  zdt_x57_v2motor.o
    0x08007b74   0x08007b74   0x00000020   Code   RO         8604    i.__0printf$8       mc_w.l(printf8.o)
    0x08007b94   0x08007b94   0x00000028   Code   RO         8606    i.__0sprintf$8      mc_w.l(printf8.o)
    0x08007bbc   0x08007bbc   0x00000022   Code   RO         2358    i.__NVIC_SetPriority  stm32h7xx_hal_cortex.o
    0x08007bde   0x08007bde   0x0000000e   Code   RO         8700    i.__scatterload_copy  mc_w.l(handlers.o)
    0x08007bec   0x08007bec   0x00000002   Code   RO         8701    i.__scatterload_null  mc_w.l(handlers.o)
    0x08007bee   0x08007bee   0x0000000e   Code   RO         8702    i.__scatterload_zeroinit  mc_w.l(handlers.o)
    0x08007bfc   0x08007bfc   0x00000404   Code   RO         8611    i._printf_core      mc_w.l(printf8.o)
    0x08008000   0x08008000   0x00000024   Code   RO         8612    i._printf_post_padding  mc_w.l(printf8.o)
    0x08008024   0x08008024   0x0000002e   Code   RO         8613    i._printf_pre_padding  mc_w.l(printf8.o)
    0x08008052   0x08008052   0x0000000a   Code   RO         8615    i._sputc            mc_w.l(printf8.o)
    0x0800805c   0x0800805c   0x00000018   Code   RO         1109    i.fputc             usart.o
    0x08008074   0x08008074   0x00000108   Code   RO          724    i.main              main.o
    0x0800817c   0x0800817c   0x00000020   Code   RO         7460    i.osDelay           cmsis_os2.o
    0x0800819c   0x0800819c   0x00000018   Code   RO         7472    i.osKernelGetTickCount  cmsis_os2.o
    0x080081b4   0x080081b4   0x00000030   Code   RO         7474    i.osKernelInitialize  cmsis_os2.o
    0x080081e4   0x080081e4   0x00000040   Code   RO         7477    i.osKernelStart     cmsis_os2.o
    0x08008224   0x08008224   0x00000074   Code   RO         7489    i.osMessageQueueGet  cmsis_os2.o
    0x08008298   0x08008298   0x00000062   Code   RO         7494    i.osMessageQueueNew  cmsis_os2.o
    0x080082fa   0x080082fa   0x00000002   PAD
    0x080082fc   0x080082fc   0x00000078   Code   RO         7495    i.osMessageQueuePut  cmsis_os2.o
    0x08008374   0x08008374   0x00000050   Code   RO         7497    i.osMutexAcquire    cmsis_os2.o
    0x080083c4   0x080083c4   0x00000064   Code   RO         7500    i.osMutexNew        cmsis_os2.o
    0x08008428   0x08008428   0x00000044   Code   RO         7501    i.osMutexRelease    cmsis_os2.o
    0x0800846c   0x0800846c   0x00000092   Code   RO         7519    i.osThreadNew       cmsis_os2.o
    0x080084fe   0x080084fe   0x00000002   PAD
    0x08008500   0x08008500   0x00000078   Code   RO         6898    i.prvAddCurrentTaskToDelayedList  tasks.o
    0x08008578   0x08008578   0x000000f0   Code   RO         6899    i.prvAddNewTaskToReadyList  tasks.o
    0x08008668   0x08008668   0x00000058   Code   RO         7269    i.prvCheckForValidListAndQueue  timers.o
    0x080086c0   0x080086c0   0x00000026   Code   RO         6471    i.prvCopyDataFromQueue  queue.o
    0x080086e6   0x080086e6   0x0000006c   Code   RO         6472    i.prvCopyDataToQueue  queue.o
    0x08008752   0x08008752   0x00000034   Code   RO         6900    i.prvDeleteTCB      tasks.o
    0x08008786   0x08008786   0x00000002   PAD
    0x08008788   0x08008788   0x00000048   Code   RO         7972    i.prvHeapInit       heap_4.o
    0x080087d0   0x080087d0   0x00000060   Code   RO         6901    i.prvIdleTask       tasks.o
    0x08008830   0x08008830   0x00000016   Code   RO         6473    i.prvInitialiseMutex  queue.o
    0x08008846   0x08008846   0x00000002   PAD
    0x08008848   0x08008848   0x00000022   Code   RO         6474    i.prvInitialiseNewQueue  queue.o
    0x0800886a   0x0800886a   0x000000a6   Code   RO         6902    i.prvInitialiseNewTask  tasks.o
    0x08008910   0x08008910   0x0000004c   Code   RO         7973    i.prvInsertBlockIntoFreeList  heap_4.o
    0x0800895c   0x0800895c   0x0000003c   Code   RO         7271    i.prvInsertTimerInActiveList  timers.o
    0x08008998   0x08008998   0x0000001c   Code   RO         6475    i.prvIsQueueEmpty   queue.o
    0x080089b4   0x080089b4   0x00000040   Code   RO         7272    i.prvProcessExpiredTimer  timers.o
    0x080089f4   0x080089f4   0x000000f0   Code   RO         7273    i.prvProcessReceivedCommands  timers.o
    0x08008ae4   0x08008ae4   0x0000006c   Code   RO         7274    i.prvProcessTimerOrBlockTask  timers.o
    0x08008b50   0x08008b50   0x00000028   Code   RO         7275    i.prvReloadTimer    timers.o
    0x08008b78   0x08008b78   0x0000001c   Code   RO         6904    i.prvResetNextTaskUnblockTime  tasks.o
    0x08008b94   0x08008b94   0x00000048   Code   RO         7276    i.prvSampleTimeNow  timers.o
    0x08008bdc   0x08008bdc   0x00000028   Code   RO         8034    i.prvTaskExitError  port.o
    0x08008c04   0x08008c04   0x00000024   Code   RO         7277    i.prvTimerTask      timers.o
    0x08008c28   0x08008c28   0x0000006a   Code   RO         6476    i.prvUnlockQueue    queue.o
    0x08008c92   0x08008c92   0x00000002   PAD
    0x08008c94   0x08008c94   0x000000d0   Code   RO         7975    i.pvPortMalloc      heap_4.o
    0x08008d64   0x08008d64   0x00000018   Code   RO         6907    i.pvTaskIncrementMutexHeldCount  tasks.o
    0x08008d7c   0x08008d7c   0x00000030   Code   RO         8035    i.pxPortInitialiseStack  port.o
    0x08008dac   0x08008dac   0x0000000c   Code   RO          213    i.set_pid_mode      6220pid.o
    0x08008db8   0x08008db8   0x0000000c   Code   RO          214    i.set_position      6220pid.o
    0x08008dc4   0x08008dc4   0x0000000c   Code   RO          215    i.set_velocity      6220pid.o
    0x08008dd0   0x08008dd0   0x000001c4   Code   RO          216    i.update_pid        6220pid.o
    0x08008f94   0x08008f94   0x00000026   Code   RO         6431    i.uxListRemove      list.o
    0x08008fba   0x08008fba   0x00000002   PAD
    0x08008fbc   0x08008fbc   0x0000000c   Code   RO         6910    i.uxTaskGetNumberOfTasks  tasks.o
    0x08008fc8   0x08008fc8   0x00000018   Code   RO         7531    i.vApplicationGetIdleTaskMemory  cmsis_os2.o
    0x08008fe0   0x08008fe0   0x00000018   Code   RO         7532    i.vApplicationGetTimerTaskMemory  cmsis_os2.o
    0x08008ff8   0x08008ff8   0x00000016   Code   RO         6432    i.vListInitialise   list.o
    0x0800900e   0x0800900e   0x00000006   Code   RO         6433    i.vListInitialiseItem  list.o
    0x08009014   0x08009014   0x00000030   Code   RO         6434    i.vListInsert       list.o
    0x08009044   0x08009044   0x00000040   Code   RO         8037    i.vPortEnterCritical  port.o
    0x08009084   0x08009084   0x00000028   Code   RO         8038    i.vPortExitCritical  port.o
    0x080090ac   0x080090ac   0x00000064   Code   RO         7976    i.vPortFree         heap_4.o
    0x08009110   0x08009110   0x00000024   Code   RO         8039    i.vPortSetupTimerInterrupt  port.o
    0x08009134   0x08009134   0x00000054   Code   RO         8040    i.vPortValidateInterruptPriority  port.o
    0x08009188   0x08009188   0x00000050   Code   RO         6484    i.vQueueAddToRegistry  queue.o
    0x080091d8   0x080091d8   0x00000044   Code   RO         6488    i.vQueueWaitForMessageRestricted  queue.o
    0x0800921c   0x0800921c   0x0000004c   Code   RO         6917    i.vTaskDelay        tasks.o
    0x08009268   0x08009268   0x00000010   Code   RO         6922    i.vTaskInternalSetTimeOutState  tasks.o
    0x08009278   0x08009278   0x0000000c   Code   RO         6923    i.vTaskMissedYield  tasks.o
    0x08009284   0x08009284   0x00000030   Code   RO         6924    i.vTaskPlaceOnEventList  tasks.o
    0x080092b4   0x080092b4   0x00000050   Code   RO         6925    i.vTaskPlaceOnEventListRestricted  tasks.o
    0x08009304   0x08009304   0x000000b4   Code   RO         6927    i.vTaskPriorityDisinheritAfterTimeout  tasks.o
    0x080093b8   0x080093b8   0x00000084   Code   RO         6933    i.vTaskStartScheduler  tasks.o
    0x0800943c   0x0800943c   0x00000010   Code   RO         6935    i.vTaskSuspendAll   tasks.o
    0x0800944c   0x0800944c   0x00000064   Code   RO         6936    i.vTaskSwitchContext  tasks.o
    0x080094b0   0x080094b0   0x00000100   Code   RO         8041    i.xPortStartScheduler  port.o
    0x080095b0   0x080095b0   0x0000002c   Code   RO         8042    i.xPortSysTickHandler  port.o
    0x080095dc   0x080095dc   0x00000016   Code   RO         6491    i.xQueueCreateMutex  queue.o
    0x080095f2   0x080095f2   0x0000001a   Code   RO         6492    i.xQueueCreateMutexStatic  queue.o
    0x0800960c   0x0800960c   0x00000054   Code   RO         6493    i.xQueueGenericCreate  queue.o
    0x08009660   0x08009660   0x00000046   Code   RO         6494    i.xQueueGenericCreateStatic  queue.o
    0x080096a6   0x080096a6   0x00000002   PAD
    0x080096a8   0x080096a8   0x000000bc   Code   RO         6496    i.xQueueGenericReset  queue.o
    0x08009764   0x08009764   0x00000160   Code   RO         6497    i.xQueueGenericSend  queue.o
    0x080098c4   0x080098c4   0x000000da   Code   RO         6498    i.xQueueGenericSendFromISR  queue.o
    0x0800999e   0x0800999e   0x0000003e   Code   RO         6502    i.xQueueGiveMutexRecursive  queue.o
    0x080099dc   0x080099dc   0x0000013c   Code   RO         6507    i.xQueueReceive     queue.o
    0x08009b18   0x08009b18   0x000000b8   Code   RO         6508    i.xQueueReceiveFromISR  queue.o
    0x08009bd0   0x08009bd0   0x00000168   Code   RO         6509    i.xQueueSemaphoreTake  queue.o
    0x08009d38   0x08009d38   0x0000003c   Code   RO         6510    i.xQueueTakeMutexRecursive  queue.o
    0x08009d74   0x08009d74   0x00000074   Code   RO         6938    i.xTaskCheckForTimeOut  tasks.o
    0x08009de8   0x08009de8   0x00000060   Code   RO         6939    i.xTaskCreate       tasks.o
    0x08009e48   0x08009e48   0x00000072   Code   RO         6940    i.xTaskCreateStatic  tasks.o
    0x08009eba   0x08009eba   0x00000002   PAD
    0x08009ebc   0x08009ebc   0x0000000c   Code   RO         6946    i.xTaskGetCurrentTaskHandle  tasks.o
    0x08009ec8   0x08009ec8   0x0000001c   Code   RO         6947    i.xTaskGetSchedulerState  tasks.o
    0x08009ee4   0x08009ee4   0x0000000c   Code   RO         6949    i.xTaskGetTickCount  tasks.o
    0x08009ef0   0x08009ef0   0x00000010   Code   RO         6950    i.xTaskGetTickCountFromISR  tasks.o
    0x08009f00   0x08009f00   0x00000130   Code   RO         6951    i.xTaskIncrementTick  tasks.o
    0x0800a030   0x0800a030   0x000000a8   Code   RO         6952    i.xTaskPriorityDisinherit  tasks.o
    0x0800a0d8   0x0800a0d8   0x000000a0   Code   RO         6953    i.xTaskPriorityInherit  tasks.o
    0x0800a178   0x0800a178   0x000000dc   Code   RO         6954    i.xTaskRemoveFromEventList  tasks.o
    0x0800a254   0x0800a254   0x00000140   Code   RO         6955    i.xTaskResumeAll    tasks.o
    0x0800a394   0x0800a394   0x00000060   Code   RO         7286    i.xTimerCreateTimerTask  timers.o
    0x0800a3f4   0x0800a3f4   0x00003734   Data   RO          579    .constdata          lcd.o
    0x0800db28   0x0800db28   0x00001b58   Data   RO          726    .constdata          main.o
    0x0800f680   0x0800f680   0x00000100   Data   RO          843    .constdata          freertos.o
    0x0800f780   0x0800f780   0x0000001a   Data   RO         1001    .constdata          spi.o
    0x0800f79a   0x0800f79a   0x00000002   PAD
    0x0800f79c   0x0800f79c   0x0000005c   Data   RO         4851    .constdata          stm32h7xx_hal_fdcan.o
    0x0800f7f8   0x0800f7f8   0x00000018   Data   RO         5767    .constdata          stm32h7xx_hal_uart.o
    0x0800f810   0x0800f810   0x00000010   Data   RO         6133    .constdata          stm32h7xx_hal_uart_ex.o
    0x0800f820   0x0800f820   0x00000010   Data   RO         6239    .constdata          system_stm32h7xx.o
    0x0800f830   0x0800f830   0x0000007c   Data   RO          844    .conststring        freertos.o
    0x0800f8ac   0x0800f8ac   0x00000020   Data   RO         8698    Region$$Table       anon$$obj.o


    Execution Region RW_IRAM1 (Exec base: 0x20000000, Load base: 0x0800f8cc, Size: 0x00000000, Max: 0x00020000, ABSOLUTE)

    **** No section assigned to this execution region ****


    Execution Region RW_IRAM2 (Exec base: 0x24000000, Load base: 0x0800f8cc, Size: 0x00005318, Max: 0x00050000, ABSOLUTE, COMPRESSED[0x00000040])

    Exec Addr    Load Addr    Size         Type   Attr      Idx    E Section Name        Object

    0x24000000   COMPRESSED   0x00000018   Data   RW          217    .data               6220pid.o
    0x24000018   COMPRESSED   0x00000082   Data   RW          580    .data               lcd.o
    0x2400009a   COMPRESSED   0x00000004   Data   RW          727    .data               main.o
    0x2400009e   COMPRESSED   0x00000004   Data   RW          728    .data               main.o
    0x240000a2   COMPRESSED   0x00000001   Data   RW          729    .data               main.o
    0x240000a3   COMPRESSED   0x00000001   PAD
    0x240000a4   COMPRESSED   0x00000028   Data   RW          845    .data               freertos.o
    0x240000cc   COMPRESSED   0x00000010   Data   RW         1002    .data               spi.o
    0x240000dc   COMPRESSED   0x0000000c   Data   RW         3859    .data               stm32h7xx_hal.o
    0x240000e8   COMPRESSED   0x00000008   Data   RW         6240    .data               system_stm32h7xx.o
    0x240000f0   COMPRESSED   0x00000040   Data   RW         6958    .data               tasks.o
    0x24000130   COMPRESSED   0x00000014   Data   RW         7297    .data               timers.o
    0x24000144   COMPRESSED   0x00000004   Data   RW         7534    .data               cmsis_os2.o
    0x24000148   COMPRESSED   0x0000001c   Data   RW         7982    .data               heap_4.o
    0x24000164   COMPRESSED   0x0000000c   Data   RW         8043    .data               port.o
    0x24000170   COMPRESSED   0x0000001c   Data   RW         8143    .data               motor.o
    0x2400018c   COMPRESSED   0x0000000c   Data   RW         8275    .data               ibus.o
    0x24000198   COMPRESSED   0x00000004   Data   RW         8277    .data               ibus.o
    0x2400019c   COMPRESSED   0x00000004   Data   RW         8278    .data               ibus.o
    0x240001a0   COMPRESSED   0x00000004   Data   RW         8279    .data               ibus.o
    0x240001a4   COMPRESSED   0x00000004   Data   RW         8280    .data               ibus.o
    0x240001a8   COMPRESSED   0x00000004   Data   RW         8281    .data               ibus.o
    0x240001ac   COMPRESSED   0x00000004   Data   RW         8674    .data               mc_w.l(stdout.o)
    0x240001b0        -       0x0000000c   Zero   RW           23    .bss                drv_damiao6220.o
    0x240001bc   COMPRESSED   0x00000004   PAD
    0x240001c0        -       0x00000020   Zero   RW          326    .bss                zdt_x57_v2motor.o
    0x240001e0        -       0x00000048   Zero   RW          842    .bss                freertos.o
    0x24000228        -       0x000000a0   Zero   RW          932    .bss                fdcan.o
    0x240002c8        -       0x00000088   Zero   RW         1000    .bss                spi.o
    0x24000350        -       0x00000098   Zero   RW         1056    .bss                tim.o
    0x240003e8        -       0x00000128   Zero   RW         1110    .bss                usart.o
    0x24000510        -       0x0000004c   Zero   RW         1282    .bss                stm32h7xx_hal_timebase_tim.o
    0x2400055c        -       0x0000001c   Zero   RW         2790    .bss                stm32h7xx_hal_flash.o
    0x24000578        -       0x00000040   Zero   RW         6511    .bss                queue.o
    0x240005b8        -       0x000004c4   Zero   RW         6957    .bss                tasks.o
    0x24000a7c        -       0x00000118   Zero   RW         7296    .bss                timers.o
    0x24000b94        -       0x000006b8   Zero   RW         7533    .bss                cmsis_os2.o
    0x2400124c        -       0x00003c00   Zero   RW         7981    .bss                heap_4.o
    0x24004e4c        -       0x000000b0   Zero   RW         8142    .bss                motor.o
    0x24004efc        -       0x0000001c   Zero   RW         8274    .bss                ibus.o
    0x24004f18        -       0x00000400   Zero   RW            1    STACK               startup_stm32h723xx.o


==============================================================================

Image component sizes


      Code (inc. data)   RO Data    RW Data    ZI Data      Debug   Object Name

       552         98          0         24          0      12493   6220pid.o
         0          0          0          0          0       1444   bsp_fdcan.o
        36          6          0          0          0        695   chassis.o
      1008         32          0          4       1720      77301   cmsis_os2.o
       608        184          0          0         12    1252849   drv_damiao6220.o
         0          0          0          0          0      24212   event_groups.o
       564         44          0          0        160       6646   fdcan.o
      1332        232        380         40         72      11553   freertos.o
       336         28          0          0          0       1828   gpio.o
       456         22          0         28      15360       5655   heap_4.o
       216         38          0         32         28       3394   ibus.o
      2230         54      14132        130          0      16337   lcd.o
       114          0          0          0          0       3133   list.o
       472         38       7000          9          0       4794   main.o
       924        104          0         28        176       6828   motor.o
       162          6          0          0          0       2894   pid.o
       802         84          0         12          0      11873   port.o
      2426         28          0          0         64      26879   queue.o
       408         40         26         16        136       2968   spi.o
        44         12        716          0       1024        840   startup_stm32h723xx.o
       156         32          0         12          0      23058   stm32h7xx_hal.o
       160         12          0          0          0      37918   stm32h7xx_hal_cortex.o
      1404         70          0          0          0       3983   stm32h7xx_hal_dma.o
      2960         50         92          0          0      23000   stm32h7xx_hal_fdcan.o
       340         40          0          0         28      13882   stm32h7xx_hal_flash.o
       268         20          0          0          0       4545   stm32h7xx_hal_flash_ex.o
       592         46          0          0          0       3630   stm32h7xx_hal_gpio.o
        36          4          0          0          0        954   stm32h7xx_hal_msp.o
        84          6          0          0          0        789   stm32h7xx_hal_pwr_ex.o
      2516        120          0          0          0       9524   stm32h7xx_hal_rcc.o
      3622        112          0          0          0       7833   stm32h7xx_hal_rcc_ex.o
      1216         14          0          0          0       4842   stm32h7xx_hal_spi.o
      2492        282          0          0          0      17298   stm32h7xx_hal_tim.o
       190         38          0          0          0       3284   stm32h7xx_hal_tim_ex.o
       132         22          0          0         76       1587   stm32h7xx_hal_timebase_tim.o
      4322        200         24          0          0      36016   stm32h7xx_hal_uart.o
       368          6         16          0          0       6448   stm32h7xx_hal_uart_ex.o
       144         42          0          0          0       5248   stm32h7xx_it.o
         0          0          0          0          0        384   stream_buffer.o
       244         38         16          8          0       2001   system_stm32h7xx.o
      2964        212          0         64       1220      35283   tasks.o
       404         42          0          0        152       3219   tim.o
       804         82          0         20        280      33614   timers.o
       528         52          0          0        296       4533   usart.o
       964        194          0          0         32     949065   zdt_x57_v2motor.o

    ----------------------------------------------------------------------
     39654       2786      22436        428      20840    2706554   Object Totals
         0          0         32          0          0          0   (incl. Generated)
        54          0          2          1          4          0   (incl. Padding)

    ----------------------------------------------------------------------

      Code (inc. data)   RO Data    RW Data    ZI Data      Debug   Library Member Name

        86          0          0          0          0          0   __dczerorl2.o
         0          0          0          0          0          0   entry.o
         0          0          0          0          0          0   entry10a.o
         0          0          0          0          0          0   entry11a.o
         4          0          0          0          0          0   entry12b.o
         8          4          0          0          0          0   entry2.o
         4          0          0          0          0          0   entry5.o
         0          0          0          0          0          0   entry7b.o
         0          0          0          0          0          0   entry8b.o
         8          4          0          0          0          0   entry9a.o
        30          0          0          0          0          0   handlers.o
        36          8          0          0          0         68   init.o
        30          0          0          0          0         68   llshl.o
        32          0          0          0          0         68   llushr.o
        36          0          0          0          0         68   memcpya.o
        36          0          0          0          0        108   memseta.o
      1192         60          0          0          0        504   printf8.o
         0          0          0          4          0          0   stdout.o
        98          0          0          0          0         92   uldiv.o

    ----------------------------------------------------------------------
      1602         76          0          4          0        976   Library Totals
         2          0          0          0          0          0   (incl. Padding)

    ----------------------------------------------------------------------

      Code (inc. data)   RO Data    RW Data    ZI Data      Debug   Library Name

      1600         76          0          4          0        976   mc_w.l

    ----------------------------------------------------------------------
      1602         76          0          4          0        976   Library Totals

    ----------------------------------------------------------------------

==============================================================================


      Code (inc. data)   RO Data    RW Data    ZI Data      Debug   

     41256       2862      22436        432      20840    2678946   Grand Totals
     41256       2862      22436         64      20840    2678946   ELF Image Totals (compressed)
     41256       2862      22436         64          0          0   ROM Totals

==============================================================================

    Total RO  Size (Code + RO Data)                63692 (  62.20kB)
    Total RW  Size (RW Data + ZI Data)             21272 (  20.77kB)
    Total ROM Size (Code + RO Data + RW Data)      63756 (  62.26kB)

==============================================================================

