Component: ARM Compiler 5.06 update 7 (build 960) Tool: armlink [4d3601]

==============================================================================

Section Cross References

    startup_stm32h723xx.o(RESET) refers to startup_stm32h723xx.o(STACK) for __initial_sp
    startup_stm32h723xx.o(RESET) refers to startup_stm32h723xx.o(.text) for Reset_Handler
    startup_stm32h723xx.o(RESET) refers to stm32h7xx_it.o(i.NMI_Handler) for NMI_Handler
    startup_stm32h723xx.o(RESET) refers to stm32h7xx_it.o(i.HardFault_Handler) for HardFault_Handler
    startup_stm32h723xx.o(RESET) refers to stm32h7xx_it.o(i.MemManage_Handler) for MemManage_Handler
    startup_stm32h723xx.o(RESET) refers to stm32h7xx_it.o(i.BusFault_Handler) for BusFault_Handler
    startup_stm32h723xx.o(RESET) refers to stm32h7xx_it.o(i.UsageFault_Handler) for UsageFault_Handler
    startup_stm32h723xx.o(RESET) refers to port.o(.emb_text) for SVC_Handler
    startup_stm32h723xx.o(RESET) refers to stm32h7xx_it.o(i.DebugMon_Handler) for DebugMon_Handler
    startup_stm32h723xx.o(RESET) refers to cmsis_os2.o(i.SysTick_Handler) for SysTick_Handler
    startup_stm32h723xx.o(RESET) refers to stm32h7xx_it.o(i.FDCAN1_IT0_IRQHandler) for FDCAN1_IT0_IRQHandler
    startup_stm32h723xx.o(RESET) refers to stm32h7xx_it.o(i.EXTI9_5_IRQHandler) for EXTI9_5_IRQHandler
    startup_stm32h723xx.o(RESET) refers to stm32h7xx_it.o(i.TIM1_UP_IRQHandler) for TIM1_UP_IRQHandler
    startup_stm32h723xx.o(RESET) refers to stm32h7xx_it.o(i.UART5_IRQHandler) for UART5_IRQHandler
    startup_stm32h723xx.o(RESET) refers to stm32h7xx_it.o(i.TIM6_DAC_IRQHandler) for TIM6_DAC_IRQHandler
    startup_stm32h723xx.o(.text) refers to system_stm32h7xx.o(i.ExitRun0Mode) for ExitRun0Mode
    startup_stm32h723xx.o(.text) refers to system_stm32h7xx.o(i.SystemInit) for SystemInit
    startup_stm32h723xx.o(.text) refers to entry.o(.ARM.Collect$$$$00000000) for __main
    drv_damiao6220.o(i.DRV6220_Control_Torque) refers to stm32h7xx_hal_fdcan.o(i.HAL_FDCAN_AddMessageToTxFifoQ) for HAL_FDCAN_AddMessageToTxFifoQ
    drv_damiao6220.o(i.DRV6220_Control_Torque) refers to fdcan.o(.bss) for hfdcan1
    drv_damiao6220.o(i.DRV6220_Disable_Motor) refers to stm32h7xx_hal_fdcan.o(i.HAL_FDCAN_AddMessageToTxFifoQ) for HAL_FDCAN_AddMessageToTxFifoQ
    drv_damiao6220.o(i.DRV6220_Disable_Motor) refers to fdcan.o(.bss) for hfdcan1
    drv_damiao6220.o(i.DRV6220_Enable_Motor) refers to stm32h7xx_hal_fdcan.o(i.HAL_FDCAN_AddMessageToTxFifoQ) for HAL_FDCAN_AddMessageToTxFifoQ
    drv_damiao6220.o(i.DRV6220_Enable_Motor) refers to fdcan.o(.bss) for hfdcan1
    drv_damiao6220.o(i.Prase_Motor_Feedback) refers to printf8.o(i.__0printf$8) for __2printf
    drv_damiao6220.o(i.Prase_Motor_Feedback) refers to drv_damiao6220.o(.bss) for .bss
    6220pid.o(i.clear_velocity_pid) refers to 6220pid.o(.data) for .data
    6220pid.o(i.get_pid_mode) refers to 6220pid.o(.data) for .data
    6220pid.o(i.get_target_velocity) refers to 6220pid.o(.data) for .data
    6220pid.o(i.set_pid_mode) refers to 6220pid.o(.data) for .data
    6220pid.o(i.set_position) refers to 6220pid.o(.data) for .data
    6220pid.o(i.set_velocity) refers to 6220pid.o(.data) for .data
    6220pid.o(i.update_pid_p) refers to cmsis_os2.o(i.osKernelGetTickCount) for osKernelGetTickCount
    6220pid.o(i.update_pid_p) refers to 6220pid.o(.data) for .data
    6220pid.o(i.update_pid_p) refers to drv_damiao6220.o(.bss) for motor_movestate
    6220pid.o(i.update_pid_v) refers to cmsis_os2.o(i.osKernelGetTickCount) for osKernelGetTickCount
    6220pid.o(i.update_pid_v) refers to 6220pid.o(i.Feedforward_Friction) for Feedforward_Friction
    6220pid.o(i.update_pid_v) refers to 6220pid.o(.data) for .data
    6220pid.o(i.update_pid_v) refers to drv_damiao6220.o(.bss) for motor_movestate
    zdt_x57_v2motor.o(i.ArmorPlate_Homing) refers to cmsis_os2.o(i.osDelay) for osDelay
    zdt_x57_v2motor.o(i.ArmorPlate_Homing) refers to zdt_x57_v2motor.o(i.ZDT_Trigger_Collision_Homing) for ZDT_Trigger_Collision_Homing
    zdt_x57_v2motor.o(i.ArmorPlate_Homing) refers to zdt_x57_v2motor.o(i.ZDT_Request_Homing_Status) for ZDT_Request_Homing_Status
    zdt_x57_v2motor.o(i.ArmorPlate_Homing) refers to printf8.o(i.__0printf$8) for __2printf
    zdt_x57_v2motor.o(i.ArmorPlate_Homing) refers to zdt_x57_v2motor.o(i.ZDT_Force_Stop_Homing) for ZDT_Force_Stop_Homing
    zdt_x57_v2motor.o(i.ArmorPlate_Homing) refers to freertos.o(.bss) for zdt_motor
    zdt_x57_v2motor.o(i.Save_Both_Motors_To_Flash) refers to memseta.o(.text) for __aeabi_memset
    zdt_x57_v2motor.o(i.Save_Both_Motors_To_Flash) refers to stm32h7xx_hal_flash.o(i.HAL_FLASH_Unlock) for HAL_FLASH_Unlock
    zdt_x57_v2motor.o(i.Save_Both_Motors_To_Flash) refers to stm32h7xx_hal_flash_ex.o(i.HAL_FLASHEx_Erase) for HAL_FLASHEx_Erase
    zdt_x57_v2motor.o(i.Save_Both_Motors_To_Flash) refers to stm32h7xx_hal_flash.o(i.HAL_FLASH_Lock) for HAL_FLASH_Lock
[...]
    FDCAN2_IT0_IRQHandler                    0x080003c3   Thumb Code     0  startup_stm32h723xx.o(.text)
    FDCAN2_IT1_IRQHandler                    0x080003c3   Thumb Code     0  startup_stm32h723xx.o(.text)
    FDCAN3_IT0_IRQHandler                    0x080003c3   Thumb Code     0  startup_stm32h723xx.o(.text)
    FDCAN3_IT1_IRQHandler                    0x080003c3   Thumb Code     0  startup_stm32h723xx.o(.text)
    FDCAN_CAL_IRQHandler                     0x080003c3   Thumb Code     0  startup_stm32h723xx.o(.text)
    FLASH_IRQHandler                         0x080003c3   Thumb Code     0  startup_stm32h723xx.o(.text)
    FMAC_IRQHandler                          0x080003c3   Thumb Code     0  startup_stm32h723xx.o(.text)
    FMC_IRQHandler                           0x080003c3   Thumb Code     0  startup_stm32h723xx.o(.text)
    FPU_IRQHandler                           0x080003c3   Thumb Code     0  startup_stm32h723xx.o(.text)
    HSEM1_IRQHandler                         0x080003c3   Thumb Code     0  startup_stm32h723xx.o(.text)
    I2C1_ER_IRQHandler                       0x080003c3   Thumb Code     0  startup_stm32h723xx.o(.text)
    I2C1_EV_IRQHandler                       0x080003c3   Thumb Code     0  startup_stm32h723xx.o(.text)
    I2C2_ER_IRQHandler                       0x080003c3   Thumb Code     0  startup_stm32h723xx.o(.text)
    I2C2_EV_IRQHandler                       0x080003c3   Thumb Code     0  startup_stm32h723xx.o(.text)
    I2C3_ER_IRQHandler                       0x080003c3   Thumb Code     0  startup_stm32h723xx.o(.text)
    I2C3_EV_IRQHandler                       0x080003c3   Thumb Code     0  startup_stm32h723xx.o(.text)
    I2C4_ER_IRQHandler                       0x080003c3   Thumb Code     0  startup_stm32h723xx.o(.text)
    I2C4_EV_IRQHandler                       0x080003c3   Thumb Code     0  startup_stm32h723xx.o(.text)
    I2C5_ER_IRQHandler                       0x080003c3   Thumb Code     0  startup_stm32h723xx.o(.text)
    I2C5_EV_IRQHandler                       0x080003c3   Thumb Code     0  startup_stm32h723xx.o(.text)
    LPTIM1_IRQHandler                        0x080003c3   Thumb Code     0  startup_stm32h723xx.o(.text)
    LPTIM2_IRQHandler                        0x080003c3   Thumb Code     0  startup_stm32h723xx.o(.text)
    LPTIM3_IRQHandler                        0x080003c3   Thumb Code     0  startup_stm32h723xx.o(.text)
    LPTIM4_IRQHandler                        0x080003c3   Thumb Code     0  startup_stm32h723xx.o(.text)
    LPTIM5_IRQHandler                        0x080003c3   Thumb Code     0  startup_stm32h723xx.o(.text)
    LPUART1_IRQHandler                       0x080003c3   Thumb Code     0  startup_stm32h723xx.o(.text)
    LTDC_ER_IRQHandler                       0x080003c3   Thumb Code     0  startup_stm32h723xx.o(.text)
    LTDC_IRQHandler                          0x080003c3   Thumb Code     0  startup_stm32h723xx.o(.text)
    MDIOS_IRQHandler                         0x080003c3   Thumb Code     0  startup_stm32h723xx.o(.text)
    MDIOS_WKUP_IRQHandler                    0x080003c3   Thumb Code     0  startup_stm32h723xx.o(.text)
    MDMA_IRQHandler                          0x080003c3   Thumb Code     0  startup_stm32h723xx.o(.text)
    OCTOSPI1_IRQHandler                      0x080003c3   Thumb Code     0  startup_stm32h723xx.o(.text)
    OCTOSPI2_IRQHandler                      0x080003c3   Thumb Code     0  startup_stm32h723xx.o(.text)
    OTG_HS_EP1_IN_IRQHandler                 0x080003c3   Thumb Code     0  startup_stm32h723xx.o(.text)
    OTG_HS_EP1_OUT_IRQHandler                0x080003c3   Thumb Code     0  startup_stm32h723xx.o(.text)
    OTG_HS_IRQHandler                        0x080003c3   Thumb Code     0  startup_stm32h723xx.o(.text)
    OTG_HS_WKUP_IRQHandler                   0x080003c3   Thumb Code     0  startup_stm32h723xx.o(.text)
    PVD_AVD_IRQHandler                       0x080003c3   Thumb Code     0  startup_stm32h723xx.o(.text)
    RCC_IRQHandler                           0x080003c3   Thumb Code     0  startup_stm32h723xx.o(.text)
    RNG_IRQHandler                           0x080003c3   Thumb Code     0  startup_stm32h723xx.o(.text)
    RTC_Alarm_IRQHandler                     0x080003c3   Thumb Code     0  startup_stm32h723xx.o(.text)
    RTC_WKUP_IRQHandler                      0x080003c3   Thumb Code     0  startup_stm32h723xx.o(.text)
    SAI1_IRQHandler                          0x080003c3   Thumb Code     0  startup_stm32h723xx.o(.text)
    SAI4_IRQHandler                          0x080003c3   Thumb Code     0  startup_stm32h723xx.o(.text)
    SDMMC1_IRQHandler                        0x080003c3   Thumb Code     0  startup_stm32h723xx.o(.text)
    SDMMC2_IRQHandler                        0x080003c3   Thumb Code     0  startup_stm32h723xx.o(.text)
    SPDIF_RX_IRQHandler                      0x080003c3   Thumb Code     0  startup_stm32h723xx.o(.text)
    SPI1_IRQHandler                          0x080003c3   Thumb Code     0  startup_stm32h723xx.o(.text)
    SPI2_IRQHandler                          0x080003c3   Thumb Code     0  startup_stm32h723xx.o(.text)
    SPI3_IRQHandler                          0x080003c3   Thumb Code     0  startup_stm32h723xx.o(.text)
    SPI4_IRQHandler                          0x080003c3   Thumb Code     0  startup_stm32h723xx.o(.text)
    SPI5_IRQHandler                          0x080003c3   Thumb Code     0  startup_stm32h723xx.o(.text)
    SPI6_IRQHandler                          0x080003c3   Thumb Code     0  startup_stm32h723xx.o(.text)
    SWPMI1_IRQHandler                        0x080003c3   Thumb Code     0  startup_stm32h723xx.o(.text)
    TAMP_STAMP_IRQHandler                    0x080003c3   Thumb Code     0  startup_stm32h723xx.o(.text)
    TIM15_IRQHandler                         0x080003c3   Thumb Code     0  startup_stm32h723xx.o(.text)
    TIM16_IRQHandler                         0x080003c3   Thumb Code     0  startup_stm32h723xx.o(.text)
    TIM17_IRQHandler                         0x080003c3   Thumb Code     0  startup_stm32h723xx.o(.text)
    TIM1_BRK_IRQHandler                      0x080003c3   Thumb Code     0  startup_stm32h723xx.o(.text)
    TIM1_CC_IRQHandler                       0x080003c3   Thumb Code     0  startup_stm32h723xx.o(.text)
    TIM1_TRG_COM_IRQHandler                  0x080003c3   Thumb Code     0  startup_stm32h723xx.o(.text)
    TIM23_IRQHandler                         0x080003c3   Thumb Code     0  startup_stm32h723xx.o(.text)
    TIM24_IRQHandler                         0x080003c3   Thumb Code     0  startup_stm32h723xx.o(.text)
    TIM2_IRQHandler                          0x080003c3   Thumb Code     0  startup_stm32h723xx.o(.text)
    TIM3_IRQHandler                          0x080003c3   Thumb Code     0  startup_stm32h723xx.o(.text)
    TIM4_IRQHandler                          0x080003c3   Thumb Code     0  startup_stm32h723xx.o(.text)
    TIM5_IRQHandler                          0x080003c3   Thumb Code     0  startup_stm32h723xx.o(.text)
    TIM7_IRQHandler                          0x080003c3   Thumb Code     0  startup_stm32h723xx.o(.text)
    TIM8_BRK_TIM12_IRQHandler                0x080003c3   Thumb Code     0  startup_stm32h723xx.o(.text)
    TIM8_CC_IRQHandler                       0x080003c3   Thumb Code     0  startup_stm32h723xx.o(.text)
    TIM8_TRG_COM_TIM14_IRQHandler            0x080003c3   Thumb Code     0  startup_stm32h723xx.o(.text)
    TIM8_UP_TIM13_IRQHandler                 0x080003c3   Thumb Code     0  startup_stm32h723xx.o(.text)
    UART4_IRQHandler                         0x080003c3   Thumb Code     0  startup_stm32h723xx.o(.text)
    UART7_IRQHandler                         0x080003c3   Thumb Code     0  startup_stm32h723xx.o(.text)
    UART8_IRQHandler                         0x080003c3   Thumb Code     0  startup_stm32h723xx.o(.text)
    UART9_IRQHandler                         0x080003c3   Thumb Code     0  startup_stm32h723xx.o(.text)
    USART10_IRQHandler                       0x080003c3   Thumb Code     0  startup_stm32h723xx.o(.text)
    USART1_IRQHandler                        0x080003c3   Thumb Code     0  startup_stm32h723xx.o(.text)
    USART2_IRQHandler                        0x080003c3   Thumb Code     0  startup_stm32h723xx.o(.text)
    USART3_IRQHandler                        0x080003c3   Thumb Code     0  startup_stm32h723xx.o(.text)
    USART6_IRQHandler                        0x080003c3   Thumb Code     0  startup_stm32h723xx.o(.text)
    WAKEUP_PIN_IRQHandler                    0x080003c3   Thumb Code     0  startup_stm32h723xx.o(.text)
    WWDG_IRQHandler                          0x080003c3   Thumb Code     0  startup_stm32h723xx.o(.text)
    __aeabi_uldivmod                         0x080003d1   Thumb Code    98  uldiv.o(.text)
    __aeabi_memcpy                           0x08000433   Thumb Code    36  memcpya.o(.text)
    __aeabi_memcpy4                          0x08000433   Thumb Code     0  memcpya.o(.text)
    __aeabi_memcpy8                          0x08000433   Thumb Code     0  memcpya.o(.text)
    __aeabi_memset                           0x08000457   Thumb Code    14  memseta.o(.text)
    __aeabi_memset4                          0x08000457   Thumb Code     0  memseta.o(.text)
    __aeabi_memset8                          0x08000457   Thumb Code     0  memseta.o(.text)
    __aeabi_memclr                           0x08000465   Thumb Code     4  memseta.o(.text)
    __aeabi_memclr4                          0x08000465   Thumb Code     0  memseta.o(.text)
    __aeabi_memclr8                          0x08000465   Thumb Code     0  memseta.o(.text)
    memset                                   0x08000469   Thumb Code    18  memseta.o(.text)
    __aeabi_llsl                             0x0800047b   Thumb Code    30  llshl.o(.text)
    _ll_shift_l                              0x0800047b   Thumb Code     0  llshl.o(.text)
    __aeabi_llsr                             0x08000499   Thumb Code    32  llushr.o(.text)
    _ll_ushift_r                             0x08000499   Thumb Code     0  llushr.o(.text)
    __scatterload                            0x080004b9   Thumb Code    28  init.o(.text)
    __scatterload_rt2                        0x080004b9   Thumb Code     0  init.o(.text)
    __decompress                             0x080004dd   Thumb Code     0  __dczerorl2.o(.text)
    __decompress1                            0x080004dd   Thumb Code    86  __dczerorl2.o(.text)
    BusFault_Handler                         0x08000533   Thumb Code     2  stm32h7xx_it.o(i.BusFault_Handler)
    Chassis_Movement                         0x08000535   Thumb Code    30  chassis.o(i.Chassis_Movement)
    DRV6220_Control_Torque                   0x08000559   Thumb Code   168  drv_damiao6220.o(i.DRV6220_Control_Torque)
    DRV6220_Enable_Motor                     0x0800061d   Thumb Code    76  drv_damiao6220.o(i.DRV6220_Enable_Motor)
    DebugMon_Handler                         0x0800066d   Thumb Code     2  stm32h7xx_it.o(i.DebugMon_Handler)
    EXTI9_5_IRQHandler                       0x0800066f   Thumb Code     6  stm32h7xx_it.o(i.EXTI9_5_IRQHandler)
    Error_Handler                            0x08000675   Thumb Code     4  main.o(i.Error_Handler)
    ExitRun0Mode                             0x08000679   Thumb Code    22  system_stm32h7xx.o(i.ExitRun0Mode)
    FDCAN1_IT0_IRQHandler                    0x08000695   Thumb Code     6  stm32h7xx_it.o(i.FDCAN1_IT0_IRQHandler)
    FLASH_Erase_Sector                       0x080008e5   Thumb Code    32  stm32h7xx_hal_flash_ex.o(i.FLASH_Erase_Sector)
    FLASH_WaitForLastOperation               0x0800092d   Thumb Code   108  stm32h7xx_hal_flash.o(i.FLASH_WaitForLastOperation)
    Feedforward_Friction                     0x080009a5   Thumb Code    42  6220pid.o(i.Feedforward_Friction)
    HAL_DMA_Abort                            0x080009e5   Thumb Code   836  stm32h7xx_hal_dma.o(i.HAL_DMA_Abort)
    HAL_DMA_Abort_IT                         0x08000d45   Thumb Code   498  stm32h7xx_hal_dma.o(i.HAL_DMA_Abort_IT)
    HAL_Delay                                0x08000f61   Thumb Code    32  stm32h7xx_hal.o(i.HAL_Delay)
    HAL_FDCAN_ActivateNotification           0x08000f85   Thumb Code   126  stm32h7xx_hal_fdcan.o(i.HAL_FDCAN_ActivateNotification)
    HAL_FDCAN_AddMessageToTxFifoQ            0x0800100d   Thumb Code   102  stm32h7xx_hal_fdcan.o(i.HAL_FDCAN_AddMessageToTxFifoQ)
    HAL_FDCAN_ClockCalibrationCallback       0x08001073   Thumb Code     2  stm32h7xx_hal_fdcan.o(i.HAL_FDCAN_ClockCalibrationCallback)
    HAL_FDCAN_ConfigFifoWatermark            0x08001075   Thumb Code    90  stm32h7xx_hal_fdcan.o(i.HAL_FDCAN_ConfigFifoWatermark)
    HAL_FDCAN_ConfigFilter                   0x080010cf   Thumb Code   126  stm32h7xx_hal_fdcan.o(i.HAL_FDCAN_ConfigFilter)
    HAL_FDCAN_ConfigGlobalFilter             0x0800114d   Thumb Code    50  stm32h7xx_hal_fdcan.o(i.HAL_FDCAN_ConfigGlobalFilter)
    HAL_FDCAN_ErrorCallback                  0x0800117f   Thumb Code     2  stm32h7xx_hal_fdcan.o(i.HAL_FDCAN_ErrorCallback)
    HAL_FDCAN_ErrorStatusCallback            0x08001181   Thumb Code    16  fdcan.o(i.HAL_FDCAN_ErrorStatusCallback)
    HAL_FDCAN_GetRxMessage                   0x08001191   Thumb Code   412  stm32h7xx_hal_fdcan.o(i.HAL_FDCAN_GetRxMessage)
    HAL_FDCAN_HighPriorityMessageCallback    0x08001331   Thumb Code     2  stm32h7xx_hal_fdcan.o(i.HAL_FDCAN_HighPriorityMessageCallback)
    HAL_FDCAN_IRQHandler                     0x08001335   Thumb Code   788  stm32h7xx_hal_fdcan.o(i.HAL_FDCAN_IRQHandler)
    HAL_FDCAN_Init                           0x08001655   Thumb Code   572  stm32h7xx_hal_fdcan.o(i.HAL_FDCAN_Init)
    HAL_FDCAN_MspInit                        0x08001899   Thumb Code   140  fdcan.o(i.HAL_FDCAN_MspInit)
    HAL_FDCAN_RxBufferNewMessageCallback     0x08001931   Thumb Code     2  stm32h7xx_hal_fdcan.o(i.HAL_FDCAN_RxBufferNewMessageCallback)
    HAL_FDCAN_RxFifo0Callback                0x08001935   Thumb Code   258  fdcan.o(i.HAL_FDCAN_RxFifo0Callback)
    HAL_FDCAN_RxFifo1Callback                0x08001a51   Thumb Code     2  stm32h7xx_hal_fdcan.o(i.HAL_FDCAN_RxFifo1Callback)
    HAL_FDCAN_Start                          0x08001a53   Thumb Code    50  stm32h7xx_hal_fdcan.o(i.HAL_FDCAN_Start)
    HAL_FDCAN_TT_GlobalTimeCallback          0x08001a85   Thumb Code     2  stm32h7xx_hal_fdcan.o(i.HAL_FDCAN_TT_GlobalTimeCallback)
    HAL_FDCAN_TT_ScheduleSyncCallback        0x08001a87   Thumb Code     2  stm32h7xx_hal_fdcan.o(i.HAL_FDCAN_TT_ScheduleSyncCallback)
    HAL_FDCAN_TT_StopWatchCallback           0x08001a89   Thumb Code     2  stm32h7xx_hal_fdcan.o(i.HAL_FDCAN_TT_StopWatchCallback)
    HAL_FDCAN_TT_TimeMarkCallback            0x08001a8b   Thumb Code     2  stm32h7xx_hal_fdcan.o(i.HAL_FDCAN_TT_TimeMarkCallback)
    HAL_FDCAN_TimeoutOccurredCallback        0x08001a8d   Thumb Code     2  stm32h7xx_hal_fdcan.o(i.HAL_FDCAN_TimeoutOccurredCallback)
    HAL_FDCAN_TimestampWraparoundCallback    0x08001a8f   Thumb Code     2  stm32h7xx_hal_fdcan.o(i.HAL_FDCAN_TimestampWraparoundCallback)
    HAL_FDCAN_TxBufferAbortCallback          0x08001a91   Thumb Code     2  stm32h7xx_hal_fdcan.o(i.HAL_FDCAN_TxBufferAbortCallback)
    HAL_FDCAN_TxBufferCompleteCallback       0x08001a93   Thumb Code     2  stm32h7xx_hal_fdcan.o(i.HAL_FDCAN_TxBufferCompleteCallback)
    HAL_FDCAN_TxEventFifoCallback            0x08001a95   Thumb Code     2  stm32h7xx_hal_fdcan.o(i.HAL_FDCAN_TxEventFifoCallback)
    HAL_FDCAN_TxFifoEmptyCallback            0x08001a97   Thumb Code     2  stm32h7xx_hal_fdcan.o(i.HAL_FDCAN_TxFifoEmptyCallback)
    HAL_FLASHEx_Erase                        0x08001a99   Thumb Code   186  stm32h7xx_hal_flash_ex.o(i.HAL_FLASHEx_Erase)
    HAL_FLASH_Lock                           0x08001b5d   Thumb Code    24  stm32h7xx_hal_flash.o(i.HAL_FLASH_Lock)
    HAL_FLASH_Program                        0x08001b79   Thumb Code   138  stm32h7xx_hal_flash.o(i.HAL_FLASH_Program)
    HAL_FLASH_Unlock                         0x08001c0d   Thumb Code    30  stm32h7xx_hal_flash.o(i.HAL_FLASH_Unlock)
    HAL_GPIO_EXTI_Callback                   0x08001c39   Thumb Code    64  gpio.o(i.HAL_GPIO_EXTI_Callback)
    HAL_GPIO_EXTI_IRQHandler                 0x08001c81   Thumb Code    24  stm32h7xx_hal_gpio.o(i.HAL_GPIO_EXTI_IRQHandler)
    HAL_GPIO_Init                            0x08001c99   Thumb Code   502  stm32h7xx_hal_gpio.o(i.HAL_GPIO_Init)
    HAL_GPIO_ReadPin                         0x08001ebd   Thumb Code    10  stm32h7xx_hal_gpio.o(i.HAL_GPIO_ReadPin)
    HAL_GPIO_WritePin                        0x08001ec7   Thumb Code    10  stm32h7xx_hal_gpio.o(i.HAL_GPIO_WritePin)
    HAL_GetTick                              0x08001ed1   Thumb Code     6  stm32h7xx_hal.o(i.HAL_GetTick)
    HAL_IncTick                              0x08001edd   Thumb Code    12  stm32h7xx_hal.o(i.HAL_IncTick)
    HAL_Init                                 0x08001eed   Thumb Code    74  stm32h7xx_hal.o(i.HAL_Init)
    HAL_InitTick                             0x08001f49   Thumb Code   110  stm32h7xx_hal_timebase_tim.o(i.HAL_InitTick)
    HAL_MspInit                              0x08001fcd   Thumb Code    32  stm32h7xx_hal_msp.o(i.HAL_MspInit)
    HAL_NVIC_EnableIRQ                       0x08001ff1   Thumb Code    26  stm32h7xx_hal_cortex.o(i.HAL_NVIC_EnableIRQ)
    HAL_NVIC_SetPriority                     0x0800200d   Thumb Code    60  stm32h7xx_hal_cortex.o(i.HAL_NVIC_SetPriority)
    HAL_NVIC_SetPriorityGrouping             0x0800204d   Thumb Code    28  stm32h7xx_hal_cortex.o(i.HAL_NVIC_SetPriorityGrouping)
    HAL_PWREx_ConfigSupply                   0x08002071   Thumb Code    78  stm32h7xx_hal_pwr_ex.o(i.HAL_PWREx_ConfigSupply)
    HAL_RCCEx_GetD3PCLK1Freq                 0x080020c5   Thumb Code    26  stm32h7xx_hal_rcc_ex.o(i.HAL_RCCEx_GetD3PCLK1Freq)
    HAL_RCCEx_GetPLL2ClockFreq               0x080020e9   Thumb Code   296  stm32h7xx_hal_rcc_ex.o(i.HAL_RCCEx_GetPLL2ClockFreq)
    HAL_RCCEx_GetPLL3ClockFreq               0x0800222d   Thumb Code   296  stm32h7xx_hal_rcc_ex.o(i.HAL_RCCEx_GetPLL3ClockFreq)
    HAL_RCCEx_PeriphCLKConfig                0x08002371   Thumb Code  2362  stm32h7xx_hal_rcc_ex.o(i.HAL_RCCEx_PeriphCLKConfig)
    HAL_RCC_CSSCallback                      0x08002cab   Thumb Code     2  stm32h7xx_hal_rcc.o(i.HAL_RCC_CSSCallback)
    HAL_RCC_ClockConfig                      0x08002cad   Thumb Code   580  stm32h7xx_hal_rcc.o(i.HAL_RCC_ClockConfig)
    HAL_RCC_EnableCSS                        0x08002f09   Thumb Code    12  stm32h7xx_hal_rcc.o(i.HAL_RCC_EnableCSS)
    HAL_RCC_GetClockConfig                   0x08002f19   Thumb Code    84  stm32h7xx_hal_rcc.o(i.HAL_RCC_GetClockConfig)
    HAL_RCC_GetHCLKFreq                      0x08002f75   Thumb Code    52  stm32h7xx_hal_rcc.o(i.HAL_RCC_GetHCLKFreq)
    HAL_RCC_GetPCLK1Freq                     0x08002fb9   Thumb Code    26  stm32h7xx_hal_rcc.o(i.HAL_RCC_GetPCLK1Freq)
    HAL_RCC_GetPCLK2Freq                     0x08002fdd   Thumb Code    26  stm32h7xx_hal_rcc.o(i.HAL_RCC_GetPCLK2Freq)
    HAL_RCC_GetSysClockFreq                  0x08003001   Thumb Code   278  stm32h7xx_hal_rcc.o(i.HAL_RCC_GetSysClockFreq)
    HAL_RCC_NMI_IRQHandler                   0x08003139   Thumb Code    26  stm32h7xx_hal_rcc.o(i.HAL_RCC_NMI_IRQHandler)
    HAL_RCC_OscConfig                        0x08003159   Thumb Code  1318  stm32h7xx_hal_rcc.o(i.HAL_RCC_OscConfig)
    HAL_SPI_Init                             0x08003681   Thumb Code   366  stm32h7xx_hal_spi.o(i.HAL_SPI_Init)
    HAL_SPI_MspInit                          0x080037fd   Thumb Code   156  spi.o(i.HAL_SPI_MspInit)
    HAL_SPI_Transmit                         0x080038a9   Thumb Code   578  stm32h7xx_hal_spi.o(i.HAL_SPI_Transmit)
    HAL_TIMEx_Break2Callback                 0x08003aeb   Thumb Code     2  stm32h7xx_hal_tim_ex.o(i.HAL_TIMEx_Break2Callback)
    HAL_TIMEx_BreakCallback                  0x08003aed   Thumb Code     2  stm32h7xx_hal_tim_ex.o(i.HAL_TIMEx_BreakCallback)
    HAL_TIMEx_CommutCallback                 0x08003aef   Thumb Code     2  stm32h7xx_hal_tim_ex.o(i.HAL_TIMEx_CommutCallback)
    HAL_TIMEx_MasterConfigSynchronization    0x08003af1   Thumb Code   146  stm32h7xx_hal_tim_ex.o(i.HAL_TIMEx_MasterConfigSynchronization)
    HAL_TIM_Base_Init                        0x08003ba9   Thumb Code    98  stm32h7xx_hal_tim.o(i.HAL_TIM_Base_Init)
    HAL_TIM_Base_MspInit                     0x08003c0d   Thumb Code    72  tim.o(i.HAL_TIM_Base_MspInit)
    HAL_TIM_Base_Start_IT                    0x08003c61   Thumb Code   118  stm32h7xx_hal_tim.o(i.HAL_TIM_Base_Start_IT)
    HAL_TIM_ConfigClockSource                0x08003d01   Thumb Code   248  stm32h7xx_hal_tim.o(i.HAL_TIM_ConfigClockSource)
    HAL_TIM_IC_CaptureCallback               0x08003dfd   Thumb Code     2  stm32h7xx_hal_tim.o(i.HAL_TIM_IC_CaptureCallback)
    HAL_TIM_IRQHandler                       0x08003dff   Thumb Code   328  stm32h7xx_hal_tim.o(i.HAL_TIM_IRQHandler)
    HAL_TIM_MspPostInit                      0x08003f49   Thumb Code    68  tim.o(i.HAL_TIM_MspPostInit)
    HAL_TIM_OC_DelayElapsedCallback          0x08003f99   Thumb Code     2  stm32h7xx_hal_tim.o(i.HAL_TIM_OC_DelayElapsedCallback)
    HAL_TIM_PWM_ConfigChannel                0x08003f9b   Thumb Code   292  stm32h7xx_hal_tim.o(i.HAL_TIM_PWM_ConfigChannel)
    HAL_TIM_PWM_Init                         0x080040bf   Thumb Code    98  stm32h7xx_hal_tim.o(i.HAL_TIM_PWM_Init)
    HAL_TIM_PWM_MspInit                      0x08004121   Thumb Code     2  stm32h7xx_hal_tim.o(i.HAL_TIM_PWM_MspInit)
    HAL_TIM_PWM_PulseFinishedCallback        0x08004123   Thumb Code     2  stm32h7xx_hal_tim.o(i.HAL_TIM_PWM_PulseFinishedCallback)
    HAL_TIM_PeriodElapsedCallback            0x08004125   Thumb Code    42  main.o(i.HAL_TIM_PeriodElapsedCallback)
    HAL_TIM_TriggerCallback                  0x0800415d   Thumb Code     2  stm32h7xx_hal_tim.o(i.HAL_TIM_TriggerCallback)
    HAL_UARTEx_DisableFifoMode               0x0800415f   Thumb Code    64  stm32h7xx_hal_uart_ex.o(i.HAL_UARTEx_DisableFifoMode)
    HAL_UARTEx_ReceiveToIdle_IT              0x0800419f   Thumb Code    78  stm32h7xx_hal_uart_ex.o(i.HAL_UARTEx_ReceiveToIdle_IT)
    HAL_UARTEx_RxEventCallback               0x080041ed   Thumb Code    36  ibus.o(i.HAL_UARTEx_RxEventCallback)
    HAL_UARTEx_RxFifoFullCallback            0x0800421d   Thumb Code     2  stm32h7xx_hal_uart_ex.o(i.HAL_UARTEx_RxFifoFullCallback)
    HAL_UARTEx_SetRxFifoThreshold            0x0800421f   Thumb Code    76  stm32h7xx_hal_uart_ex.o(i.HAL_UARTEx_SetRxFifoThreshold)
    HAL_UARTEx_SetTxFifoThreshold            0x0800426b   Thumb Code    76  stm32h7xx_hal_uart_ex.o(i.HAL_UARTEx_SetTxFifoThreshold)
    HAL_UARTEx_TxFifoEmptyCallback           0x080042b7   Thumb Code     2  stm32h7xx_hal_uart_ex.o(i.HAL_UARTEx_TxFifoEmptyCallback)
    HAL_UARTEx_WakeupCallback                0x080042b9   Thumb Code     2  stm32h7xx_hal_uart_ex.o(i.HAL_UARTEx_WakeupCallback)
    HAL_UART_ErrorCallback                   0x080042bd   Thumb Code    20  ibus.o(i.HAL_UART_ErrorCallback)
    HAL_UART_IRQHandler                      0x080042dd   Thumb Code   898  stm32h7xx_hal_uart.o(i.HAL_UART_IRQHandler)
    HAL_UART_Init                            0x08004679   Thumb Code   106  stm32h7xx_hal_uart.o(i.HAL_UART_Init)
    HAL_UART_MspInit                         0x080046e5   Thumb Code   266  usart.o(i.HAL_UART_MspInit)
    HAL_UART_RxCpltCallback                  0x08004809   Thumb Code     2  stm32h7xx_hal_uart.o(i.HAL_UART_RxCpltCallback)
    HAL_UART_Transmit                        0x0800480d   Thumb Code   184  stm32h7xx_hal_uart.o(i.HAL_UART_Transmit)
    HAL_UART_TxCpltCallback                  0x080048c5   Thumb Code     2  stm32h7xx_hal_uart.o(i.HAL_UART_TxCpltCallback)
    HardFault_Handler                        0x080048c7   Thumb Code     2  stm32h7xx_it.o(i.HardFault_Handler)
    LCD_Address_Set                          0x080048ef   Thumb Code    62  lcd.o(i.LCD_Address_Set)
    LCD_DisplayUpdate                        0x0800492d   Thumb Code   126  spi.o(i.LCD_DisplayUpdate)
    LCD_DrawPoint                            0x080049b9   Thumb Code    22  lcd.o(i.LCD_DrawPoint)
    LCD_Fill                                 0x080049cf   Thumb Code    64  lcd.o(i.LCD_Fill)
    LCD_Init                                 0x08004a11   Thumb Code   414  lcd.o(i.LCD_Init)
    LCD_ShowChar                             0x08004bb5   Thumb Code   252  lcd.o(i.LCD_ShowChar)
    LCD_ShowChinese                          0x08004cc1   Thumb Code   140  lcd.o(i.LCD_ShowChinese)
    LCD_ShowChinese12x12                     0x08004d4d   Thumb Code   248  lcd.o(i.LCD_ShowChinese12x12)
    LCD_ShowChinese16x16                     0x08004e49   Thumb Code   242  lcd.o(i.LCD_ShowChinese16x16)
    LCD_ShowChinese24x24                     0x08004f41   Thumb Code   248  lcd.o(i.LCD_ShowChinese24x24)
    LCD_ShowChinese32x32                     0x0800503d   Thumb Code   242  lcd.o(i.LCD_ShowChinese32x32)
    LCD_ShowPicture                          0x08005135   Thumb Code    80  lcd.o(i.LCD_ShowPicture)
    LCD_ShowString                           0x08005185   Thumb Code    58  lcd.o(i.LCD_ShowString)
    LCD_WR_DATA                              0x080051bf   Thumb Code    20  lcd.o(i.LCD_WR_DATA)
    LCD_WR_REG                               0x080051d5   Thumb Code    40  lcd.o(i.LCD_WR_REG)
    LCD_Writ_Bus                             0x08005201   Thumb Code    44  lcd.o(i.LCD_Writ_Bus)
    MX_FDCAN1_Init                           0x08005235   Thumb Code   100  fdcan.o(i.MX_FDCAN1_Init)
    MX_FREERTOS_Init                         0x080052a1   Thumb Code   122  freertos.o(i.MX_FREERTOS_Init)
    MX_GPIO_Init                             0x0800533d   Thumb Code   244  gpio.o(i.MX_GPIO_Init)
    MX_SPI1_Init                             0x08005445   Thumb Code    86  spi.o(i.MX_SPI1_Init)
    MX_TIM12_Init                            0x080054a5   Thumb Code   154  tim.o(i.MX_TIM12_Init)
    MX_TIM6_Init                             0x08005549   Thumb Code    68  tim.o(i.MX_TIM6_Init)
    MX_UART5_Init                            0x08005595   Thumb Code    96  usart.o(i.MX_UART5_Init)
    MX_USART1_UART_Init                      0x08005601   Thumb Code    94  usart.o(i.MX_USART1_UART_Init)
    MemManage_Handler                        0x08005669   Thumb Code     2  stm32h7xx_it.o(i.MemManage_Handler)
    Motor_Control                            0x0800566d   Thumb Code   376  motor.o(i.Motor_Control)
    Motor_Init                               0x0800580d   Thumb Code   208  motor.o(i.Motor_Init)
    Motor_SendCurrent                        0x080058f9   Thumb Code    76  motor.o(i.Motor_SendCurrent)
    Motor_SetMode                            0x08005949   Thumb Code    40  motor.o(i.Motor_SetMode)
    Motor_SetTargetRPM_LF                    0x08005979   Thumb Code     6  motor.o(i.Motor_SetTargetRPM_LF)
    Motor_SetTargetRPM_RF                    0x08005985   Thumb Code     6  motor.o(i.Motor_SetTargetRPM_RF)
    NMI_Handler                              0x08005a09   Thumb Code     4  stm32h7xx_it.o(i.NMI_Handler)
    PID_Calculate                            0x08005a0d   Thumb Code   122  pid.o(i.PID_Calculate)
    PID_Clear                                0x08005a89   Thumb Code    18  pid.o(i.PID_Clear)
    PID_SetLimit                             0x08005aa1   Thumb Code    10  pid.o(i.PID_SetLimit)
    PID_SetParam                             0x08005aab   Thumb Code     6  pid.o(i.PID_SetParam)
    Prase_Motor_Feedback                     0x08005ab1   Thumb Code   196  drv_damiao6220.o(i.Prase_Motor_Feedback)
    Read_Pos_From_Flash                      0x08005e3d   Thumb Code    26  zdt_x57_v2motor.o(i.Read_Pos_From_Flash)
    Remote_DBUS_to_RC                        0x08005e5d   Thumb Code    98  ibus.o(i.Remote_DBUS_to_RC)
    Save_Both_Motors_To_Flash                0x08005fc9   Thumb Code    88  zdt_x57_v2motor.o(i.Save_Both_Motors_To_Flash)
    StartDefaultTask                         0x08006029   Thumb Code   176  freertos.o(i.StartDefaultTask)
    StartTask02                              0x080060e5   Thumb Code   498  freertos.o(i.StartTask02)
    StartTask03                              0x08006301   Thumb Code    78  freertos.o(i.StartTask03)
    StartTask04                              0x08006359   Thumb Code   120  freertos.o(i.StartTask04)
    StartTask05                              0x080063d5   Thumb Code    78  freertos.o(i.StartTask05)
    StartTask06                              0x0800642d   Thumb Code   122  freertos.o(i.StartTask06)
    SysTick_Handler                          0x080064b5   Thumb Code    26  cmsis_os2.o(i.SysTick_Handler)
    SystemClock_Config                       0x080064d1   Thumb Code   144  main.o(i.SystemClock_Config)
    SystemInit                               0x08006565   Thumb Code   184  system_stm32h7xx.o(i.SystemInit)
    TIM1_UP_IRQHandler                       0x0800663d   Thumb Code     6  stm32h7xx_it.o(i.TIM1_UP_IRQHandler)
    TIM6_DAC_IRQHandler                      0x08006649   Thumb Code     6  stm32h7xx_it.o(i.TIM6_DAC_IRQHandler)
    TIM_Base_SetConfig                       0x08006655   Thumb Code   182  stm32h7xx_hal_tim.o(i.TIM_Base_SetConfig)
    TIM_ETR_SetConfig                        0x08006735   Thumb Code    18  stm32h7xx_hal_tim.o(i.TIM_ETR_SetConfig)
    TIM_OC2_SetConfig                        0x08006809   Thumb Code   130  stm32h7xx_hal_tim.o(i.TIM_OC2_SetConfig)
    UART5_IRQHandler                         0x08006b3d   Thumb Code     6  stm32h7xx_it.o(i.UART5_IRQHandler)
    UART_AdvFeatureConfig                    0x08006b8d   Thumb Code   200  stm32h7xx_hal_uart.o(i.UART_AdvFeatureConfig)
    UART_CheckIdleState                      0x08006c55   Thumb Code   170  stm32h7xx_hal_uart.o(i.UART_CheckIdleState)
    UART_SetConfig                           0x0800722d   Thumb Code   914  stm32h7xx_hal_uart.o(i.UART_SetConfig)
    UART_Start_Receive_IT                    0x08007609   Thumb Code   256  stm32h7xx_hal_uart.o(i.UART_Start_Receive_IT)
    UART_WaitOnFlagUntilTimeout              0x08007719   Thumb Code   148  stm32h7xx_hal_uart.o(i.UART_WaitOnFlagUntilTimeout)
    UsageFault_Handler                       0x080077ad   Thumb Code     2  stm32h7xx_it.o(i.UsageFault_Handler)
    ZDT_ArmorPlate_Move                      0x080077b1   Thumb Code   176  zdt_x57_v2motor.o(i.ZDT_ArmorPlate_Move)
    ZDT_Enable_Motor                         0x08007869   Thumb Code    72  zdt_x57_v2motor.o(i.ZDT_Enable_Motor)
    ZDT_Release_Stall                        0x080078b5   Thumb Code    84  zdt_x57_v2motor.o(i.ZDT_Release_Stall)
    ZDT_Request_Position                     0x08007911   Thumb Code    58  zdt_x57_v2motor.o(i.ZDT_Request_Position)
    ZDT_Velocity_Mode                        0x08007951   Thumb Code   110  zdt_x57_v2motor.o(i.ZDT_Velocity_Mode)
    __0printf$8                              0x080079c5   Thumb Code    22  printf8.o(i.__0printf$8)
    __1printf$8                              0x080079c5   Thumb Code     0  printf8.o(i.__0printf$8)
    __2printf                                0x080079c5   Thumb Code     0  printf8.o(i.__0printf$8)
    __0sprintf$8                             0x080079e5   Thumb Code    34  printf8.o(i.__0sprintf$8)
    __1sprintf$8                             0x080079e5   Thumb Code     0  printf8.o(i.__0sprintf$8)
    __2sprintf                               0x080079e5   Thumb Code     0  printf8.o(i.__0sprintf$8)
    __scatterload_copy                       0x08007a2f   Thumb Code    14  handlers.o(i.__scatterload_copy)
    __scatterload_null                       0x08007a3d   Thumb Code     2  handlers.o(i.__scatterload_null)
    __scatterload_zeroinit                   0x08007a3f   Thumb Code    14  handlers.o(i.__scatterload_zeroinit)
    fputc                                    0x08007ead   Thumb Code    20  usart.o(i.fputc)
    main                                     0x08007ec5   Thumb Code   244  main.o(i.main)
    osDelay                                  0x08007fcd   Thumb Code    32  cmsis_os2.o(i.osDelay)
    osKernelGetTickCount                     0x08007fed   Thumb Code    24  cmsis_os2.o(i.osKernelGetTickCount)
    osKernelInitialize                       0x08008005   Thumb Code    42  cmsis_os2.o(i.osKernelInitialize)
    osKernelStart                            0x08008035   Thumb Code    56  cmsis_os2.o(i.osKernelStart)
    osMessageQueueGet                        0x08008075   Thumb Code   112  cmsis_os2.o(i.osMessageQueueGet)
    osMessageQueueNew                        0x080080e9   Thumb Code    98  cmsis_os2.o(i.osMessageQueueNew)
    osMessageQueuePut                        0x0800814d   Thumb Code   116  cmsis_os2.o(i.osMessageQueuePut)
    osMutexAcquire                           0x080081c5   Thumb Code    80  cmsis_os2.o(i.osMutexAcquire)
    osMutexNew                               0x08008215   Thumb Code   100  cmsis_os2.o(i.osMutexNew)
    osMutexRelease                           0x08008279   Thumb Code    68  cmsis_os2.o(i.osMutexRelease)
    osThreadNew                              0x080082bd   Thumb Code   146  cmsis_os2.o(i.osThreadNew)
    pvPortMalloc                             0x08008ae5   Thumb Code   204  heap_4.o(i.pvPortMalloc)
    pvTaskIncrementMutexHeldCount            0x08008bb5   Thumb Code    18  tasks.o(i.pvTaskIncrementMutexHeldCount)
    pxPortInitialiseStack                    0x08008bcd   Thumb Code    42  port.o(i.pxPortInitialiseStack)
    set_pid_mode                             0x08008bfd   Thumb Code     6  6220pid.o(i.set_pid_mode)
    set_position                             0x08008c09   Thumb Code     8  6220pid.o(i.set_position)
    set_velocity                             0x08008c15   Thumb Code     8  6220pid.o(i.set_velocity)
    update_pid_p                             0x08008c21   Thumb Code   234  6220pid.o(i.update_pid_p)
    update_pid_v                             0x08008d39   Thumb Code   268  6220pid.o(i.update_pid_v)
    uxListRemove                             0x08008e6d   Thumb Code    38  list.o(i.uxListRemove)
    uxTaskGetNumberOfTasks                   0x08008e95   Thumb Code     6  tasks.o(i.uxTaskGetNumberOfTasks)
    vApplicationGetIdleTaskMemory            0x08008ea1   Thumb Code    18  cmsis_os2.o(i.vApplicationGetIdleTaskMemory)
    vApplicationGetTimerTaskMemory           0x08008eb9   Thumb Code    20  cmsis_os2.o(i.vApplicationGetTimerTaskMemory)
    vListInitialise                          0x08008ed1   Thumb Code    22  list.o(i.vListInitialise)
    vListInitialiseItem                      0x08008ee7   Thumb Code     6  list.o(i.vListInitialiseItem)
    vListInsert                              0x08008eed   Thumb Code    48  list.o(i.vListInsert)
    vPortEnterCritical                       0x08008f1d   Thumb Code    54  port.o(i.vPortEnterCritical)
    vPortExitCritical                        0x08008f5d   Thumb Code    34  port.o(i.vPortExitCritical)
    vPortFree                                0x08008f85   Thumb Code    94  heap_4.o(i.vPortFree)
    vPortSetupTimerInterrupt                 0x08008fe9   Thumb Code    32  port.o(i.vPortSetupTimerInterrupt)
    vPortValidateInterruptPriority           0x0800900d   Thumb Code    74  port.o(i.vPortValidateInterruptPriority)
    vQueueAddToRegistry                      0x08009061   Thumb Code    74  queue.o(i.vQueueAddToRegistry)
    vQueueWaitForMessageRestricted           0x080090b1   Thumb Code    68  queue.o(i.vQueueWaitForMessageRestricted)
    vTaskDelay                               0x080090f5   Thumb Code    66  tasks.o(i.vTaskDelay)
    vTaskInternalSetTimeOutState             0x08009141   Thumb Code    12  tasks.o(i.vTaskInternalSetTimeOutState)
    vTaskMissedYield                         0x08009151   Thumb Code     8  tasks.o(i.vTaskMissedYield)
    vTaskPlaceOnEventList                    0x0800915d   Thumb Code    44  tasks.o(i.vTaskPlaceOnEventList)
    vTaskPlaceOnEventListRestricted          0x0800918d   Thumb Code    76  tasks.o(i.vTaskPlaceOnEventListRestricted)
    vTaskPriorityDisinheritAfterTimeout      0x080091dd   Thumb Code   170  tasks.o(i.vTaskPriorityDisinheritAfterTimeout)
    vTaskStartScheduler                      0x08009291   Thumb Code   114  tasks.o(i.vTaskStartScheduler)
    vTaskSuspendAll                          0x08009315   Thumb Code    10  tasks.o(i.vTaskSuspendAll)
    vTaskSwitchContext                       0x08009325   Thumb Code    90  tasks.o(i.vTaskSwitchContext)
    xPortStartScheduler                      0x08009389   Thumb Code   234  port.o(i.xPortStartScheduler)
    xPortSysTickHandler                      0x08009489   Thumb Code    38  port.o(i.xPortSysTickHandler)
    xQueueCreateMutex                        0x080094b5   Thumb Code    22  queue.o(i.xQueueCreateMutex)
    xQueueCreateMutexStatic                  0x080094cb   Thumb Code    26  queue.o(i.xQueueCreateMutexStatic)
    xQueueGenericCreate                      0x080094e5   Thumb Code    84  queue.o(i.xQueueGenericCreate)
    xQueueGenericCreateStatic                0x08009539   Thumb Code    70  queue.o(i.xQueueGenericCreateStatic)
    xQueueGenericReset                       0x08009581   Thumb Code   182  queue.o(i.xQueueGenericReset)
    xQueueGenericSend                        0x0800963d   Thumb Code   346  queue.o(i.xQueueGenericSend)
    xQueueGenericSendFromISR                 0x0800979d   Thumb Code   218  queue.o(i.xQueueGenericSendFromISR)
    xQueueGiveMutexRecursive                 0x08009877   Thumb Code    62  queue.o(i.xQueueGiveMutexRecursive)
    xQueueReceive                            0x080098b5   Thumb Code   310  queue.o(i.xQueueReceive)
    xQueueReceiveFromISR                     0x080099f1   Thumb Code   184  queue.o(i.xQueueReceiveFromISR)
    xQueueSemaphoreTake                      0x08009aa9   Thumb Code   356  queue.o(i.xQueueSemaphoreTake)
    xQueueTakeMutexRecursive                 0x08009c11   Thumb Code    60  queue.o(i.xQueueTakeMutexRecursive)
    xTaskCheckForTimeOut                     0x08009c4d   Thumb Code   112  tasks.o(i.xTaskCheckForTimeOut)
    xTaskCreate                              0x08009cc1   Thumb Code    96  tasks.o(i.xTaskCreate)
    xTaskCreateStatic                        0x08009d21   Thumb Code   114  tasks.o(i.xTaskCreateStatic)
    xTaskGetCurrentTaskHandle                0x08009d95   Thumb Code     6  tasks.o(i.xTaskGetCurrentTaskHandle)
    xTaskGetSchedulerState                   0x08009da1   Thumb Code    22  tasks.o(i.xTaskGetSchedulerState)
    xTaskGetTickCount                        0x08009dbd   Thumb Code     6  tasks.o(i.xTaskGetTickCount)
    xTaskGetTickCountFromISR                 0x08009dc9   Thumb Code    12  tasks.o(i.xTaskGetTickCountFromISR)
    xTaskIncrementTick                       0x08009dd9   Thumb Code   294  tasks.o(i.xTaskIncrementTick)
    xTaskPriorityDisinherit                  0x08009f09   Thumb Code   158  tasks.o(i.xTaskPriorityDisinherit)
    xTaskPriorityInherit                     0x08009fb1   Thumb Code   152  tasks.o(i.xTaskPriorityInherit)
    xTaskRemoveFromEventList                 0x0800a051   Thumb Code   206  tasks.o(i.xTaskRemoveFromEventList)
    xTaskResumeAll                           0x0800a12d   Thumb Code   304  tasks.o(i.xTaskResumeAll)
    xTimerCreateTimerTask                    0x0800a26d   Thumb Code    78  timers.o(i.xTimerCreateTimerTask)
    ascii_1206                               0x0800a2cc   Data        1140  lcd.o(.constdata)
    ascii_1608                               0x0800a740   Data        1520  lcd.o(.constdata)
    ascii_2412                               0x0800ad30   Data        4560  lcd.o(.constdata)
    ascii_3216                               0x0800bf00   Data        6080  lcd.o(.constdata)
    tfont12                                  0x0800d6c0   Data         104  lcd.o(.constdata)
    tfont16                                  0x0800d728   Data         136  lcd.o(.constdata)
    tfont24                                  0x0800d7b0   Data         592  lcd.o(.constdata)
    gImage_pic                               0x0800da00   Data        7000  main.o(.constdata)
    MotorReceiveTas_attributes               0x0800f558   Data          36  freertos.o(.constdata)
    MotorSendTask_attributes                 0x0800f57c   Data          36  freertos.o(.constdata)
    ZDT_Control_1_attributes                 0x0800f5a0   Data          36  freertos.o(.constdata)
    Flash_Save_Task_attributes               0x0800f5c4   Data          36  freertos.o(.constdata)
    ZDT_Control_2_attributes                 0x0800f5e8   Data          36  freertos.o(.constdata)
    myTask06_3508_attributes                 0x0800f60c   Data          36  freertos.o(.constdata)
    motor_can_rx_queue_attributes            0x0800f630   Data          24  freertos.o(.constdata)
    key_6220_attributes                      0x0800f648   Data          16  freertos.o(.constdata)
    key_ZDT_attributes                       0x0800f658   Data          16  freertos.o(.constdata)
    gb_label_small                           0x0800f668   Data          13  spi.o(.constdata)
    gb_label_big                             0x0800f675   Data          13  spi.o(.constdata)
    UARTPrescTable                           0x0800f6e0   Data          24  stm32h7xx_hal_uart.o(.constdata)
    D1CorePrescTable                         0x0800f708   Data          16  system_stm32h7xx.o(.constdata)
    Region$$Table$$Base                      0x0800f7a0   Number         0  anon$$obj.o(Region$$Table)
    Region$$Table$$Limit                     0x0800f7c0   Number         0  anon$$obj.o(Region$$Table)
    tfont32                                  0x24000020   Data         130  lcd.o(.data)
    Lf_data                                  0x240000a2   Data           4  main.o(.data)
    Rf_data                                  0x240000a6   Data           4  main.o(.data)
    g_control_tick                           0x240000aa   Data           1  main.o(.data)
    motor_ready                              0x240000ac   Data           1  freertos.o(.data)
    MotorReceiveTasHandle                    0x240000b8   Data           4  freertos.o(.data)
    MotorSendTaskHandle                      0x240000bc   Data           4  freertos.o(.data)
    ZDT_Control_1Handle                      0x240000c0   Data           4  freertos.o(.data)
    Flash_Save_TaskHandle                    0x240000c4   Data           4  freertos.o(.data)
    ZDT_Control_2Handle                      0x240000c8   Data           4  freertos.o(.data)
    myTask06_3508Handle                      0x240000cc   Data           4  freertos.o(.data)
    motor_can_rx_queueHandle                 0x240000d0   Data           4  freertos.o(.data)
    key_6220Handle                           0x240000d4   Data           4  freertos.o(.data)
    key_ZDTHandle                            0x240000d8   Data           4  freertos.o(.data)
    BIG_BALL                                 0x240000dc   Data           2  spi.o(.data)
    SMALL_BALL                               0x240000de   Data           2  spi.o(.data)
    display_buf1                             0x240000e0   Data           6  spi.o(.data)
    display_buf2                             0x240000e6   Data           6  spi.o(.data)
    uwTickFreq                               0x240000ec   Data           1  stm32h7xx_hal.o(.data)
    uwTickPrio                               0x240000f0   Data           4  stm32h7xx_hal.o(.data)
    uwTick                                   0x240000f4   Data           4  stm32h7xx_hal.o(.data)
    SystemCoreClock                          0x240000f8   Data           4  system_stm32h7xx.o(.data)
    SystemD2Clock                            0x240000fc   Data           4  system_stm32h7xx.o(.data)
    pxCurrentTCB                             0x24000100   Data           4  tasks.o(.data)
    uxTopUsedPriority                        0x24000130   Data           4  tasks.o(.data)
    debug_lf_current                         0x24000194   Data           4  motor.o(.data)
    debug_rf_current                         0x24000198   Data           4  motor.o(.data)
    __stdout                                 0x2400019c   Data           4  stdout.o(.data)
    motor_movestate                          0x240001a0   Data          12  drv_damiao6220.o(.bss)
    zdt_motor                                0x240001e0   Data          32  freertos.o(.bss)
    zdt_cmd                                  0x24000200   Data          32  freertos.o(.bss)
    hfdcan1                                  0x24000220   Data         160  fdcan.o(.bss)
    hspi1                                    0x240002c0   Data         136  spi.o(.bss)
    htim6                                    0x24000348   Data          76  tim.o(.bss)
    htim12                                   0x24000394   Data          76  tim.o(.bss)
    huart5                                   0x240003e0   Data         148  usart.o(.bss)
    huart1                                   0x24000474   Data         148  usart.o(.bss)
    htim1                                    0x24000508   Data          76  stm32h7xx_hal_timebase_tim.o(.bss)
    pFlash                                   0x24000554   Data          28  stm32h7xx_hal_flash.o(.bss)
    xQueueRegistry                           0x24000570   Data          64  queue.o(.bss)
    motor_lf_data                            0x24004e44   Data          24  motor.o(.bss)
    motor_rf_data                            0x24004e5c   Data          24  motor.o(.bss)
    Remote                                   0x24004ef4   Data          10  ibus.o(.bss)
    DBUS_RX_Buffer                           0x24004efe   Data          18  ibus.o(.bss)
    __initial_sp                             0x24005310   Data           0  startup_stm32h723xx.o(STACK)



==============================================================================

Memory Map of the image

  Image Entry point : 0x080002cd

  Load Region LR_IROM1 (Base: 0x08000000, Size: 0x0000f960, Max: 0x00100000, ABSOLUTE, COMPRESSED[0x0000f800])

    Execution Region ER_IROM1 (Exec base: 0x08000000, Load base: 0x08000000, Size: 0x0000f7c0, Max: 0x00100000, ABSOLUTE)

    Exec Addr    Load Addr    Size         Type   Attr      Idx    E Section Name        Object

    0x08000000   0x08000000   0x000002cc   Data   RO            3    RESET               startup_stm32h723xx.o
    0x080002cc   0x080002cc   0x00000000   Code   RO         8366  * .ARM.Collect$$$$00000000  mc_w.l(entry.o)
    0x080002cc   0x080002cc   0x00000004   Code   RO         8640    .ARM.Collect$$$$00000001  mc_w.l(entry2.o)
    0x080002d0   0x080002d0   0x00000004   Code   RO         8643    .ARM.Collect$$$$00000004  mc_w.l(entry5.o)
    0x080002d4   0x080002d4   0x00000000   Code   RO         8645    .ARM.Collect$$$$00000008  mc_w.l(entry7b.o)
    0x080002d4   0x080002d4   0x00000000   Code   RO         8647    .ARM.Collect$$$$0000000A  mc_w.l(entry8b.o)
    0x080002d4   0x080002d4   0x00000008   Code   RO         8648    .ARM.Collect$$$$0000000B  mc_w.l(entry9a.o)
    0x080002dc   0x080002dc   0x00000004   Code   RO         8655    .ARM.Collect$$$$0000000E  mc_w.l(entry12b.o)
    0x080002e0   0x080002e0   0x00000000   Code   RO         8650    .ARM.Collect$$$$0000000F  mc_w.l(entry10a.o)
    0x080002e0   0x080002e0   0x00000000   Code   RO         8652    .ARM.Collect$$$$00000011  mc_w.l(entry11a.o)
    0x080002e0   0x080002e0   0x00000004   Code   RO         8641    .ARM.Collect$$$$00002712  mc_w.l(entry2.o)
    0x080002e4   0x080002e4   0x000000be   Code   RO         8024    .emb_text           port.o
    0x080003a2   0x080003a2   0x00000002   PAD
    0x080003a4   0x080003a4   0x0000002c   Code   RO            4    .text               startup_stm32h723xx.o
    0x080003d0   0x080003d0   0x00000062   Code   RO         8369    .text               mc_w.l(uldiv.o)
    0x08000432   0x08000432   0x00000024   Code   RO         8371    .text               mc_w.l(memcpya.o)
    0x08000456   0x08000456   0x00000024   Code   RO         8375    .text               mc_w.l(memseta.o)
    0x0800047a   0x0800047a   0x0000001e   Code   RO         8659    .text               mc_w.l(llshl.o)
    0x08000498   0x08000498   0x00000020   Code   RO         8661    .text               mc_w.l(llushr.o)
    0x080004b8   0x080004b8   0x00000024   Code   RO         8674    .text               mc_w.l(init.o)
    0x080004dc   0x080004dc   0x00000056   Code   RO         8688    .text               mc_w.l(__dczerorl2.o)
    0x08000532   0x08000532   0x00000002   Code   RO         1154    i.BusFault_Handler  stm32h7xx_it.o
    0x08000534   0x08000534   0x00000024   Code   RO         8101    i.Chassis_Movement  chassis.o
    0x08000558   0x08000558   0x000000c4   Code   RO           19    i.DRV6220_Control_Torque  drv_damiao6220.o
    0x0800061c   0x0800061c   0x00000050   Code   RO           21    i.DRV6220_Enable_Motor  drv_damiao6220.o
    0x0800066c   0x0800066c   0x00000002   Code   RO         1155    i.DebugMon_Handler  stm32h7xx_it.o
    0x0800066e   0x0800066e   0x00000006   Code   RO         1156    i.EXTI9_5_IRQHandler  stm32h7xx_it.o
    0x08000674   0x08000674   0x00000004   Code   RO          720    i.Error_Handler     main.o
    0x08000678   0x08000678   0x0000001c   Code   RO         6227    i.ExitRun0Mode      system_stm32h7xx.o
    0x08000694   0x08000694   0x0000000c   Code   RO         1157    i.FDCAN1_IT0_IRQHandler  stm32h7xx_it.o
    0x080006a0   0x080006a0   0x000001c8   Code   RO         4742    i.FDCAN_CalculateRamBlockAddresses  stm32h7xx_hal_fdcan.o
    0x08000868   0x08000868   0x0000007c   Code   RO         4743    i.FDCAN_CopyMessageToRAM  stm32h7xx_hal_fdcan.o
    0x080008e4   0x080008e4   0x00000024   Code   RO         2875    i.FLASH_Erase_Sector  stm32h7xx_hal_flash_ex.o
    0x08000908   0x08000908   0x00000024   Code   RO         2876    i.FLASH_MassErase   stm32h7xx_hal_flash_ex.o
    0x0800092c   0x0800092c   0x00000078   Code   RO         2769    i.FLASH_WaitForLastOperation  stm32h7xx_hal_flash.o
    0x080009a4   0x080009a4   0x00000040   Code   RO          211    i.Feedforward_Friction  6220pid.o
    0x080009e4   0x080009e4   0x00000360   Code   RO         3106    i.HAL_DMA_Abort     stm32h7xx_hal_dma.o
    0x08000d44   0x08000d44   0x0000021c   Code   RO         3107    i.HAL_DMA_Abort_IT  stm32h7xx_hal_dma.o
    0x08000f60   0x08000f60   0x00000024   Code   RO         3803    i.HAL_Delay         stm32h7xx_hal.o
    0x08000f84   0x08000f84   0x00000088   Code   RO         4745    i.HAL_FDCAN_ActivateNotification  stm32h7xx_hal_fdcan.o
    0x0800100c   0x0800100c   0x00000066   Code   RO         4747    i.HAL_FDCAN_AddMessageToTxFifoQ  stm32h7xx_hal_fdcan.o
    0x08001072   0x08001072   0x00000002   Code   RO         4748    i.HAL_FDCAN_ClockCalibrationCallback  stm32h7xx_hal_fdcan.o
    0x08001074   0x08001074   0x0000005a   Code   RO         4751    i.HAL_FDCAN_ConfigFifoWatermark  stm32h7xx_hal_fdcan.o
    0x080010ce   0x080010ce   0x0000007e   Code   RO         4752    i.HAL_FDCAN_ConfigFilter  stm32h7xx_hal_fdcan.o
    0x0800114c   0x0800114c   0x00000032   Code   RO         4753    i.HAL_FDCAN_ConfigGlobalFilter  stm32h7xx_hal_fdcan.o
    0x0800117e   0x0800117e   0x00000002   Code   RO         4774    i.HAL_FDCAN_ErrorCallback  stm32h7xx_hal_fdcan.o
    0x08001180   0x08001180   0x00000010   Code   RO          922    i.HAL_FDCAN_ErrorStatusCallback  fdcan.o
    0x08001190   0x08001190   0x000001a0   Code   RO         4786    i.HAL_FDCAN_GetRxMessage  stm32h7xx_hal_fdcan.o
    0x08001330   0x08001330   0x00000002   Code   RO         4792    i.HAL_FDCAN_HighPriorityMessageCallback  stm32h7xx_hal_fdcan.o
    0x08001332   0x08001332   0x00000002   PAD
    0x08001334   0x08001334   0x00000320   Code   RO         4793    i.HAL_FDCAN_IRQHandler  stm32h7xx_hal_fdcan.o
    0x08001654   0x08001654   0x00000244   Code   RO         4794    i.HAL_FDCAN_Init    stm32h7xx_hal_fdcan.o
    0x08001898   0x08001898   0x00000098   Code   RO          924    i.HAL_FDCAN_MspInit  fdcan.o
    0x08001930   0x08001930   0x00000002   Code   RO         4803    i.HAL_FDCAN_RxBufferNewMessageCallback  stm32h7xx_hal_fdcan.o
    0x08001932   0x08001932   0x00000002   PAD
    0x08001934   0x08001934   0x0000011c   Code   RO          925    i.HAL_FDCAN_RxFifo0Callback  fdcan.o
    0x08001a50   0x08001a50   0x00000002   Code   RO         4805    i.HAL_FDCAN_RxFifo1Callback  stm32h7xx_hal_fdcan.o
    0x08001a52   0x08001a52   0x00000032   Code   RO         4806    i.HAL_FDCAN_Start   stm32h7xx_hal_fdcan.o
    0x08001a84   0x08001a84   0x00000002   Code   RO         4828    i.HAL_FDCAN_TT_GlobalTimeCallback  stm32h7xx_hal_fdcan.o
    0x08001a86   0x08001a86   0x00000002   Code   RO         4829    i.HAL_FDCAN_TT_ScheduleSyncCallback  stm32h7xx_hal_fdcan.o
    0x08001a88   0x08001a88   0x00000002   Code   RO         4834    i.HAL_FDCAN_TT_StopWatchCallback  stm32h7xx_hal_fdcan.o
    0x08001a8a   0x08001a8a   0x00000002   Code   RO         4835    i.HAL_FDCAN_TT_TimeMarkCallback  stm32h7xx_hal_fdcan.o
    0x08001a8c   0x08001a8c   0x00000002   Code   RO         4836    i.HAL_FDCAN_TimeoutOccurredCallback  stm32h7xx_hal_fdcan.o
    0x08001a8e   0x08001a8e   0x00000002   Code   RO         4837    i.HAL_FDCAN_TimestampWraparoundCallback  stm32h7xx_hal_fdcan.o
    0x08001a90   0x08001a90   0x00000002   Code   RO         4838    i.HAL_FDCAN_TxBufferAbortCallback  stm32h7xx_hal_fdcan.o
    0x08001a92   0x08001a92   0x00000002   Code   RO         4839    i.HAL_FDCAN_TxBufferCompleteCallback  stm32h7xx_hal_fdcan.o
    0x08001a94   0x08001a94   0x00000002   Code   RO         4840    i.HAL_FDCAN_TxEventFifoCallback  stm32h7xx_hal_fdcan.o
    0x08001a96   0x08001a96   0x00000002   Code   RO         4841    i.HAL_FDCAN_TxFifoEmptyCallback  stm32h7xx_hal_fdcan.o
    0x08001a98   0x08001a98   0x000000c4   Code   RO         2879    i.HAL_FLASHEx_Erase  stm32h7xx_hal_flash_ex.o
    0x08001b5c   0x08001b5c   0x0000001c   Code   RO         2773    i.HAL_FLASH_Lock    stm32h7xx_hal_flash.o
    0x08001b78   0x08001b78   0x00000094   Code   RO         2778    i.HAL_FLASH_Program  stm32h7xx_hal_flash.o
    0x08001c0c   0x08001c0c   0x0000002c   Code   RO         2780    i.HAL_FLASH_Unlock  stm32h7xx_hal_flash.o
    0x08001c38   0x08001c38   0x00000048   Code   RO          800    i.HAL_GPIO_EXTI_Callback  gpio.o
    0x08001c80   0x08001c80   0x00000018   Code   RO         2953    i.HAL_GPIO_EXTI_IRQHandler  stm32h7xx_hal_gpio.o
    0x08001c98   0x08001c98   0x00000224   Code   RO         2954    i.HAL_GPIO_Init     stm32h7xx_hal_gpio.o
    0x08001ebc   0x08001ebc   0x0000000a   Code   RO         2956    i.HAL_GPIO_ReadPin  stm32h7xx_hal_gpio.o
    0x08001ec6   0x08001ec6   0x0000000a   Code   RO         2958    i.HAL_GPIO_WritePin  stm32h7xx_hal_gpio.o
    0x08001ed0   0x08001ed0   0x0000000c   Code   RO         3819    i.HAL_GetTick       stm32h7xx_hal.o
    0x08001edc   0x08001edc   0x00000010   Code   RO         3825    i.HAL_IncTick       stm32h7xx_hal.o
    0x08001eec   0x08001eec   0x0000005c   Code   RO         3826    i.HAL_Init          stm32h7xx_hal.o
    0x08001f48   0x08001f48   0x00000084   Code   RO         1270    i.HAL_InitTick      stm32h7xx_hal_timebase_tim.o
    0x08001fcc   0x08001fcc   0x00000024   Code   RO         1246    i.HAL_MspInit       stm32h7xx_hal_msp.o
    0x08001ff0   0x08001ff0   0x0000001a   Code   RO         2336    i.HAL_NVIC_EnableIRQ  stm32h7xx_hal_cortex.o
    0x0800200a   0x0800200a   0x00000002   PAD
    0x0800200c   0x0800200c   0x00000040   Code   RO         2342    i.HAL_NVIC_SetPriority  stm32h7xx_hal_cortex.o
    0x0800204c   0x0800204c   0x00000024   Code   RO         2343    i.HAL_NVIC_SetPriorityGrouping  stm32h7xx_hal_cortex.o
    0x08002070   0x08002070   0x00000054   Code   RO         3555    i.HAL_PWREx_ConfigSupply  stm32h7xx_hal_pwr_ex.o
    0x080020c4   0x080020c4   0x00000024   Code   RO         2597    i.HAL_RCCEx_GetD3PCLK1Freq  stm32h7xx_hal_rcc_ex.o
    0x080020e8   0x080020e8   0x00000144   Code   RO         2599    i.HAL_RCCEx_GetPLL2ClockFreq  stm32h7xx_hal_rcc_ex.o
    0x0800222c   0x0800222c   0x00000144   Code   RO         2600    i.HAL_RCCEx_GetPLL3ClockFreq  stm32h7xx_hal_rcc_ex.o
    0x08002370   0x08002370   0x0000093a   Code   RO         2606    i.HAL_RCCEx_PeriphCLKConfig  stm32h7xx_hal_rcc_ex.o
    0x08002caa   0x08002caa   0x00000002   Code   RO         2481    i.HAL_RCC_CSSCallback  stm32h7xx_hal_rcc.o
    0x08002cac   0x08002cac   0x0000025c   Code   RO         2482    i.HAL_RCC_ClockConfig  stm32h7xx_hal_rcc.o
    0x08002f08   0x08002f08   0x00000010   Code   RO         2485    i.HAL_RCC_EnableCSS  stm32h7xx_hal_rcc.o
    0x08002f18   0x08002f18   0x0000005c   Code   RO         2486    i.HAL_RCC_GetClockConfig  stm32h7xx_hal_rcc.o
    0x08002f74   0x08002f74   0x00000044   Code   RO         2487    i.HAL_RCC_GetHCLKFreq  stm32h7xx_hal_rcc.o
    0x08002fb8   0x08002fb8   0x00000024   Code   RO         2489    i.HAL_RCC_GetPCLK1Freq  stm32h7xx_hal_rcc.o
    0x08002fdc   0x08002fdc   0x00000024   Code   RO         2490    i.HAL_RCC_GetPCLK2Freq  stm32h7xx_hal_rcc.o
    0x08003000   0x08003000   0x00000138   Code   RO         2491    i.HAL_RCC_GetSysClockFreq  stm32h7xx_hal_rcc.o
    0x08003138   0x08003138   0x00000020   Code   RO         2493    i.HAL_RCC_NMI_IRQHandler  stm32h7xx_hal_rcc.o
    0x08003158   0x08003158   0x00000526   Code   RO         2494    i.HAL_RCC_OscConfig  stm32h7xx_hal_rcc.o
    0x0800367e   0x0800367e   0x00000002   PAD
    0x08003680   0x08003680   0x0000017c   Code   RO         5371    i.HAL_SPI_Init      stm32h7xx_hal_spi.o
    0x080037fc   0x080037fc   0x000000ac   Code   RO          988    i.HAL_SPI_MspInit   spi.o
    0x080038a8   0x080038a8   0x00000242   Code   RO         5380    i.HAL_SPI_Transmit  stm32h7xx_hal_spi.o
    0x08003aea   0x08003aea   0x00000002   Code   RO         2025    i.HAL_TIMEx_Break2Callback  stm32h7xx_hal_tim_ex.o
    0x08003aec   0x08003aec   0x00000002   Code   RO         2026    i.HAL_TIMEx_BreakCallback  stm32h7xx_hal_tim_ex.o
    0x08003aee   0x08003aee   0x00000002   Code   RO         2027    i.HAL_TIMEx_CommutCallback  stm32h7xx_hal_tim_ex.o
    0x08003af0   0x08003af0   0x000000b8   Code   RO         2048    i.HAL_TIMEx_MasterConfigSynchronization  stm32h7xx_hal_tim_ex.o
    0x08003ba8   0x08003ba8   0x00000062   Code   RO         1311    i.HAL_TIM_Base_Init  stm32h7xx_hal_tim.o
    0x08003c0a   0x08003c0a   0x00000002   PAD
    0x08003c0c   0x08003c0c   0x00000054   Code   RO         1043    i.HAL_TIM_Base_MspInit  tim.o
    0x08003c60   0x08003c60   0x000000a0   Code   RO         1316    i.HAL_TIM_Base_Start_IT  stm32h7xx_hal_tim.o
    0x08003d00   0x08003d00   0x000000fc   Code   RO         1320    i.HAL_TIM_ConfigClockSource  stm32h7xx_hal_tim.o
    0x08003dfc   0x08003dfc   0x00000002   Code   RO         1345    i.HAL_TIM_IC_CaptureCallback  stm32h7xx_hal_tim.o
    0x08003dfe   0x08003dfe   0x00000148   Code   RO         1359    i.HAL_TIM_IRQHandler  stm32h7xx_hal_tim.o
    0x08003f46   0x08003f46   0x00000002   PAD
    0x08003f48   0x08003f48   0x00000050   Code   RO         1044    i.HAL_TIM_MspPostInit  tim.o
    0x08003f98   0x08003f98   0x00000002   Code   RO         1362    i.HAL_TIM_OC_DelayElapsedCallback  stm32h7xx_hal_tim.o
    0x08003f9a   0x08003f9a   0x00000124   Code   RO         1383    i.HAL_TIM_PWM_ConfigChannel  stm32h7xx_hal_tim.o
    0x080040be   0x080040be   0x00000062   Code   RO         1386    i.HAL_TIM_PWM_Init  stm32h7xx_hal_tim.o
    0x08004120   0x08004120   0x00000002   Code   RO         1388    i.HAL_TIM_PWM_MspInit  stm32h7xx_hal_tim.o
    0x08004122   0x08004122   0x00000002   Code   RO         1389    i.HAL_TIM_PWM_PulseFinishedCallback  stm32h7xx_hal_tim.o
    0x08004124   0x08004124   0x00000038   Code   RO          721    i.HAL_TIM_PeriodElapsedCallback  main.o
    0x0800415c   0x0800415c   0x00000002   Code   RO         1402    i.HAL_TIM_TriggerCallback  stm32h7xx_hal_tim.o
    0x0800415e   0x0800415e   0x00000040   Code   RO         6109    i.HAL_UARTEx_DisableFifoMode  stm32h7xx_hal_uart_ex.o
    0x0800419e   0x0800419e   0x0000004e   Code   RO         6116    i.HAL_UARTEx_ReceiveToIdle_IT  stm32h7xx_hal_uart_ex.o
    0x080041ec   0x080041ec   0x00000030   Code   RO         8262    i.HAL_UARTEx_RxEventCallback  ibus.o
    0x0800421c   0x0800421c   0x00000002   Code   RO         6117    i.HAL_UARTEx_RxFifoFullCallback  stm32h7xx_hal_uart_ex.o
    0x0800421e   0x0800421e   0x0000004c   Code   RO         6118    i.HAL_UARTEx_SetRxFifoThreshold  stm32h7xx_hal_uart_ex.o
    0x0800426a   0x0800426a   0x0000004c   Code   RO         6119    i.HAL_UARTEx_SetTxFifoThreshold  stm32h7xx_hal_uart_ex.o
    0x080042b6   0x080042b6   0x00000002   Code   RO         6121    i.HAL_UARTEx_TxFifoEmptyCallback  stm32h7xx_hal_uart_ex.o
    0x080042b8   0x080042b8   0x00000002   Code   RO         6122    i.HAL_UARTEx_WakeupCallback  stm32h7xx_hal_uart_ex.o
    0x080042ba   0x080042ba   0x00000002   PAD
    0x080042bc   0x080042bc   0x00000020   Code   RO         8263    i.HAL_UART_ErrorCallback  ibus.o
    0x080042dc   0x080042dc   0x0000039c   Code   RO         5717    i.HAL_UART_IRQHandler  stm32h7xx_hal_uart.o
    0x08004678   0x08004678   0x0000006a   Code   RO         5718    i.HAL_UART_Init     stm32h7xx_hal_uart.o
    0x080046e2   0x080046e2   0x00000002   PAD
    0x080046e4   0x080046e4   0x00000124   Code   RO         1097    i.HAL_UART_MspInit  usart.o
    0x08004808   0x08004808   0x00000002   Code   RO         5725    i.HAL_UART_RxCpltCallback  stm32h7xx_hal_uart.o
    0x0800480a   0x0800480a   0x00000002   PAD
    0x0800480c   0x0800480c   0x000000b8   Code   RO         5727    i.HAL_UART_Transmit  stm32h7xx_hal_uart.o
    0x080048c4   0x080048c4   0x00000002   Code   RO         5730    i.HAL_UART_TxCpltCallback  stm32h7xx_hal_uart.o
    0x080048c6   0x080048c6   0x00000002   Code   RO         1158    i.HardFault_Handler  stm32h7xx_it.o
    0x080048c8   0x080048c8   0x00000026   Code   RO         7447    i.IRQ_Context       cmsis_os2.o
    0x080048ee   0x080048ee   0x0000003e   Code   RO          440    i.LCD_Address_Set   lcd.o
    0x0800492c   0x0800492c   0x0000008c   Code   RO          989    i.LCD_DisplayUpdate  spi.o
    0x080049b8   0x080049b8   0x00000016   Code   RO          442    i.LCD_DrawPoint     lcd.o
    0x080049ce   0x080049ce   0x00000040   Code   RO          444    i.LCD_Fill          lcd.o
    0x08004a0e   0x08004a0e   0x00000002   PAD
    0x08004a10   0x08004a10   0x000001a4   Code   RO          445    i.LCD_Init          lcd.o
    0x08004bb4   0x08004bb4   0x0000010c   Code   RO          446    i.LCD_ShowChar      lcd.o
    0x08004cc0   0x08004cc0   0x0000008c   Code   RO          447    i.LCD_ShowChinese   lcd.o
    0x08004d4c   0x08004d4c   0x000000fc   Code   RO          448    i.LCD_ShowChinese12x12  lcd.o
    0x08004e48   0x08004e48   0x000000f8   Code   RO          449    i.LCD_ShowChinese16x16  lcd.o
    0x08004f40   0x08004f40   0x000000fc   Code   RO          450    i.LCD_ShowChinese24x24  lcd.o
    0x0800503c   0x0800503c   0x000000f8   Code   RO          451    i.LCD_ShowChinese32x32  lcd.o
    0x08005134   0x08005134   0x00000050   Code   RO          455    i.LCD_ShowPicture   lcd.o
    0x08005184   0x08005184   0x0000003a   Code   RO          456    i.LCD_ShowString    lcd.o
    0x080051be   0x080051be   0x00000014   Code   RO          457    i.LCD_WR_DATA       lcd.o
    0x080051d2   0x080051d2   0x00000002   PAD
    0x080051d4   0x080051d4   0x0000002c   Code   RO          459    i.LCD_WR_REG        lcd.o
    0x08005200   0x08005200   0x00000034   Code   RO          460    i.LCD_Writ_Bus      lcd.o
    0x08005234   0x08005234   0x0000006c   Code   RO          926    i.MX_FDCAN1_Init    fdcan.o
    0x080052a0   0x080052a0   0x0000009c   Code   RO          830    i.MX_FREERTOS_Init  freertos.o
    0x0800533c   0x0800533c   0x00000108   Code   RO          801    i.MX_GPIO_Init      gpio.o
    0x08005444   0x08005444   0x00000060   Code   RO          990    i.MX_SPI1_Init      spi.o
    0x080054a4   0x080054a4   0x000000a4   Code   RO         1045    i.MX_TIM12_Init     tim.o
    0x08005548   0x08005548   0x0000004c   Code   RO         1046    i.MX_TIM6_Init      tim.o
    0x08005594   0x08005594   0x0000006c   Code   RO         1098    i.MX_UART5_Init     usart.o
    0x08005600   0x08005600   0x00000068   Code   RO         1099    i.MX_USART1_UART_Init  usart.o
    0x08005668   0x08005668   0x00000002   Code   RO         1159    i.MemManage_Handler  stm32h7xx_it.o
    0x0800566a   0x0800566a   0x00000002   PAD
    0x0800566c   0x0800566c   0x000001a0   Code   RO         8119    i.Motor_Control     motor.o
    0x0800580c   0x0800580c   0x000000ec   Code   RO         8123    i.Motor_Init        motor.o
    0x080058f8   0x080058f8   0x00000050   Code   RO         8124    i.Motor_SendCurrent  motor.o
    0x08005948   0x08005948   0x00000030   Code   RO         8125    i.Motor_SetMode     motor.o
    0x08005978   0x08005978   0x0000000c   Code   RO         8129    i.Motor_SetTargetRPM_LF  motor.o
    0x08005984   0x08005984   0x0000000c   Code   RO         8130    i.Motor_SetTargetRPM_RF  motor.o
    0x08005990   0x08005990   0x00000078   Code   RO         8132    i.Motor_UpdateData  motor.o
    0x08005a08   0x08005a08   0x00000004   Code   RO         1160    i.NMI_Handler       stm32h7xx_it.o
    0x08005a0c   0x08005a0c   0x0000007a   Code   RO         8229    i.PID_Calculate     pid.o
    0x08005a86   0x08005a86   0x00000002   PAD
    0x08005a88   0x08005a88   0x00000018   Code   RO         8230    i.PID_Clear         pid.o
    0x08005aa0   0x08005aa0   0x0000000a   Code   RO         8231    i.PID_SetLimit      pid.o
    0x08005aaa   0x08005aaa   0x00000006   Code   RO         8232    i.PID_SetParam      pid.o
    0x08005ab0   0x08005ab0   0x0000014c   Code   RO           22    i.Prase_Motor_Feedback  drv_damiao6220.o
    0x08005bfc   0x08005bfc   0x00000120   Code   RO         2609    i.RCCEx_PLL2_Config  stm32h7xx_hal_rcc_ex.o
    0x08005d1c   0x08005d1c   0x00000120   Code   RO         2610    i.RCCEx_PLL3_Config  stm32h7xx_hal_rcc_ex.o
    0x08005e3c   0x08005e3c   0x00000020   Code   RO          341    i.Read_Pos_From_Flash  zdt_x57_v2motor.o
    0x08005e5c   0x08005e5c   0x00000068   Code   RO         8264    i.Remote_DBUS_to_RC  ibus.o
    0x08005ec4   0x08005ec4   0x000000bc   Code   RO         5391    i.SPI_CloseTransfer  stm32h7xx_hal_spi.o
    0x08005f80   0x08005f80   0x00000046   Code   RO         5408    i.SPI_WaitOnFlagUntilTimeout  stm32h7xx_hal_spi.o
    0x08005fc6   0x08005fc6   0x00000002   PAD
    0x08005fc8   0x08005fc8   0x00000060   Code   RO          342    i.Save_Both_Motors_To_Flash  zdt_x57_v2motor.o
    0x08006028   0x08006028   0x000000bc   Code   RO          831    i.StartDefaultTask  freertos.o
    0x080060e4   0x080060e4   0x0000021c   Code   RO          832    i.StartTask02       freertos.o
    0x08006300   0x08006300   0x00000058   Code   RO          833    i.StartTask03       freertos.o
    0x08006358   0x08006358   0x0000007c   Code   RO          834    i.StartTask04       freertos.o
    0x080063d4   0x080063d4   0x00000058   Code   RO          835    i.StartTask05       freertos.o
    0x0800642c   0x0800642c   0x00000088   Code   RO          836    i.StartTask06       freertos.o
    0x080064b4   0x080064b4   0x0000001a   Code   RO         7449    i.SysTick_Handler   cmsis_os2.o
    0x080064ce   0x080064ce   0x00000002   PAD
    0x080064d0   0x080064d0   0x00000094   Code   RO          722    i.SystemClock_Config  main.o
    0x08006564   0x08006564   0x000000d8   Code   RO         6229    i.SystemInit        system_stm32h7xx.o
    0x0800663c   0x0800663c   0x0000000c   Code   RO         1161    i.TIM1_UP_IRQHandler  stm32h7xx_it.o
    0x08006648   0x08006648   0x0000000c   Code   RO         1162    i.TIM6_DAC_IRQHandler  stm32h7xx_it.o
    0x08006654   0x08006654   0x000000e0   Code   RO         1404    i.TIM_Base_SetConfig  stm32h7xx_hal_tim.o
    0x08006734   0x08006734   0x00000012   Code   RO         1415    i.TIM_ETR_SetConfig  stm32h7xx_hal_tim.o
    0x08006746   0x08006746   0x00000002   PAD
    0x08006748   0x08006748   0x00000014   Code   RO         1416    i.TIM_ITRx_SetConfig  stm32h7xx_hal_tim.o
    0x0800675c   0x0800675c   0x000000ac   Code   RO         1417    i.TIM_OC1_SetConfig  stm32h7xx_hal_tim.o
    0x08006808   0x08006808   0x0000009c   Code   RO         1418    i.TIM_OC2_SetConfig  stm32h7xx_hal_tim.o
    0x080068a4   0x080068a4   0x0000009c   Code   RO         1419    i.TIM_OC3_SetConfig  stm32h7xx_hal_tim.o
    0x08006940   0x08006940   0x00000078   Code   RO         1420    i.TIM_OC4_SetConfig  stm32h7xx_hal_tim.o
    0x080069b8   0x080069b8   0x00000074   Code   RO         1421    i.TIM_OC5_SetConfig  stm32h7xx_hal_tim.o
    0x08006a2c   0x08006a2c   0x00000074   Code   RO         1422    i.TIM_OC6_SetConfig  stm32h7xx_hal_tim.o
    0x08006aa0   0x08006aa0   0x0000005c   Code   RO         1424    i.TIM_TI1_ConfigInputStage  stm32h7xx_hal_tim.o
    0x08006afc   0x08006afc   0x00000040   Code   RO         1426    i.TIM_TI2_ConfigInputStage  stm32h7xx_hal_tim.o
    0x08006b3c   0x08006b3c   0x0000000c   Code   RO         1163    i.UART5_IRQHandler  stm32h7xx_it.o
    0x08006b48   0x08006b48   0x00000044   Code   RO         6123    i.UARTEx_SetNbDataToProcess  stm32h7xx_hal_uart_ex.o
    0x08006b8c   0x08006b8c   0x000000c8   Code   RO         5732    i.UART_AdvFeatureConfig  stm32h7xx_hal_uart.o
    0x08006c54   0x08006c54   0x000000aa   Code   RO         5733    i.UART_CheckIdleState  stm32h7xx_hal_uart.o
    0x08006cfe   0x08006cfe   0x0000000a   Code   RO         5734    i.UART_DMAAbortOnError  stm32h7xx_hal_uart.o
    0x08006d08   0x08006d08   0x00000054   Code   RO         5744    i.UART_EndRxTransfer  stm32h7xx_hal_uart.o
    0x08006d5c   0x08006d5c   0x000000c8   Code   RO         5746    i.UART_RxISR_16BIT  stm32h7xx_hal_uart.o
    0x08006e24   0x08006e24   0x000001a0   Code   RO         5747    i.UART_RxISR_16BIT_FIFOEN  stm32h7xx_hal_uart.o
    0x08006fc4   0x08006fc4   0x000000c8   Code   RO         5748    i.UART_RxISR_8BIT   stm32h7xx_hal_uart.o
    0x0800708c   0x0800708c   0x000001a0   Code   RO         5749    i.UART_RxISR_8BIT_FIFOEN  stm32h7xx_hal_uart.o
    0x0800722c   0x0800722c   0x000003dc   Code   RO         5750    i.UART_SetConfig    stm32h7xx_hal_uart.o
    0x08007608   0x08007608   0x00000110   Code   RO         5752    i.UART_Start_Receive_IT  stm32h7xx_hal_uart.o
    0x08007718   0x08007718   0x00000094   Code   RO         5757    i.UART_WaitOnFlagUntilTimeout  stm32h7xx_hal_uart.o
    0x080077ac   0x080077ac   0x00000002   Code   RO         1164    i.UsageFault_Handler  stm32h7xx_it.o
    0x080077ae   0x080077ae   0x00000002   PAD
    0x080077b0   0x080077b0   0x000000b8   Code   RO          343    i.ZDT_ArmorPlate_Move  zdt_x57_v2motor.o
    0x08007868   0x08007868   0x0000004c   Code   RO          344    i.ZDT_Enable_Motor  zdt_x57_v2motor.o
    0x080078b4   0x080078b4   0x0000005c   Code   RO          346    i.ZDT_Release_Stall  zdt_x57_v2motor.o
    0x08007910   0x08007910   0x00000040   Code   RO          348    i.ZDT_Request_Position  zdt_x57_v2motor.o
    0x08007950   0x08007950   0x00000074   Code   RO          350    i.ZDT_Velocity_Mode  zdt_x57_v2motor.o
    0x080079c4   0x080079c4   0x00000020   Code   RO         8586    i.__0printf$8       mc_w.l(printf8.o)
    0x080079e4   0x080079e4   0x00000028   Code   RO         8588    i.__0sprintf$8      mc_w.l(printf8.o)
    0x08007a0c   0x08007a0c   0x00000022   Code   RO         2349    i.__NVIC_SetPriority  stm32h7xx_hal_cortex.o
    0x08007a2e   0x08007a2e   0x0000000e   Code   RO         8682    i.__scatterload_copy  mc_w.l(handlers.o)
    0x08007a3c   0x08007a3c   0x00000002   Code   RO         8683    i.__scatterload_null  mc_w.l(handlers.o)
    0x08007a3e   0x08007a3e   0x0000000e   Code   RO         8684    i.__scatterload_zeroinit  mc_w.l(handlers.o)
    0x08007a4c   0x08007a4c   0x00000404   Code   RO         8593    i._printf_core      mc_w.l(printf8.o)
    0x08007e50   0x08007e50   0x00000024   Code   RO         8594    i._printf_post_padding  mc_w.l(printf8.o)
    0x08007e74   0x08007e74   0x0000002e   Code   RO         8595    i._printf_pre_padding  mc_w.l(printf8.o)
    0x08007ea2   0x08007ea2   0x0000000a   Code   RO         8597    i._sputc            mc_w.l(printf8.o)
    0x08007eac   0x08007eac   0x00000018   Code   RO         1100    i.fputc             usart.o
    0x08007ec4   0x08007ec4   0x00000108   Code   RO          723    i.main              main.o
    0x08007fcc   0x08007fcc   0x00000020   Code   RO         7451    i.osDelay           cmsis_os2.o
    0x08007fec   0x08007fec   0x00000018   Code   RO         7463    i.osKernelGetTickCount  cmsis_os2.o
    0x08008004   0x08008004   0x00000030   Code   RO         7465    i.osKernelInitialize  cmsis_os2.o
    0x08008034   0x08008034   0x00000040   Code   RO         7468    i.osKernelStart     cmsis_os2.o
    0x08008074   0x08008074   0x00000074   Code   RO         7480    i.osMessageQueueGet  cmsis_os2.o
    0x080080e8   0x080080e8   0x00000062   Code   RO         7485    i.osMessageQueueNew  cmsis_os2.o
    0x0800814a   0x0800814a   0x00000002   PAD
    0x0800814c   0x0800814c   0x00000078   Code   RO         7486    i.osMessageQueuePut  cmsis_os2.o
    0x080081c4   0x080081c4   0x00000050   Code   RO         7488    i.osMutexAcquire    cmsis_os2.o
    0x08008214   0x08008214   0x00000064   Code   RO         7491    i.osMutexNew        cmsis_os2.o
    0x08008278   0x08008278   0x00000044   Code   RO         7492    i.osMutexRelease    cmsis_os2.o
    0x080082bc   0x080082bc   0x00000092   Code   RO         7510    i.osThreadNew       cmsis_os2.o
    0x0800834e   0x0800834e   0x00000002   PAD
    0x08008350   0x08008350   0x00000078   Code   RO         6889    i.prvAddCurrentTaskToDelayedList  tasks.o
    0x080083c8   0x080083c8   0x000000f0   Code   RO         6890    i.prvAddNewTaskToReadyList  tasks.o
    0x080084b8   0x080084b8   0x00000058   Code   RO         7260    i.prvCheckForValidListAndQueue  timers.o
    0x08008510   0x08008510   0x00000026   Code   RO         6462    i.prvCopyDataFromQueue  queue.o
    0x08008536   0x08008536   0x0000006c   Code   RO         6463    i.prvCopyDataToQueue  queue.o
    0x080085a2   0x080085a2   0x00000034   Code   RO         6891    i.prvDeleteTCB      tasks.o
    0x080085d6   0x080085d6   0x00000002   PAD
    0x080085d8   0x080085d8   0x00000048   Code   RO         7963    i.prvHeapInit       heap_4.o
    0x08008620   0x08008620   0x00000060   Code   RO         6892    i.prvIdleTask       tasks.o
    0x08008680   0x08008680   0x00000016   Code   RO         6464    i.prvInitialiseMutex  queue.o
    0x08008696   0x08008696   0x00000002   PAD
    0x08008698   0x08008698   0x00000022   Code   RO         6465    i.prvInitialiseNewQueue  queue.o
    0x080086ba   0x080086ba   0x000000a6   Code   RO         6893    i.prvInitialiseNewTask  tasks.o
    0x08008760   0x08008760   0x0000004c   Code   RO         7964    i.prvInsertBlockIntoFreeList  heap_4.o
    0x080087ac   0x080087ac   0x0000003c   Code   RO         7262    i.prvInsertTimerInActiveList  timers.o
    0x080087e8   0x080087e8   0x0000001c   Code   RO         6466    i.prvIsQueueEmpty   queue.o
    0x08008804   0x08008804   0x00000040   Code   RO         7263    i.prvProcessExpiredTimer  timers.o
    0x08008844   0x08008844   0x000000f0   Code   RO         7264    i.prvProcessReceivedCommands  timers.o
    0x08008934   0x08008934   0x0000006c   Code   RO         7265    i.prvProcessTimerOrBlockTask  timers.o
    0x080089a0   0x080089a0   0x00000028   Code   RO         7266    i.prvReloadTimer    timers.o
    0x080089c8   0x080089c8   0x0000001c   Code   RO         6895    i.prvResetNextTaskUnblockTime  tasks.o
    0x080089e4   0x080089e4   0x00000048   Code   RO         7267    i.prvSampleTimeNow  timers.o
    0x08008a2c   0x08008a2c   0x00000028   Code   RO         8025    i.prvTaskExitError  port.o
    0x08008a54   0x08008a54   0x00000024   Code   RO         7268    i.prvTimerTask      timers.o
    0x08008a78   0x08008a78   0x0000006a   Code   RO         6467    i.prvUnlockQueue    queue.o
    0x08008ae2   0x08008ae2   0x00000002   PAD
    0x08008ae4   0x08008ae4   0x000000d0   Code   RO         7966    i.pvPortMalloc      heap_4.o
    0x08008bb4   0x08008bb4   0x00000018   Code   RO         6898    i.pvTaskIncrementMutexHeldCount  tasks.o
    0x08008bcc   0x08008bcc   0x00000030   Code   RO         8026    i.pxPortInitialiseStack  port.o
    0x08008bfc   0x08008bfc   0x0000000c   Code   RO          216    i.set_pid_mode      6220pid.o
    0x08008c08   0x08008c08   0x0000000c   Code   RO          217    i.set_position      6220pid.o
    0x08008c14   0x08008c14   0x0000000c   Code   RO          218    i.set_velocity      6220pid.o
    0x08008c20   0x08008c20   0x00000118   Code   RO          219    i.update_pid_p      6220pid.o
    0x08008d38   0x08008d38   0x00000134   Code   RO          220    i.update_pid_v      6220pid.o
    0x08008e6c   0x08008e6c   0x00000026   Code   RO         6422    i.uxListRemove      list.o
    0x08008e92   0x08008e92   0x00000002   PAD
    0x08008e94   0x08008e94   0x0000000c   Code   RO         6901    i.uxTaskGetNumberOfTasks  tasks.o
    0x08008ea0   0x08008ea0   0x00000018   Code   RO         7522    i.vApplicationGetIdleTaskMemory  cmsis_os2.o
    0x08008eb8   0x08008eb8   0x00000018   Code   RO         7523    i.vApplicationGetTimerTaskMemory  cmsis_os2.o
    0x08008ed0   0x08008ed0   0x00000016   Code   RO         6423    i.vListInitialise   list.o
    0x08008ee6   0x08008ee6   0x00000006   Code   RO         6424    i.vListInitialiseItem  list.o
    0x08008eec   0x08008eec   0x00000030   Code   RO         6425    i.vListInsert       list.o
    0x08008f1c   0x08008f1c   0x00000040   Code   RO         8028    i.vPortEnterCritical  port.o
    0x08008f5c   0x08008f5c   0x00000028   Code   RO         8029    i.vPortExitCritical  port.o
    0x08008f84   0x08008f84   0x00000064   Code   RO         7967    i.vPortFree         heap_4.o
    0x08008fe8   0x08008fe8   0x00000024   Code   RO         8030    i.vPortSetupTimerInterrupt  port.o
    0x0800900c   0x0800900c   0x00000054   Code   RO         8031    i.vPortValidateInterruptPriority  port.o
    0x08009060   0x08009060   0x00000050   Code   RO         6475    i.vQueueAddToRegistry  queue.o
    0x080090b0   0x080090b0   0x00000044   Code   RO         6479    i.vQueueWaitForMessageRestricted  queue.o
    0x080090f4   0x080090f4   0x0000004c   Code   RO         6908    i.vTaskDelay        tasks.o
    0x08009140   0x08009140   0x00000010   Code   RO         6913    i.vTaskInternalSetTimeOutState  tasks.o
    0x08009150   0x08009150   0x0000000c   Code   RO         6914    i.vTaskMissedYield  tasks.o
    0x0800915c   0x0800915c   0x00000030   Code   RO         6915    i.vTaskPlaceOnEventList  tasks.o
    0x0800918c   0x0800918c   0x00000050   Code   RO         6916    i.vTaskPlaceOnEventListRestricted  tasks.o
    0x080091dc   0x080091dc   0x000000b4   Code   RO         6918    i.vTaskPriorityDisinheritAfterTimeout  tasks.o
    0x08009290   0x08009290   0x00000084   Code   RO         6924    i.vTaskStartScheduler  tasks.o
    0x08009314   0x08009314   0x00000010   Code   RO         6926    i.vTaskSuspendAll   tasks.o
    0x08009324   0x08009324   0x00000064   Code   RO         6927    i.vTaskSwitchContext  tasks.o
    0x08009388   0x08009388   0x00000100   Code   RO         8032    i.xPortStartScheduler  port.o
    0x08009488   0x08009488   0x0000002c   Code   RO         8033    i.xPortSysTickHandler  port.o
    0x080094b4   0x080094b4   0x00000016   Code   RO         6482    i.xQueueCreateMutex  queue.o
    0x080094ca   0x080094ca   0x0000001a   Code   RO         6483    i.xQueueCreateMutexStatic  queue.o
    0x080094e4   0x080094e4   0x00000054   Code   RO         6484    i.xQueueGenericCreate  queue.o
    0x08009538   0x08009538   0x00000046   Code   RO         6485    i.xQueueGenericCreateStatic  queue.o
    0x0800957e   0x0800957e   0x00000002   PAD
    0x08009580   0x08009580   0x000000bc   Code   RO         6487    i.xQueueGenericReset  queue.o
    0x0800963c   0x0800963c   0x00000160   Code   RO         6488    i.xQueueGenericSend  queue.o
    0x0800979c   0x0800979c   0x000000da   Code   RO         6489    i.xQueueGenericSendFromISR  queue.o
    0x08009876   0x08009876   0x0000003e   Code   RO         6493    i.xQueueGiveMutexRecursive  queue.o
    0x080098b4   0x080098b4   0x0000013c   Code   RO         6498    i.xQueueReceive     queue.o
    0x080099f0   0x080099f0   0x000000b8   Code   RO         6499    i.xQueueReceiveFromISR  queue.o
    0x08009aa8   0x08009aa8   0x00000168   Code   RO         6500    i.xQueueSemaphoreTake  queue.o
    0x08009c10   0x08009c10   0x0000003c   Code   RO         6501    i.xQueueTakeMutexRecursive  queue.o
    0x08009c4c   0x08009c4c   0x00000074   Code   RO         6929    i.xTaskCheckForTimeOut  tasks.o
    0x08009cc0   0x08009cc0   0x00000060   Code   RO         6930    i.xTaskCreate       tasks.o
    0x08009d20   0x08009d20   0x00000072   Code   RO         6931    i.xTaskCreateStatic  tasks.o
    0x08009d92   0x08009d92   0x00000002   PAD
    0x08009d94   0x08009d94   0x0000000c   Code   RO         6937    i.xTaskGetCurrentTaskHandle  tasks.o
    0x08009da0   0x08009da0   0x0000001c   Code   RO         6938    i.xTaskGetSchedulerState  tasks.o
    0x08009dbc   0x08009dbc   0x0000000c   Code   RO         6940    i.xTaskGetTickCount  tasks.o
    0x08009dc8   0x08009dc8   0x00000010   Code   RO         6941    i.xTaskGetTickCountFromISR  tasks.o
    0x08009dd8   0x08009dd8   0x00000130   Code   RO         6942    i.xTaskIncrementTick  tasks.o
    0x08009f08   0x08009f08   0x000000a8   Code   RO         6943    i.xTaskPriorityDisinherit  tasks.o
    0x08009fb0   0x08009fb0   0x000000a0   Code   RO         6944    i.xTaskPriorityInherit  tasks.o
    0x0800a050   0x0800a050   0x000000dc   Code   RO         6945    i.xTaskRemoveFromEventList  tasks.o
    0x0800a12c   0x0800a12c   0x00000140   Code   RO         6946    i.xTaskResumeAll    tasks.o
    0x0800a26c   0x0800a26c   0x00000060   Code   RO         7277    i.xTimerCreateTimerTask  timers.o
    0x0800a2cc   0x0800a2cc   0x00003734   Data   RO          462    .constdata          lcd.o
    0x0800da00   0x0800da00   0x00001b58   Data   RO          725    .constdata          main.o
    0x0800f558   0x0800f558   0x00000110   Data   RO          838    .constdata          freertos.o
    0x0800f668   0x0800f668   0x0000001a   Data   RO          992    .constdata          spi.o
    0x0800f682   0x0800f682   0x00000002   PAD
    0x0800f684   0x0800f684   0x0000005c   Data   RO         4842    .constdata          stm32h7xx_hal_fdcan.o
    0x0800f6e0   0x0800f6e0   0x00000018   Data   RO         5758    .constdata          stm32h7xx_hal_uart.o
    0x0800f6f8   0x0800f6f8   0x00000010   Data   RO         6124    .constdata          stm32h7xx_hal_uart_ex.o
    0x0800f708   0x0800f708   0x00000010   Data   RO         6230    .constdata          system_stm32h7xx.o
    0x0800f718   0x0800f718   0x00000088   Data   RO          839    .conststring        freertos.o
    0x0800f7a0   0x0800f7a0   0x00000020   Data   RO         8680    Region$$Table       anon$$obj.o


    Execution Region RW_IRAM1 (Exec base: 0x20000000, Load base: 0x0800f7c0, Size: 0x00000000, Max: 0x00020000, ABSOLUTE)

    **** No section assigned to this execution region ****


    Execution Region RW_IRAM2 (Exec base: 0x24000000, Load base: 0x0800f7c0, Size: 0x00005310, Max: 0x00050000, ABSOLUTE, COMPRESSED[0x00000040])

    Exec Addr    Load Addr    Size         Type   Attr      Idx    E Section Name        Object

    0x24000000   COMPRESSED   0x00000020   Data   RW          221    .data               6220pid.o
    0x24000020   COMPRESSED   0x00000082   Data   RW          463    .data               lcd.o
    0x240000a2   COMPRESSED   0x00000004   Data   RW          726    .data               main.o
    0x240000a6   COMPRESSED   0x00000004   Data   RW          727    .data               main.o
    0x240000aa   COMPRESSED   0x00000001   Data   RW          728    .data               main.o
    0x240000ab   COMPRESSED   0x00000001   PAD
    0x240000ac   COMPRESSED   0x00000030   Data   RW          840    .data               freertos.o
    0x240000dc   COMPRESSED   0x00000010   Data   RW          993    .data               spi.o
    0x240000ec   COMPRESSED   0x0000000c   Data   RW         3850    .data               stm32h7xx_hal.o
    0x240000f8   COMPRESSED   0x00000008   Data   RW         6231    .data               system_stm32h7xx.o
    0x24000100   COMPRESSED   0x00000040   Data   RW         6949    .data               tasks.o
    0x24000140   COMPRESSED   0x00000014   Data   RW         7288    .data               timers.o
    0x24000154   COMPRESSED   0x00000004   Data   RW         7525    .data               cmsis_os2.o
    0x24000158   COMPRESSED   0x0000001c   Data   RW         7973    .data               heap_4.o
    0x24000174   COMPRESSED   0x0000000c   Data   RW         8034    .data               port.o
    0x24000180   COMPRESSED   0x0000001c   Data   RW         8134    .data               motor.o
    0x2400019c   COMPRESSED   0x00000004   Data   RW         8656    .data               mc_w.l(stdout.o)
    0x240001a0        -       0x0000000c   Zero   RW           23    .bss                drv_damiao6220.o
    0x240001ac   COMPRESSED   0x00000014   PAD
    0x240001c0        -       0x00000020   Zero   RW          351    .bss                zdt_x57_v2motor.o
    0x240001e0        -       0x00000040   Zero   RW          837    .bss                freertos.o
    0x24000220        -       0x000000a0   Zero   RW          927    .bss                fdcan.o
    0x240002c0        -       0x00000088   Zero   RW          991    .bss                spi.o
    0x24000348        -       0x00000098   Zero   RW         1047    .bss                tim.o
    0x240003e0        -       0x00000128   Zero   RW         1101    .bss                usart.o
    0x24000508        -       0x0000004c   Zero   RW         1273    .bss                stm32h7xx_hal_timebase_tim.o
    0x24000554        -       0x0000001c   Zero   RW         2781    .bss                stm32h7xx_hal_flash.o
    0x24000570        -       0x00000040   Zero   RW         6502    .bss                queue.o
    0x240005b0        -       0x000004c4   Zero   RW         6948    .bss                tasks.o
    0x24000a74        -       0x00000118   Zero   RW         7287    .bss                timers.o
    0x24000b8c        -       0x000006b8   Zero   RW         7524    .bss                cmsis_os2.o
    0x24001244        -       0x00003c00   Zero   RW         7972    .bss                heap_4.o
    0x24004e44        -       0x000000b0   Zero   RW         8133    .bss                motor.o
    0x24004ef4        -       0x0000001c   Zero   RW         8265    .bss                ibus.o
    0x24004f10        -       0x00000400   Zero   RW            1    STACK               startup_stm32h723xx.o


==============================================================================

Image component sizes


      Code (inc. data)   RO Data    RW Data    ZI Data      Debug   Object Name

       688        122          0         32          0      13394   6220pid.o
         0          0          0          0          0       1444   bsp_fdcan.o
        36          6          0          0          0        695   chassis.o
      1008         32          0          4       1720      77301   cmsis_os2.o
       608        184          0          0         12    1252897   drv_damiao6220.o
         0          0          0          0          0      24212   event_groups.o
       560         46          0          0        160       6650   fdcan.o
      1320        126        408         48         64      11934   freertos.o
       336         28          0          0          0       1828   gpio.o
       456         22          0         28      15360       5655   heap_4.o
       184         30          0          0         28       2850   ibus.o
      2230         54      14132        130          0      16337   lcd.o
       114          0          0          0          0       3133   list.o
       472         38       7000          9          0       4794   main.o
       924        104          0         28        176       6828   motor.o
       162          6          0          0          0       2894   pid.o
       802         84          0         12          0      11873   port.o
      2426         28          0          0         64      26879   queue.o
       408         40         26         16        136       2968   spi.o
        44         12        716          0       1024        840   startup_stm32h723xx.o
       156         32          0         12          0      23058   stm32h7xx_hal.o
       160         12          0          0          0      37918   stm32h7xx_hal_cortex.o
      1404         70          0          0          0       3983   stm32h7xx_hal_dma.o
      2960         50         92          0          0      23000   stm32h7xx_hal_fdcan.o
       340         40          0          0         28      13882   stm32h7xx_hal_flash.o
       268         20          0          0          0       4545   stm32h7xx_hal_flash_ex.o
       592         46          0          0          0       3630   stm32h7xx_hal_gpio.o
        36          4          0          0          0        954   stm32h7xx_hal_msp.o
        84          6          0          0          0        789   stm32h7xx_hal_pwr_ex.o
      2516        120          0          0          0       9524   stm32h7xx_hal_rcc.o
      3622        112          0          0          0       7833   stm32h7xx_hal_rcc_ex.o
      1216         14          0          0          0       4842   stm32h7xx_hal_spi.o
      2492        282          0          0          0      17298   stm32h7xx_hal_tim.o
       190         38          0          0          0       3284   stm32h7xx_hal_tim_ex.o
       132         22          0          0         76       1587   stm32h7xx_hal_timebase_tim.o
      4322        200         24          0          0      36016   stm32h7xx_hal_uart.o
       368          6         16          0          0       6448   stm32h7xx_hal_uart_ex.o
        68         24          0          0          0       5148   stm32h7xx_it.o
         0          0          0          0          0        384   stream_buffer.o
       244         38         16          8          0       2001   system_stm32h7xx.o
      2964        212          0         64       1220      35283   tasks.o
       404         42          0          0        152       3219   tim.o
       804         82          0         20        280      33614   timers.o
       528         52          0          0        296       4585   usart.o
       660         46          0          0         32       6182   zdt_x57_v2motor.o

    ----------------------------------------------------------------------
     39360       2532      22464        412      20848    1764413   Object Totals
         0          0         32          0          0          0   (incl. Generated)
        52          0          2          1         20          0   (incl. Padding)

    ----------------------------------------------------------------------

      Code (inc. data)   RO Data    RW Data    ZI Data      Debug   Library Member Name

        86          0          0          0          0          0   __dczerorl2.o
         0          0          0          0          0          0   entry.o
         0          0          0          0          0          0   entry10a.o
         0          0          0          0          0          0   entry11a.o
         4          0          0          0          0          0   entry12b.o
         8          4          0          0          0          0   entry2.o
         4          0          0          0          0          0   entry5.o
         0          0          0          0          0          0   entry7b.o
         0          0          0          0          0          0   entry8b.o
         8          4          0          0          0          0   entry9a.o
        30          0          0          0          0          0   handlers.o
        36          8          0          0          0         68   init.o
        30          0          0          0          0         68   llshl.o
        32          0          0          0          0         68   llushr.o
        36          0          0          0          0         68   memcpya.o
        36          0          0          0          0        108   memseta.o
      1192         60          0          0          0        504   printf8.o
         0          0          0          4          0          0   stdout.o
        98          0          0          0          0         92   uldiv.o

    ----------------------------------------------------------------------
      1600         76          0          4          0        976   Library Totals
         0          0          0          0          0          0   (incl. Padding)

    ----------------------------------------------------------------------

      Code (inc. data)   RO Data    RW Data    ZI Data      Debug   Library Name

      1600         76          0          4          0        976   mc_w.l

    ----------------------------------------------------------------------
      1600         76          0          4          0        976   Library Totals

    ----------------------------------------------------------------------

==============================================================================


      Code (inc. data)   RO Data    RW Data    ZI Data      Debug   

     40960       2608      22464        416      20848    1736905   Grand Totals
     40960       2608      22464         64      20848    1736905   ELF Image Totals (compressed)
     40960       2608      22464         64          0          0   ROM Totals

==============================================================================

    Total RO  Size (Code + RO Data)                63424 (  61.94kB)
    Total RW  Size (RW Data + ZI Data)             21264 (  20.77kB)
    Total ROM Size (Code + RO Data + RW Data)      63488 (  62.00kB)

==============================================================================

